Archive member included to satisfy reference by file (symbol)

../bathysphere_eclipse3_bsp/\libhal_bsp.a(alt_getchar.o)
                              obj/default/hello_world_small.o (alt_getchar)
../bathysphere_eclipse3_bsp/\libhal_bsp.a(alt_load.o)
                              ../bathysphere_eclipse3_bsp//obj/HAL/src/crt0.o (alt_load)
../bathysphere_eclipse3_bsp/\libhal_bsp.a(alt_main.o)
                              ../bathysphere_eclipse3_bsp//obj/HAL/src/crt0.o (alt_main)
../bathysphere_eclipse3_bsp/\libhal_bsp.a(alt_printf.o)
                              obj/default/hello_world_small.o (alt_printf)
../bathysphere_eclipse3_bsp/\libhal_bsp.a(alt_putchar.o)
                              ../bathysphere_eclipse3_bsp/\libhal_bsp.a(alt_printf.o) (alt_putchar)
../bathysphere_eclipse3_bsp/\libhal_bsp.a(alt_usleep.o)
                              obj/default/hello_world_small.o (usleep)
../bathysphere_eclipse3_bsp/\libhal_bsp.a(alt_sys_init.o)
                              ../bathysphere_eclipse3_bsp/\libhal_bsp.a(alt_main.o) (alt_irq_init)
../bathysphere_eclipse3_bsp/\libhal_bsp.a(altera_avalon_jtag_uart_read.o)
                              ../bathysphere_eclipse3_bsp/\libhal_bsp.a(alt_getchar.o) (altera_avalon_jtag_uart_read)
../bathysphere_eclipse3_bsp/\libhal_bsp.a(altera_avalon_jtag_uart_write.o)
                              ../bathysphere_eclipse3_bsp/\libhal_bsp.a(alt_putchar.o) (altera_avalon_jtag_uart_write)
../bathysphere_eclipse3_bsp/\libhal_bsp.a(alt_busy_sleep.o)
                              ../bathysphere_eclipse3_bsp/\libhal_bsp.a(alt_usleep.o) (alt_busy_sleep)
../bathysphere_eclipse3_bsp/\libhal_bsp.a(alt_dcache_flush_all.o)
                              ../bathysphere_eclipse3_bsp/\libhal_bsp.a(alt_load.o) (alt_dcache_flush_all)
../bathysphere_eclipse3_bsp/\libhal_bsp.a(alt_dev.o)
                              ../bathysphere_eclipse3_bsp/\libhal_bsp.a(alt_getchar.o) (alt_fd_list)
../bathysphere_eclipse3_bsp/\libhal_bsp.a(alt_icache_flush_all.o)
                              ../bathysphere_eclipse3_bsp/\libhal_bsp.a(alt_load.o) (alt_icache_flush_all)
../bathysphere_eclipse3_bsp/\libhal_bsp.a(altera_nios2_qsys_irq.o)
                              ../bathysphere_eclipse3_bsp/\libhal_bsp.a(alt_sys_init.o) (altera_nios2_qsys_irq_init)
c:/altera/15.1/nios2eds/bin/gnu/h-x86_64-mingw32/bin/../lib/gcc/nios2-elf/4.9.2/mno-hw-mul\libgcc.a(lib2-divmod.o)
                              ../bathysphere_eclipse3_bsp/\libhal_bsp.a(alt_busy_sleep.o) (__udivsi3)
c:/altera/15.1/nios2eds/bin/gnu/h-x86_64-mingw32/bin/../lib/gcc/nios2-elf/4.9.2/mno-hw-mul\libgcc.a(lib2-mul.o)
                              ../bathysphere_eclipse3_bsp/\libhal_bsp.a(alt_busy_sleep.o) (__mulsi3)

Memory Configuration

Name             Origin             Length             Attributes
reset            0x0000000000001000 0x0000000000000020
onchip_memory    0x0000000000001020 0x0000000000000fe0
*default*        0x0000000000000000 0xffffffffffffffff

Linker script and memory map

LOAD ../bathysphere_eclipse3_bsp//obj/HAL/src/crt0.o
LOAD obj/default/hello_world_small.o
LOAD c:/altera/15.1/nios2eds/bin/gnu/h-x86_64-mingw32/bin/../lib/gcc/nios2-elf/4.9.2/../../../../../H-x86_64-mingw32/nios2-elf/lib/mno-hw-mul\libstdc++.a
LOAD c:/altera/15.1/nios2eds/bin/gnu/h-x86_64-mingw32/bin/../lib/gcc/nios2-elf/4.9.2/../../../../../H-x86_64-mingw32/nios2-elf/lib/mno-hw-mul\libm.a
LOAD c:/altera/15.1/nios2eds/bin/gnu/h-x86_64-mingw32/bin/../lib/gcc/nios2-elf/4.9.2/mno-hw-mul\libgcc.a
START GROUP
LOAD c:/altera/15.1/nios2eds/bin/gnu/h-x86_64-mingw32/bin/../lib/gcc/nios2-elf/4.9.2/../../../../../H-x86_64-mingw32/nios2-elf/lib/mno-hw-mul\libsmallc.a
LOAD c:/altera/15.1/nios2eds/bin/gnu/h-x86_64-mingw32/bin/../lib/gcc/nios2-elf/4.9.2/mno-hw-mul\libgcc.a
LOAD ../bathysphere_eclipse3_bsp/\libhal_bsp.a
LOAD c:/altera/15.1/nios2eds/bin/gnu/h-x86_64-mingw32/bin/../lib/gcc/nios2-elf/4.9.2/../../../../../H-x86_64-mingw32/nios2-elf/lib/mno-hw-mul\libm.a
END GROUP
LOAD c:/altera/15.1/nios2eds/bin/gnu/h-x86_64-mingw32/bin/../lib/gcc/nios2-elf/4.9.2/mno-hw-mul\libgcc.a
                0x0000000000001000                __alt_mem_onchip_memory = 0x1000

.entry          0x0000000000001000       0x20
 *(.entry)
 .entry         0x0000000000001000       0x20 ../bathysphere_eclipse3_bsp//obj/HAL/src/crt0.o
                0x0000000000001000                __reset
                0x000000000000100c                _exit

.exceptions     0x0000000000001020        0x0
                0x0000000000001020                PROVIDE (__ram_exceptions_start, ABSOLUTE (.))
                0x0000000000001020                . = ALIGN (0x20)
 *(.irq)
 *(.exceptions.entry.label)
 *(.exceptions.entry.user)
 *(.exceptions.entry.ecc_fatal)
 *(.exceptions.entry)
 *(.exceptions.irqtest.user)
 *(.exceptions.irqtest)
 *(.exceptions.irqhandler.user)
 *(.exceptions.irqhandler)
 *(.exceptions.irqreturn.user)
 *(.exceptions.irqreturn)
 *(.exceptions.notirq.label)
 *(.exceptions.notirq.user)
 *(.exceptions.notirq)
 *(.exceptions.soft.user)
 *(.exceptions.soft)
 *(.exceptions.unknown.user)
 *(.exceptions.unknown)
 *(.exceptions.exit.label)
 *(.exceptions.exit.user)
 *(.exceptions.exit)
 *(.exceptions)
                0x0000000000001020                PROVIDE (__ram_exceptions_end, ABSOLUTE (.))
                0x0000000000001020                PROVIDE (__flash_exceptions_start, LOADADDR (.exceptions))

.text           0x0000000000001020      0xb3c
                0x0000000000001020                PROVIDE (stext, ABSOLUTE (.))
 *(.interp)
 *(.hash)
 *(.dynsym)
 *(.dynstr)
 *(.gnu.version)
 *(.gnu.version_d)
 *(.gnu.version_r)
 *(.rel.init)
 *(.rela.init)
 *(.rel.text .rel.text.* .rel.gnu.linkonce.t.*)
 *(.rela.text .rela.text.* .rela.gnu.linkonce.t.*)
 *(.rel.fini)
 *(.rela.fini)
 *(.rel.rodata .rel.rodata.* .rel.gnu.linkonce.r.*)
 *(.rela.rodata .rela.rodata.* .rela.gnu.linkonce.r.*)
 *(.rel.data .rel.data.* .rel.gnu.linkonce.d.*)
 *(.rela.data .rela.data.* .rela.gnu.linkonce.d.*)
 *(.rel.tdata .rel.tdata.* .rel.gnu.linkonce.td.*)
 *(.rela.tdata .rela.tdata.* .rela.gnu.linkonce.td.*)
 *(.rel.tbss .rel.tbss.* .rel.gnu.linkonce.tb.*)
 *(.rela.tbss .rela.tbss.* .rela.gnu.linkonce.tb.*)
 *(.rel.ctors)
 *(.rela.ctors)
 *(.rel.dtors)
 *(.rela.dtors)
 *(.rel.got)
 *(.rela.got)
 *(.rel.sdata .rel.sdata.* .rel.gnu.linkonce.s.*)
 *(.rela.sdata .rela.sdata.* .rela.gnu.linkonce.s.*)
 *(.rel.sbss .rel.sbss.* .rel.gnu.linkonce.sb.*)
 *(.rela.sbss .rela.sbss.* .rela.gnu.linkonce.sb.*)
 *(.rel.sdata2 .rel.sdata2.* .rel.gnu.linkonce.s2.*)
 *(.rela.sdata2 .rela.sdata2.* .rela.gnu.linkonce.s2.*)
 *(.rel.sbss2 .rel.sbss2.* .rel.gnu.linkonce.sb2.*)
 *(.rela.sbss2 .rela.sbss2.* .rela.gnu.linkonce.sb2.*)
 *(.rel.bss .rel.bss.* .rel.gnu.linkonce.b.*)
 *(.rela.bss .rela.bss.* .rela.gnu.linkonce.b.*)
 *(.rel.plt)
 *(.rela.plt)
 *(.rel.dyn)
 *(.init)
 *(.plt)
 *(.text .stub .text.* .gnu.linkonce.t.*)
 .text          0x0000000000001020       0x3c ../bathysphere_eclipse3_bsp//obj/HAL/src/crt0.o
                0x0000000000001020                _start
 .text          0x000000000000105c        0x0 obj/default/hello_world_small.o
 .text.startup  0x000000000000105c      0x538 obj/default/hello_world_small.o
                0x000000000000105c                main
 .text          0x0000000000001594       0x44 ../bathysphere_eclipse3_bsp/\libhal_bsp.a(alt_getchar.o)
                0x0000000000001594                alt_getchar
 .text          0x00000000000015d8       0xf8 ../bathysphere_eclipse3_bsp/\libhal_bsp.a(alt_load.o)
                0x00000000000015d8                alt_load
 .text          0x00000000000016d0       0x2c ../bathysphere_eclipse3_bsp/\libhal_bsp.a(alt_main.o)
                0x00000000000016d0                alt_main
 .text          0x00000000000016fc      0x16c ../bathysphere_eclipse3_bsp/\libhal_bsp.a(alt_printf.o)
                0x00000000000016fc                alt_printf
 .text          0x0000000000001868       0x48 ../bathysphere_eclipse3_bsp/\libhal_bsp.a(alt_putchar.o)
                0x0000000000001868                alt_putchar
 .text          0x00000000000018b0        0x4 ../bathysphere_eclipse3_bsp/\libhal_bsp.a(alt_usleep.o)
                0x00000000000018b0                usleep
 .text          0x00000000000018b4       0x24 ../bathysphere_eclipse3_bsp/\libhal_bsp.a(alt_sys_init.o)
                0x00000000000018b4                alt_irq_init
                0x00000000000018d4                alt_sys_init
 .text          0x00000000000018d8       0x5c ../bathysphere_eclipse3_bsp/\libhal_bsp.a(altera_avalon_jtag_uart_read.o)
                0x00000000000018d8                altera_avalon_jtag_uart_read
 .text          0x0000000000001934       0x34 ../bathysphere_eclipse3_bsp/\libhal_bsp.a(altera_avalon_jtag_uart_write.o)
                0x0000000000001934                altera_avalon_jtag_uart_write
 .text          0x0000000000001968       0x88 ../bathysphere_eclipse3_bsp/\libhal_bsp.a(alt_busy_sleep.o)
                0x0000000000001968                alt_busy_sleep
 .text          0x00000000000019f0        0x4 ../bathysphere_eclipse3_bsp/\libhal_bsp.a(alt_dcache_flush_all.o)
                0x00000000000019f0                alt_dcache_flush_all
 .text          0x00000000000019f4        0x8 ../bathysphere_eclipse3_bsp/\libhal_bsp.a(alt_dev.o)
 .text          0x00000000000019fc        0x4 ../bathysphere_eclipse3_bsp/\libhal_bsp.a(alt_icache_flush_all.o)
                0x00000000000019fc                alt_icache_flush_all
 .text          0x0000000000001a00        0x8 ../bathysphere_eclipse3_bsp/\libhal_bsp.a(altera_nios2_qsys_irq.o)
                0x0000000000001a00                altera_nios2_qsys_irq_init
 .text          0x0000000000001a08      0x12c c:/altera/15.1/nios2eds/bin/gnu/h-x86_64-mingw32/bin/../lib/gcc/nios2-elf/4.9.2/mno-hw-mul\libgcc.a(lib2-divmod.o)
                0x0000000000001a74                __divsi3
                0x0000000000001ac8                __modsi3
                0x0000000000001b24                __udivsi3
                0x0000000000001b2c                __umodsi3
 .text          0x0000000000001b34       0x28 c:/altera/15.1/nios2eds/bin/gnu/h-x86_64-mingw32/bin/../lib/gcc/nios2-elf/4.9.2/mno-hw-mul\libgcc.a(lib2-mul.o)
                0x0000000000001b34                __mulsi3
 *(.gnu.warning.*)
 *(.fini)
                0x0000000000001b5c                PROVIDE (__etext, ABSOLUTE (.))
                0x0000000000001b5c                PROVIDE (_etext, ABSOLUTE (.))
                0x0000000000001b5c                PROVIDE (etext, ABSOLUTE (.))
 *(.eh_frame_hdr)
                0x0000000000001b5c                . = ALIGN (0x4)
                0x0000000000001b5c                PROVIDE (__preinit_array_start, ABSOLUTE (.))
 *(.preinit_array)
                0x0000000000001b5c                PROVIDE (__preinit_array_end, ABSOLUTE (.))
                0x0000000000001b5c                PROVIDE (__init_array_start, ABSOLUTE (.))
 *(.init_array)
                0x0000000000001b5c                PROVIDE (__init_array_end, ABSOLUTE (.))
                0x0000000000001b5c                PROVIDE (__fini_array_start, ABSOLUTE (.))
 *(.fini_array)
                0x0000000000001b5c                PROVIDE (__fini_array_end, ABSOLUTE (.))
 *(.eh_frame)
 *(.gcc_except_table .gcc_except_table.*)
 *(.dynamic)
                0x0000000000001b5c                PROVIDE (__CTOR_LIST__, ABSOLUTE (.))
 *(.ctors)
 *(SORT(.ctors.*))
                0x0000000000001b5c                PROVIDE (__CTOR_END__, ABSOLUTE (.))
                0x0000000000001b5c                PROVIDE (__DTOR_LIST__, ABSOLUTE (.))
 *(.dtors)
 *(SORT(.dtors.*))
                0x0000000000001b5c                PROVIDE (__DTOR_END__, ABSOLUTE (.))
 *(.jcr)
                0x0000000000001b5c                . = ALIGN (0x4)

.rodata         0x0000000000001b5c      0x2e8
                0x0000000000001b5c                PROVIDE (__ram_rodata_start, ABSOLUTE (.))
                0x0000000000001b5c                . = ALIGN (0x4)
 *(.rodata .rodata.* .gnu.linkonce.r.*)
 .rodata.str1.4
                0x0000000000001b5c      0x2db obj/default/hello_world_small.o
                                        0x2dc (size before relaxing)
 *fill*         0x0000000000001e37        0x1 
 .rodata.str1.4
                0x0000000000001e38        0xc ../bathysphere_eclipse3_bsp/\libhal_bsp.a(alt_dev.o)
 *(.rodata1)
                0x0000000000001e44                . = ALIGN (0x4)
                0x0000000000001e44                PROVIDE (__ram_rodata_end, ABSOLUTE (.))
                0x0000000000001b5c                PROVIDE (__flash_rodata_start, LOADADDR (.rodata))

.rwdata         0x0000000000001e44       0x70 load address 0x0000000000001eb4
                0x0000000000001e44                PROVIDE (__ram_rwdata_start, ABSOLUTE (.))
                0x0000000000001e44                . = ALIGN (0x4)
 *(.got.plt)
 *(.got)
 *(.data1)
 *(.data .data.* .gnu.linkonce.d.*)
 .data          0x0000000000001e44        0x0 ../bathysphere_eclipse3_bsp//obj/HAL/src/crt0.o
 .data          0x0000000000001e44        0x0 obj/default/hello_world_small.o
 .data          0x0000000000001e44        0x0 ../bathysphere_eclipse3_bsp/\libhal_bsp.a(alt_getchar.o)
 .data          0x0000000000001e44        0x0 ../bathysphere_eclipse3_bsp/\libhal_bsp.a(alt_load.o)
 .data          0x0000000000001e44        0x0 ../bathysphere_eclipse3_bsp/\libhal_bsp.a(alt_main.o)
 .data          0x0000000000001e44        0x0 ../bathysphere_eclipse3_bsp/\libhal_bsp.a(alt_printf.o)
 .data          0x0000000000001e44        0x0 ../bathysphere_eclipse3_bsp/\libhal_bsp.a(alt_putchar.o)
 .data          0x0000000000001e44        0x0 ../bathysphere_eclipse3_bsp/\libhal_bsp.a(alt_usleep.o)
 .data          0x0000000000001e44        0x0 ../bathysphere_eclipse3_bsp/\libhal_bsp.a(alt_sys_init.o)
 .data          0x0000000000001e44        0x0 ../bathysphere_eclipse3_bsp/\libhal_bsp.a(altera_avalon_jtag_uart_read.o)
 .data          0x0000000000001e44        0x0 ../bathysphere_eclipse3_bsp/\libhal_bsp.a(altera_avalon_jtag_uart_write.o)
 .data          0x0000000000001e44        0x0 ../bathysphere_eclipse3_bsp/\libhal_bsp.a(alt_busy_sleep.o)
 .data          0x0000000000001e44        0x0 ../bathysphere_eclipse3_bsp/\libhal_bsp.a(alt_dcache_flush_all.o)
 .data          0x0000000000001e44       0x58 ../bathysphere_eclipse3_bsp/\libhal_bsp.a(alt_dev.o)
                0x0000000000001e44                alt_fd_list
                0x0000000000001e74                alt_dev_null
 .data          0x0000000000001e9c        0x0 ../bathysphere_eclipse3_bsp/\libhal_bsp.a(alt_icache_flush_all.o)
 .data          0x0000000000001e9c        0x0 ../bathysphere_eclipse3_bsp/\libhal_bsp.a(altera_nios2_qsys_irq.o)
 .data          0x0000000000001e9c        0x0 c:/altera/15.1/nios2eds/bin/gnu/h-x86_64-mingw32/bin/../lib/gcc/nios2-elf/4.9.2/mno-hw-mul\libgcc.a(lib2-divmod.o)
 .data          0x0000000000001e9c        0x0 c:/altera/15.1/nios2eds/bin/gnu/h-x86_64-mingw32/bin/../lib/gcc/nios2-elf/4.9.2/mno-hw-mul\libgcc.a(lib2-mul.o)
                0x0000000000009e9c                _gp = ABSOLUTE ((. + 0x8000))
                0x0000000000009e9c                PROVIDE (gp, _gp)
 *(.rwdata .rwdata.*)
 *(.sdata .sdata.* .gnu.linkonce.s.*)
 .sdata         0x0000000000001e9c        0x4 ../bathysphere_eclipse3_bsp/\libhal_bsp.a(alt_sys_init.o)
                0x0000000000001e9c                jtag_uart
 .sdata         0x0000000000001ea0       0x14 ../bathysphere_eclipse3_bsp/\libhal_bsp.a(alt_dev.o)
                0x0000000000001ea0                alt_max_fd
                0x0000000000001ea4                alt_dev_list
                0x0000000000001eac                alt_fs_list
 *(.sdata2 .sdata2.* .gnu.linkonce.s2.*)
                0x0000000000001eb4                . = ALIGN (0x4)
                0x0000000000001eb4                _edata = ABSOLUTE (.)
                0x0000000000001eb4                PROVIDE (edata, ABSOLUTE (.))
                0x0000000000001eb4                PROVIDE (__ram_rwdata_end, ABSOLUTE (.))
                0x0000000000001eb4                PROVIDE (__flash_rwdata_start, LOADADDR (.rwdata))

.bss            0x0000000000001f24        0xc
                0x0000000000001f24                __bss_start = ABSOLUTE (.)
                0x0000000000001f24                PROVIDE (__sbss_start, ABSOLUTE (.))
                0x0000000000001f24                PROVIDE (___sbss_start, ABSOLUTE (.))
 *(.dynsbss)
 *(.sbss .sbss.* .gnu.linkonce.sb.*)
 .sbss          0x0000000000001f24        0xc ../bathysphere_eclipse3_bsp/\libhal_bsp.a(alt_main.o)
                0x0000000000001f24                alt_envp
                0x0000000000001f28                alt_argv
                0x0000000000001f2c                alt_argc
 *(.sbss2 .sbss2.* .gnu.linkonce.sb2.*)
 *(.scommon)
                0x0000000000001f30                PROVIDE (__sbss_end, ABSOLUTE (.))
                0x0000000000001f30                PROVIDE (___sbss_end, ABSOLUTE (.))
 *(.dynbss)
 *(.bss .bss.* .gnu.linkonce.b.*)
 .bss           0x0000000000001f30        0x0 ../bathysphere_eclipse3_bsp//obj/HAL/src/crt0.o
 .bss           0x0000000000001f30        0x0 obj/default/hello_world_small.o
 .bss           0x0000000000001f30        0x0 ../bathysphere_eclipse3_bsp/\libhal_bsp.a(alt_getchar.o)
 .bss           0x0000000000001f30        0x0 ../bathysphere_eclipse3_bsp/\libhal_bsp.a(alt_load.o)
 .bss           0x0000000000001f30        0x0 ../bathysphere_eclipse3_bsp/\libhal_bsp.a(alt_main.o)
 .bss           0x0000000000001f30        0x0 ../bathysphere_eclipse3_bsp/\libhal_bsp.a(alt_printf.o)
 .bss           0x0000000000001f30        0x0 ../bathysphere_eclipse3_bsp/\libhal_bsp.a(alt_putchar.o)
 .bss           0x0000000000001f30        0x0 ../bathysphere_eclipse3_bsp/\libhal_bsp.a(alt_usleep.o)
 .bss           0x0000000000001f30        0x0 ../bathysphere_eclipse3_bsp/\libhal_bsp.a(alt_sys_init.o)
 .bss           0x0000000000001f30        0x0 ../bathysphere_eclipse3_bsp/\libhal_bsp.a(altera_avalon_jtag_uart_read.o)
 .bss           0x0000000000001f30        0x0 ../bathysphere_eclipse3_bsp/\libhal_bsp.a(altera_avalon_jtag_uart_write.o)
 .bss           0x0000000000001f30        0x0 ../bathysphere_eclipse3_bsp/\libhal_bsp.a(alt_busy_sleep.o)
 .bss           0x0000000000001f30        0x0 ../bathysphere_eclipse3_bsp/\libhal_bsp.a(alt_dcache_flush_all.o)
 .bss           0x0000000000001f30        0x0 ../bathysphere_eclipse3_bsp/\libhal_bsp.a(alt_dev.o)
 .bss           0x0000000000001f30        0x0 ../bathysphere_eclipse3_bsp/\libhal_bsp.a(alt_icache_flush_all.o)
 .bss           0x0000000000001f30        0x0 ../bathysphere_eclipse3_bsp/\libhal_bsp.a(altera_nios2_qsys_irq.o)
 .bss           0x0000000000001f30        0x0 c:/altera/15.1/nios2eds/bin/gnu/h-x86_64-mingw32/bin/../lib/gcc/nios2-elf/4.9.2/mno-hw-mul\libgcc.a(lib2-divmod.o)
 .bss           0x0000000000001f30        0x0 c:/altera/15.1/nios2eds/bin/gnu/h-x86_64-mingw32/bin/../lib/gcc/nios2-elf/4.9.2/mno-hw-mul\libgcc.a(lib2-mul.o)
 *(COMMON)
                0x0000000000001f30                . = ALIGN (0x4)
                0x0000000000001f30                __bss_end = ABSOLUTE (.)

.onchip_memory  0x0000000000001f30        0x0
                0x0000000000001f30                PROVIDE (_alt_partition_onchip_memory_start, ABSOLUTE (.))
 *(.onchip_memory .onchip_memory. onchip_memory.*)
                0x0000000000001f30                . = ALIGN (0x4)
                0x0000000000001f30                PROVIDE (_alt_partition_onchip_memory_end, ABSOLUTE (.))
                0x0000000000001f30                _end = ABSOLUTE (.)
                0x0000000000001f30                end = ABSOLUTE (.)
                0x0000000000001f30                __alt_stack_base = ABSOLUTE (.)
                0x0000000000001f30                PROVIDE (_alt_partition_onchip_memory_load_addr, LOADADDR (.onchip_memory))

.stab
 *(.stab)

.stabstr
 *(.stabstr)

.stab.excl
 *(.stab.excl)

.stab.exclstr
 *(.stab.exclstr)

.stab.index
 *(.stab.index)

.stab.indexstr
 *(.stab.indexstr)

.comment        0x0000000000000000       0x23
 *(.comment)
 .comment       0x0000000000000000       0x23 obj/default/hello_world_small.o
                                         0x24 (size before relaxing)
 .comment       0x0000000000000000       0x24 ../bathysphere_eclipse3_bsp/\libhal_bsp.a(alt_getchar.o)
 .comment       0x0000000000000000       0x24 ../bathysphere_eclipse3_bsp/\libhal_bsp.a(alt_load.o)
 .comment       0x0000000000000000       0x24 ../bathysphere_eclipse3_bsp/\libhal_bsp.a(alt_main.o)
 .comment       0x0000000000000000       0x24 ../bathysphere_eclipse3_bsp/\libhal_bsp.a(alt_printf.o)
 .comment       0x0000000000000000       0x24 ../bathysphere_eclipse3_bsp/\libhal_bsp.a(alt_putchar.o)
 .comment       0x0000000000000000       0x24 ../bathysphere_eclipse3_bsp/\libhal_bsp.a(alt_usleep.o)
 .comment       0x0000000000000000       0x24 ../bathysphere_eclipse3_bsp/\libhal_bsp.a(alt_sys_init.o)
 .comment       0x0000000000000000       0x24 ../bathysphere_eclipse3_bsp/\libhal_bsp.a(altera_avalon_jtag_uart_read.o)
 .comment       0x0000000000000000       0x24 ../bathysphere_eclipse3_bsp/\libhal_bsp.a(altera_avalon_jtag_uart_write.o)
 .comment       0x0000000000000000       0x24 ../bathysphere_eclipse3_bsp/\libhal_bsp.a(alt_busy_sleep.o)
 .comment       0x0000000000000000       0x24 ../bathysphere_eclipse3_bsp/\libhal_bsp.a(alt_dcache_flush_all.o)
 .comment       0x0000000000000000       0x24 ../bathysphere_eclipse3_bsp/\libhal_bsp.a(alt_dev.o)
 .comment       0x0000000000000000       0x24 ../bathysphere_eclipse3_bsp/\libhal_bsp.a(alt_icache_flush_all.o)
 .comment       0x0000000000000000       0x24 ../bathysphere_eclipse3_bsp/\libhal_bsp.a(altera_nios2_qsys_irq.o)
 .comment       0x0000000000000000       0x24 c:/altera/15.1/nios2eds/bin/gnu/h-x86_64-mingw32/bin/../lib/gcc/nios2-elf/4.9.2/mno-hw-mul\libgcc.a(lib2-divmod.o)
 .comment       0x0000000000000000       0x24 c:/altera/15.1/nios2eds/bin/gnu/h-x86_64-mingw32/bin/../lib/gcc/nios2-elf/4.9.2/mno-hw-mul\libgcc.a(lib2-mul.o)

.debug
 *(.debug)

.line
 *(.line)

.debug_srcinfo
 *(.debug_srcinfo)

.debug_sfnames
 *(.debug_sfnames)

.debug_aranges  0x0000000000000000      0x248
 *(.debug_aranges)
 .debug_aranges
                0x0000000000000000       0x28 ../bathysphere_eclipse3_bsp//obj/HAL/src/crt0.o
 .debug_aranges
                0x0000000000000028       0x20 obj/default/hello_world_small.o
 .debug_aranges
                0x0000000000000048       0x20 ../bathysphere_eclipse3_bsp/\libhal_bsp.a(alt_getchar.o)
 .debug_aranges
                0x0000000000000068       0x20 ../bathysphere_eclipse3_bsp/\libhal_bsp.a(alt_load.o)
 .debug_aranges
                0x0000000000000088       0x20 ../bathysphere_eclipse3_bsp/\libhal_bsp.a(alt_main.o)
 .debug_aranges
                0x00000000000000a8       0x20 ../bathysphere_eclipse3_bsp/\libhal_bsp.a(alt_printf.o)
 .debug_aranges
                0x00000000000000c8       0x20 ../bathysphere_eclipse3_bsp/\libhal_bsp.a(alt_putchar.o)
 .debug_aranges
                0x00000000000000e8       0x20 ../bathysphere_eclipse3_bsp/\libhal_bsp.a(alt_usleep.o)
 .debug_aranges
                0x0000000000000108       0x20 ../bathysphere_eclipse3_bsp/\libhal_bsp.a(alt_sys_init.o)
 .debug_aranges
                0x0000000000000128       0x20 ../bathysphere_eclipse3_bsp/\libhal_bsp.a(altera_avalon_jtag_uart_read.o)
 .debug_aranges
                0x0000000000000148       0x20 ../bathysphere_eclipse3_bsp/\libhal_bsp.a(altera_avalon_jtag_uart_write.o)
 .debug_aranges
                0x0000000000000168       0x20 ../bathysphere_eclipse3_bsp/\libhal_bsp.a(alt_busy_sleep.o)
 .debug_aranges
                0x0000000000000188       0x20 ../bathysphere_eclipse3_bsp/\libhal_bsp.a(alt_dcache_flush_all.o)
 .debug_aranges
                0x00000000000001a8       0x20 ../bathysphere_eclipse3_bsp/\libhal_bsp.a(alt_dev.o)
 .debug_aranges
                0x00000000000001c8       0x20 ../bathysphere_eclipse3_bsp/\libhal_bsp.a(alt_icache_flush_all.o)
 .debug_aranges
                0x00000000000001e8       0x20 ../bathysphere_eclipse3_bsp/\libhal_bsp.a(altera_nios2_qsys_irq.o)
 .debug_aranges
                0x0000000000000208       0x20 c:/altera/15.1/nios2eds/bin/gnu/h-x86_64-mingw32/bin/../lib/gcc/nios2-elf/4.9.2/mno-hw-mul\libgcc.a(lib2-divmod.o)
 .debug_aranges
                0x0000000000000228       0x20 c:/altera/15.1/nios2eds/bin/gnu/h-x86_64-mingw32/bin/../lib/gcc/nios2-elf/4.9.2/mno-hw-mul\libgcc.a(lib2-mul.o)

.debug_pubnames
 *(.debug_pubnames)

.debug_info     0x0000000000000000     0x20ed
 *(.debug_info .gnu.linkonce.wi.*)
 .debug_info    0x0000000000000000       0x87 ../bathysphere_eclipse3_bsp//obj/HAL/src/crt0.o
 .debug_info    0x0000000000000087      0x7f8 obj/default/hello_world_small.o
 .debug_info    0x000000000000087f      0x33b ../bathysphere_eclipse3_bsp/\libhal_bsp.a(alt_getchar.o)
 .debug_info    0x0000000000000bba      0x1ba ../bathysphere_eclipse3_bsp/\libhal_bsp.a(alt_load.o)
 .debug_info    0x0000000000000d74      0x17b ../bathysphere_eclipse3_bsp/\libhal_bsp.a(alt_main.o)
 .debug_info    0x0000000000000eef      0x153 ../bathysphere_eclipse3_bsp/\libhal_bsp.a(alt_printf.o)
 .debug_info    0x0000000000001042      0x138 ../bathysphere_eclipse3_bsp/\libhal_bsp.a(alt_putchar.o)
 .debug_info    0x000000000000117a       0xd0 ../bathysphere_eclipse3_bsp/\libhal_bsp.a(alt_usleep.o)
 .debug_info    0x000000000000124a      0x17a ../bathysphere_eclipse3_bsp/\libhal_bsp.a(alt_sys_init.o)
 .debug_info    0x00000000000013c4      0x1ad ../bathysphere_eclipse3_bsp/\libhal_bsp.a(altera_avalon_jtag_uart_read.o)
 .debug_info    0x0000000000001571      0x190 ../bathysphere_eclipse3_bsp/\libhal_bsp.a(altera_avalon_jtag_uart_write.o)
 .debug_info    0x0000000000001701       0xd1 ../bathysphere_eclipse3_bsp/\libhal_bsp.a(alt_busy_sleep.o)
 .debug_info    0x00000000000017d2       0x8b ../bathysphere_eclipse3_bsp/\libhal_bsp.a(alt_dcache_flush_all.o)
 .debug_info    0x000000000000185d      0x492 ../bathysphere_eclipse3_bsp/\libhal_bsp.a(alt_dev.o)
 .debug_info    0x0000000000001cef       0x8b ../bathysphere_eclipse3_bsp/\libhal_bsp.a(alt_icache_flush_all.o)
 .debug_info    0x0000000000001d7a       0x8b ../bathysphere_eclipse3_bsp/\libhal_bsp.a(altera_nios2_qsys_irq.o)
 .debug_info    0x0000000000001e05      0x234 c:/altera/15.1/nios2eds/bin/gnu/h-x86_64-mingw32/bin/../lib/gcc/nios2-elf/4.9.2/mno-hw-mul\libgcc.a(lib2-divmod.o)
 .debug_info    0x0000000000002039       0xb4 c:/altera/15.1/nios2eds/bin/gnu/h-x86_64-mingw32/bin/../lib/gcc/nios2-elf/4.9.2/mno-hw-mul\libgcc.a(lib2-mul.o)

.debug_abbrev   0x0000000000000000      0xcb2
 *(.debug_abbrev)
 .debug_abbrev  0x0000000000000000       0x12 ../bathysphere_eclipse3_bsp//obj/HAL/src/crt0.o
 .debug_abbrev  0x0000000000000012       0xef obj/default/hello_world_small.o
 .debug_abbrev  0x0000000000000101      0x11f ../bathysphere_eclipse3_bsp/\libhal_bsp.a(alt_getchar.o)
 .debug_abbrev  0x0000000000000220       0xd8 ../bathysphere_eclipse3_bsp/\libhal_bsp.a(alt_load.o)
 .debug_abbrev  0x00000000000002f8      0x120 ../bathysphere_eclipse3_bsp/\libhal_bsp.a(alt_main.o)
 .debug_abbrev  0x0000000000000418       0xde ../bathysphere_eclipse3_bsp/\libhal_bsp.a(alt_printf.o)
 .debug_abbrev  0x00000000000004f6       0xd4 ../bathysphere_eclipse3_bsp/\libhal_bsp.a(alt_putchar.o)
 .debug_abbrev  0x00000000000005ca       0x96 ../bathysphere_eclipse3_bsp/\libhal_bsp.a(alt_usleep.o)
 .debug_abbrev  0x0000000000000660      0x107 ../bathysphere_eclipse3_bsp/\libhal_bsp.a(alt_sys_init.o)
 .debug_abbrev  0x0000000000000767      0x102 ../bathysphere_eclipse3_bsp/\libhal_bsp.a(altera_avalon_jtag_uart_read.o)
 .debug_abbrev  0x0000000000000869       0xd5 ../bathysphere_eclipse3_bsp/\libhal_bsp.a(altera_avalon_jtag_uart_write.o)
 .debug_abbrev  0x000000000000093e       0x8d ../bathysphere_eclipse3_bsp/\libhal_bsp.a(alt_busy_sleep.o)
 .debug_abbrev  0x00000000000009cb       0x42 ../bathysphere_eclipse3_bsp/\libhal_bsp.a(alt_dcache_flush_all.o)
 .debug_abbrev  0x0000000000000a0d       0xd9 ../bathysphere_eclipse3_bsp/\libhal_bsp.a(alt_dev.o)
 .debug_abbrev  0x0000000000000ae6       0x42 ../bathysphere_eclipse3_bsp/\libhal_bsp.a(alt_icache_flush_all.o)
 .debug_abbrev  0x0000000000000b28       0x42 ../bathysphere_eclipse3_bsp/\libhal_bsp.a(altera_nios2_qsys_irq.o)
 .debug_abbrev  0x0000000000000b6a       0xd9 c:/altera/15.1/nios2eds/bin/gnu/h-x86_64-mingw32/bin/../lib/gcc/nios2-elf/4.9.2/mno-hw-mul\libgcc.a(lib2-divmod.o)
 .debug_abbrev  0x0000000000000c43       0x6f c:/altera/15.1/nios2eds/bin/gnu/h-x86_64-mingw32/bin/../lib/gcc/nios2-elf/4.9.2/mno-hw-mul\libgcc.a(lib2-mul.o)

.debug_line     0x0000000000000000      0xd03
 *(.debug_line)
 .debug_line    0x0000000000000000       0x66 ../bathysphere_eclipse3_bsp//obj/HAL/src/crt0.o
 .debug_line    0x0000000000000066      0x192 obj/default/hello_world_small.o
 .debug_line    0x00000000000001f8       0xb7 ../bathysphere_eclipse3_bsp/\libhal_bsp.a(alt_getchar.o)
 .debug_line    0x00000000000002af       0xa6 ../bathysphere_eclipse3_bsp/\libhal_bsp.a(alt_load.o)
 .debug_line    0x0000000000000355       0xbd ../bathysphere_eclipse3_bsp/\libhal_bsp.a(alt_main.o)
 .debug_line    0x0000000000000412      0x108 ../bathysphere_eclipse3_bsp/\libhal_bsp.a(alt_printf.o)
 .debug_line    0x000000000000051a       0x55 ../bathysphere_eclipse3_bsp/\libhal_bsp.a(alt_putchar.o)
 .debug_line    0x000000000000056f       0xc7 ../bathysphere_eclipse3_bsp/\libhal_bsp.a(alt_usleep.o)
 .debug_line    0x0000000000000636      0x101 ../bathysphere_eclipse3_bsp/\libhal_bsp.a(alt_sys_init.o)
 .debug_line    0x0000000000000737       0xfb ../bathysphere_eclipse3_bsp/\libhal_bsp.a(altera_avalon_jtag_uart_read.o)
 .debug_line    0x0000000000000832       0xf0 ../bathysphere_eclipse3_bsp/\libhal_bsp.a(altera_avalon_jtag_uart_write.o)
 .debug_line    0x0000000000000922       0xc0 ../bathysphere_eclipse3_bsp/\libhal_bsp.a(alt_busy_sleep.o)
 .debug_line    0x00000000000009e2       0x4e ../bathysphere_eclipse3_bsp/\libhal_bsp.a(alt_dcache_flush_all.o)
 .debug_line    0x0000000000000a30       0xee ../bathysphere_eclipse3_bsp/\libhal_bsp.a(alt_dev.o)
 .debug_line    0x0000000000000b1e       0x4e ../bathysphere_eclipse3_bsp/\libhal_bsp.a(alt_icache_flush_all.o)
 .debug_line    0x0000000000000b6c       0x50 ../bathysphere_eclipse3_bsp/\libhal_bsp.a(altera_nios2_qsys_irq.o)
 .debug_line    0x0000000000000bbc       0xc7 c:/altera/15.1/nios2eds/bin/gnu/h-x86_64-mingw32/bin/../lib/gcc/nios2-elf/4.9.2/mno-hw-mul\libgcc.a(lib2-divmod.o)
 .debug_line    0x0000000000000c83       0x80 c:/altera/15.1/nios2eds/bin/gnu/h-x86_64-mingw32/bin/../lib/gcc/nios2-elf/4.9.2/mno-hw-mul\libgcc.a(lib2-mul.o)

.debug_frame    0x0000000000000000      0x33c
 *(.debug_frame)
 .debug_frame   0x0000000000000000       0x38 obj/default/hello_world_small.o
 .debug_frame   0x0000000000000038       0x2c ../bathysphere_eclipse3_bsp/\libhal_bsp.a(alt_getchar.o)
 .debug_frame   0x0000000000000064       0x30 ../bathysphere_eclipse3_bsp/\libhal_bsp.a(alt_load.o)
 .debug_frame   0x0000000000000094       0x2c ../bathysphere_eclipse3_bsp/\libhal_bsp.a(alt_main.o)
 .debug_frame   0x00000000000000c0       0x54 ../bathysphere_eclipse3_bsp/\libhal_bsp.a(alt_printf.o)
 .debug_frame   0x0000000000000114       0x30 ../bathysphere_eclipse3_bsp/\libhal_bsp.a(alt_putchar.o)
 .debug_frame   0x0000000000000144       0x20 ../bathysphere_eclipse3_bsp/\libhal_bsp.a(alt_usleep.o)
 .debug_frame   0x0000000000000164       0x3c ../bathysphere_eclipse3_bsp/\libhal_bsp.a(alt_sys_init.o)
 .debug_frame   0x00000000000001a0       0x20 ../bathysphere_eclipse3_bsp/\libhal_bsp.a(altera_avalon_jtag_uart_read.o)
 .debug_frame   0x00000000000001c0       0x20 ../bathysphere_eclipse3_bsp/\libhal_bsp.a(altera_avalon_jtag_uart_write.o)
 .debug_frame   0x00000000000001e0       0x30 ../bathysphere_eclipse3_bsp/\libhal_bsp.a(alt_busy_sleep.o)
 .debug_frame   0x0000000000000210       0x20 ../bathysphere_eclipse3_bsp/\libhal_bsp.a(alt_dcache_flush_all.o)
 .debug_frame   0x0000000000000230       0x20 ../bathysphere_eclipse3_bsp/\libhal_bsp.a(alt_dev.o)
 .debug_frame   0x0000000000000250       0x20 ../bathysphere_eclipse3_bsp/\libhal_bsp.a(alt_icache_flush_all.o)
 .debug_frame   0x0000000000000270       0x20 ../bathysphere_eclipse3_bsp/\libhal_bsp.a(altera_nios2_qsys_irq.o)
 .debug_frame   0x0000000000000290       0x8c c:/altera/15.1/nios2eds/bin/gnu/h-x86_64-mingw32/bin/../lib/gcc/nios2-elf/4.9.2/mno-hw-mul\libgcc.a(lib2-divmod.o)
 .debug_frame   0x000000000000031c       0x20 c:/altera/15.1/nios2eds/bin/gnu/h-x86_64-mingw32/bin/../lib/gcc/nios2-elf/4.9.2/mno-hw-mul\libgcc.a(lib2-mul.o)

.debug_str      0x0000000000000000      0x973
 *(.debug_str)
 .debug_str     0x0000000000000000      0x198 obj/default/hello_world_small.o
                                        0x1d6 (size before relaxing)
 .debug_str     0x0000000000000198      0x146 ../bathysphere_eclipse3_bsp/\libhal_bsp.a(alt_getchar.o)
                                        0x232 (size before relaxing)
 .debug_str     0x00000000000002de      0x11b ../bathysphere_eclipse3_bsp/\libhal_bsp.a(alt_load.o)
                                        0x238 (size before relaxing)
 .debug_str     0x00000000000003f9       0x5e ../bathysphere_eclipse3_bsp/\libhal_bsp.a(alt_main.o)
                                        0x1b1 (size before relaxing)
 .debug_str     0x0000000000000457       0x59 ../bathysphere_eclipse3_bsp/\libhal_bsp.a(alt_printf.o)
                                        0x10e (size before relaxing)
 .debug_str     0x00000000000004b0       0x34 ../bathysphere_eclipse3_bsp/\libhal_bsp.a(alt_putchar.o)
                                        0x187 (size before relaxing)
 .debug_str     0x00000000000004e4       0x24 ../bathysphere_eclipse3_bsp/\libhal_bsp.a(alt_usleep.o)
                                        0x153 (size before relaxing)
 .debug_str     0x0000000000000508       0x86 ../bathysphere_eclipse3_bsp/\libhal_bsp.a(alt_sys_init.o)
                                        0x220 (size before relaxing)
 .debug_str     0x000000000000058e       0x3d ../bathysphere_eclipse3_bsp/\libhal_bsp.a(altera_avalon_jtag_uart_read.o)
                                        0x21b (size before relaxing)
 .debug_str     0x00000000000005cb       0x32 ../bathysphere_eclipse3_bsp/\libhal_bsp.a(altera_avalon_jtag_uart_write.o)
                                        0x211 (size before relaxing)
 .debug_str     0x00000000000005fd       0x33 ../bathysphere_eclipse3_bsp/\libhal_bsp.a(alt_busy_sleep.o)
                                        0x167 (size before relaxing)
 .debug_str     0x0000000000000630       0x1f ../bathysphere_eclipse3_bsp/\libhal_bsp.a(alt_dcache_flush_all.o)
                                        0x151 (size before relaxing)
 .debug_str     0x000000000000064f      0x120 ../bathysphere_eclipse3_bsp/\libhal_bsp.a(alt_dev.o)
                                        0x301 (size before relaxing)
 .debug_str     0x000000000000076f       0x1f ../bathysphere_eclipse3_bsp/\libhal_bsp.a(alt_icache_flush_all.o)
                                        0x151 (size before relaxing)
 .debug_str     0x000000000000078e       0x20 ../bathysphere_eclipse3_bsp/\libhal_bsp.a(altera_nios2_qsys_irq.o)
                                        0x158 (size before relaxing)
 .debug_str     0x00000000000007ae      0x185 c:/altera/15.1/nios2eds/bin/gnu/h-x86_64-mingw32/bin/../lib/gcc/nios2-elf/4.9.2/mno-hw-mul\libgcc.a(lib2-divmod.o)
                                        0x1d0 (size before relaxing)
 .debug_str     0x0000000000000933       0x40 c:/altera/15.1/nios2eds/bin/gnu/h-x86_64-mingw32/bin/../lib/gcc/nios2-elf/4.9.2/mno-hw-mul\libgcc.a(lib2-mul.o)
                                        0x191 (size before relaxing)

.debug_loc      0x0000000000000000      0x84f
 *(.debug_loc)
 .debug_loc     0x0000000000000000      0x156 obj/default/hello_world_small.o
 .debug_loc     0x0000000000000156      0x1c6 ../bathysphere_eclipse3_bsp/\libhal_bsp.a(alt_printf.o)
 .debug_loc     0x000000000000031c       0x2c ../bathysphere_eclipse3_bsp/\libhal_bsp.a(alt_putchar.o)
 .debug_loc     0x0000000000000348       0x21 ../bathysphere_eclipse3_bsp/\libhal_bsp.a(alt_usleep.o)
 .debug_loc     0x0000000000000369       0x21 ../bathysphere_eclipse3_bsp/\libhal_bsp.a(alt_sys_init.o)
 .debug_loc     0x000000000000038a       0xcd ../bathysphere_eclipse3_bsp/\libhal_bsp.a(altera_avalon_jtag_uart_read.o)
 .debug_loc     0x0000000000000457       0x8b ../bathysphere_eclipse3_bsp/\libhal_bsp.a(altera_avalon_jtag_uart_write.o)
 .debug_loc     0x00000000000004e2       0x67 ../bathysphere_eclipse3_bsp/\libhal_bsp.a(alt_busy_sleep.o)
 .debug_loc     0x0000000000000549      0x273 c:/altera/15.1/nios2eds/bin/gnu/h-x86_64-mingw32/bin/../lib/gcc/nios2-elf/4.9.2/mno-hw-mul\libgcc.a(lib2-divmod.o)
 .debug_loc     0x00000000000007bc       0x93 c:/altera/15.1/nios2eds/bin/gnu/h-x86_64-mingw32/bin/../lib/gcc/nios2-elf/4.9.2/mno-hw-mul\libgcc.a(lib2-mul.o)

.debug_macinfo
 *(.debug_macinfo)

.debug_weaknames
 *(.debug_weaknames)

.debug_funcnames
 *(.debug_funcnames)

.debug_typenames
 *(.debug_typenames)

.debug_varnames
 *(.debug_varnames)

.debug_alt_sim_info
                0x0000000000000000       0x40
 *(.debug_alt_sim_info)
 .debug_alt_sim_info
                0x0000000000000000       0x10 ../bathysphere_eclipse3_bsp//obj/HAL/src/crt0.o
 .debug_alt_sim_info
                0x0000000000000010       0x30 ../bathysphere_eclipse3_bsp/\libhal_bsp.a(alt_busy_sleep.o)
                0x0000000000002000                __alt_data_end = 0x2000
                0x0000000000002000                PROVIDE (__alt_stack_pointer, __alt_data_end)
                0x0000000000001f30                PROVIDE (__alt_stack_limit, __alt_stack_base)
                0x0000000000001f30                PROVIDE (__alt_heap_start, end)
                0x0000000000002000                PROVIDE (__alt_heap_limit, 0x2000)
OUTPUT(bathysphere_eclipse3.elf elf32-littlenios2)

.debug_ranges   0x0000000000000000       0xb0
 .debug_ranges  0x0000000000000000       0x20 ../bathysphere_eclipse3_bsp//obj/HAL/src/crt0.o
 .debug_ranges  0x0000000000000020       0x10 obj/default/hello_world_small.o
 .debug_ranges  0x0000000000000030       0x48 ../bathysphere_eclipse3_bsp/\libhal_bsp.a(alt_load.o)
 .debug_ranges  0x0000000000000078       0x18 ../bathysphere_eclipse3_bsp/\libhal_bsp.a(alt_printf.o)
 .debug_ranges  0x0000000000000090       0x20 ../bathysphere_eclipse3_bsp/\libhal_bsp.a(altera_avalon_jtag_uart_read.o)
