Archive member included to satisfy reference by file (symbol)

c:/altera/15.1/nios2eds/bin/gnu/h-x86_64-mingw32/bin/../lib/gcc/nios2-elf/4.9.2/../../../../../H-x86_64-mingw32/nios2-elf/lib/mno-hw-mul\libsmallc.a(lib_a-printf.o)
                              obj/default/hello_world_small.o (printf)
c:/altera/15.1/nios2eds/bin/gnu/h-x86_64-mingw32/bin/../lib/gcc/nios2-elf/4.9.2/../../../../../H-x86_64-mingw32/nios2-elf/lib/mno-hw-mul\libsmallc.a(lib_a-vfprintf.o)
                              c:/altera/15.1/nios2eds/bin/gnu/h-x86_64-mingw32/bin/../lib/gcc/nios2-elf/4.9.2/../../../../../H-x86_64-mingw32/nios2-elf/lib/mno-hw-mul\libsmallc.a(lib_a-printf.o) (___vfprintf_internal_r)
c:/altera/15.1/nios2eds/bin/gnu/h-x86_64-mingw32/bin/../lib/gcc/nios2-elf/4.9.2/../../../../../H-x86_64-mingw32/nios2-elf/lib/mno-hw-mul\libsmallc.a(lib_a-fvwrite_small_dev.o)
                              c:/altera/15.1/nios2eds/bin/gnu/h-x86_64-mingw32/bin/../lib/gcc/nios2-elf/4.9.2/../../../../../H-x86_64-mingw32/nios2-elf/lib/mno-hw-mul\libsmallc.a(lib_a-printf.o) (__sfvwrite_small_dev)
c:/altera/15.1/nios2eds/bin/gnu/h-x86_64-mingw32/bin/../lib/gcc/nios2-elf/4.9.2/../../../../../H-x86_64-mingw32/nios2-elf/lib/mno-hw-mul\libsmallc.a(lib_a-impure.o)
                              c:/altera/15.1/nios2eds/bin/gnu/h-x86_64-mingw32/bin/../lib/gcc/nios2-elf/4.9.2/../../../../../H-x86_64-mingw32/nios2-elf/lib/mno-hw-mul\libsmallc.a(lib_a-printf.o) (_impure_ptr)
c:/altera/15.1/nios2eds/bin/gnu/h-x86_64-mingw32/bin/../lib/gcc/nios2-elf/4.9.2/../../../../../H-x86_64-mingw32/nios2-elf/lib/mno-hw-mul\libsmallc.a(lib_a-strlen.o)
                              c:/altera/15.1/nios2eds/bin/gnu/h-x86_64-mingw32/bin/../lib/gcc/nios2-elf/4.9.2/../../../../../H-x86_64-mingw32/nios2-elf/lib/mno-hw-mul\libsmallc.a(lib_a-vfprintf.o) (strlen)
c:/altera/15.1/nios2eds/bin/gnu/h-x86_64-mingw32/bin/../lib/gcc/nios2-elf/4.9.2/../../../../../H-x86_64-mingw32/nios2-elf/lib/mno-hw-mul\libsmallc.a(lib_a-writer.o)
                              c:/altera/15.1/nios2eds/bin/gnu/h-x86_64-mingw32/bin/../lib/gcc/nios2-elf/4.9.2/../../../../../H-x86_64-mingw32/nios2-elf/lib/mno-hw-mul\libsmallc.a(lib_a-fvwrite_small_dev.o) (_write_r)
c:/altera/15.1/nios2eds/bin/gnu/h-x86_64-mingw32/bin/../lib/gcc/nios2-elf/4.9.2/../../../../../H-x86_64-mingw32/nios2-elf/lib/mno-hw-mul\libsmallc.a(lib_a-int_errno.o)
                              c:/altera/15.1/nios2eds/bin/gnu/h-x86_64-mingw32/bin/../lib/gcc/nios2-elf/4.9.2/../../../../../H-x86_64-mingw32/nios2-elf/lib/mno-hw-mul\libsmallc.a(lib_a-writer.o) (errno)
c:/altera/15.1/nios2eds/bin/gnu/h-x86_64-mingw32/bin/../lib/gcc/nios2-elf/4.9.2/mno-hw-mul\libgcc.a(lib2-divmod.o)
                              c:/altera/15.1/nios2eds/bin/gnu/h-x86_64-mingw32/bin/../lib/gcc/nios2-elf/4.9.2/../../../../../H-x86_64-mingw32/nios2-elf/lib/mno-hw-mul\libsmallc.a(lib_a-vfprintf.o) (__udivsi3)
c:/altera/15.1/nios2eds/bin/gnu/h-x86_64-mingw32/bin/../lib/gcc/nios2-elf/4.9.2/mno-hw-mul\libgcc.a(lib2-mul.o)
                              c:/altera/15.1/nios2eds/bin/gnu/h-x86_64-mingw32/bin/../lib/gcc/nios2-elf/4.9.2/../../../../../H-x86_64-mingw32/nios2-elf/lib/mno-hw-mul\libsmallc.a(lib_a-vfprintf.o) (__mulsi3)
../lights_and_switches_comp_bsp/\libhal_bsp.a(alt_getchar.o)
                              obj/default/hello_world_small.o (alt_getchar)
../lights_and_switches_comp_bsp/\libhal_bsp.a(alt_load.o)
                              ../lights_and_switches_comp_bsp//obj/HAL/src/crt0.o (alt_load)
../lights_and_switches_comp_bsp/\libhal_bsp.a(alt_main.o)
                              ../lights_and_switches_comp_bsp//obj/HAL/src/crt0.o (alt_main)
../lights_and_switches_comp_bsp/\libhal_bsp.a(alt_putstr.o)
                              obj/default/hello_world_small.o (alt_putstr)
../lights_and_switches_comp_bsp/\libhal_bsp.a(alt_write.o)
                              c:/altera/15.1/nios2eds/bin/gnu/h-x86_64-mingw32/bin/../lib/gcc/nios2-elf/4.9.2/../../../../../H-x86_64-mingw32/nios2-elf/lib/mno-hw-mul\libsmallc.a(lib_a-writer.o) (write)
../lights_and_switches_comp_bsp/\libhal_bsp.a(alt_sys_init.o)
                              ../lights_and_switches_comp_bsp/\libhal_bsp.a(alt_main.o) (alt_irq_init)
../lights_and_switches_comp_bsp/\libhal_bsp.a(altera_avalon_jtag_uart_read.o)
                              ../lights_and_switches_comp_bsp/\libhal_bsp.a(alt_getchar.o) (altera_avalon_jtag_uart_read)
../lights_and_switches_comp_bsp/\libhal_bsp.a(altera_avalon_jtag_uart_write.o)
                              ../lights_and_switches_comp_bsp/\libhal_bsp.a(alt_putstr.o) (altera_avalon_jtag_uart_write)
../lights_and_switches_comp_bsp/\libhal_bsp.a(alt_dcache_flush_all.o)
                              ../lights_and_switches_comp_bsp/\libhal_bsp.a(alt_load.o) (alt_dcache_flush_all)
../lights_and_switches_comp_bsp/\libhal_bsp.a(alt_dev.o)
                              ../lights_and_switches_comp_bsp/\libhal_bsp.a(alt_getchar.o) (alt_fd_list)
../lights_and_switches_comp_bsp/\libhal_bsp.a(alt_errno.o)
                              ../lights_and_switches_comp_bsp/\libhal_bsp.a(alt_write.o) (alt_errno)
../lights_and_switches_comp_bsp/\libhal_bsp.a(alt_icache_flush_all.o)
                              ../lights_and_switches_comp_bsp/\libhal_bsp.a(alt_load.o) (alt_icache_flush_all)
../lights_and_switches_comp_bsp/\libhal_bsp.a(altera_nios2_qsys_irq.o)
                              ../lights_and_switches_comp_bsp/\libhal_bsp.a(alt_sys_init.o) (altera_nios2_qsys_irq_init)

Allocating common symbols
Common symbol       size              file

errno               0x4               c:/altera/15.1/nios2eds/bin/gnu/h-x86_64-mingw32/bin/../lib/gcc/nios2-elf/4.9.2/../../../../../H-x86_64-mingw32/nios2-elf/lib/mno-hw-mul\libsmallc.a(lib_a-int_errno.o)

Memory Configuration

Name             Origin             Length             Attributes
reset            0x0000000000000000 0x0000000000000020
onchip_memory2_0 0x0000000000000020 0x0000000000000fe0
*default*        0x0000000000000000 0xffffffffffffffff

Linker script and memory map

LOAD ../lights_and_switches_comp_bsp//obj/HAL/src/crt0.o
LOAD obj/default/hello_world_small.o
LOAD c:/altera/15.1/nios2eds/bin/gnu/h-x86_64-mingw32/bin/../lib/gcc/nios2-elf/4.9.2/../../../../../H-x86_64-mingw32/nios2-elf/lib/mno-hw-mul\libstdc++.a
LOAD c:/altera/15.1/nios2eds/bin/gnu/h-x86_64-mingw32/bin/../lib/gcc/nios2-elf/4.9.2/../../../../../H-x86_64-mingw32/nios2-elf/lib/mno-hw-mul\libm.a
LOAD c:/altera/15.1/nios2eds/bin/gnu/h-x86_64-mingw32/bin/../lib/gcc/nios2-elf/4.9.2/mno-hw-mul\libgcc.a
START GROUP
LOAD c:/altera/15.1/nios2eds/bin/gnu/h-x86_64-mingw32/bin/../lib/gcc/nios2-elf/4.9.2/../../../../../H-x86_64-mingw32/nios2-elf/lib/mno-hw-mul\libsmallc.a
LOAD c:/altera/15.1/nios2eds/bin/gnu/h-x86_64-mingw32/bin/../lib/gcc/nios2-elf/4.9.2/mno-hw-mul\libgcc.a
LOAD ../lights_and_switches_comp_bsp/\libhal_bsp.a
END GROUP
LOAD c:/altera/15.1/nios2eds/bin/gnu/h-x86_64-mingw32/bin/../lib/gcc/nios2-elf/4.9.2/mno-hw-mul\libgcc.a
                0x0000000000000000                __alt_mem_onchip_memory2_0 = 0x0

.entry          0x0000000000000000       0x20
 *(.entry)
 .entry         0x0000000000000000       0x20 ../lights_and_switches_comp_bsp//obj/HAL/src/crt0.o
                0x0000000000000000                __reset
                0x000000000000000c                _exit

.exceptions     0x0000000000000020        0x0
                0x0000000000000020                PROVIDE (__ram_exceptions_start, ABSOLUTE (.))
                0x0000000000000020                . = ALIGN (0x20)
 *(.irq)
 *(.exceptions.entry.label)
 *(.exceptions.entry.user)
 *(.exceptions.entry.ecc_fatal)
 *(.exceptions.entry)
 *(.exceptions.irqtest.user)
 *(.exceptions.irqtest)
 *(.exceptions.irqhandler.user)
 *(.exceptions.irqhandler)
 *(.exceptions.irqreturn.user)
 *(.exceptions.irqreturn)
 *(.exceptions.notirq.label)
 *(.exceptions.notirq.user)
 *(.exceptions.notirq)
 *(.exceptions.soft.user)
 *(.exceptions.soft)
 *(.exceptions.unknown.user)
 *(.exceptions.unknown)
 *(.exceptions.exit.label)
 *(.exceptions.exit.user)
 *(.exceptions.exit)
 *(.exceptions)
                0x0000000000000020                PROVIDE (__ram_exceptions_end, ABSOLUTE (.))
                0x0000000000000020                PROVIDE (__flash_exceptions_start, LOADADDR (.exceptions))

.text           0x0000000000000020      0xc94
                0x0000000000000020                PROVIDE (stext, ABSOLUTE (.))
 *(.interp)
 *(.hash)
 *(.dynsym)
 *(.dynstr)
 *(.gnu.version)
 *(.gnu.version_d)
 *(.gnu.version_r)
 *(.rel.init)
 *(.rela.init)
 *(.rel.text .rel.text.* .rel.gnu.linkonce.t.*)
 *(.rela.text .rela.text.* .rela.gnu.linkonce.t.*)
 *(.rel.fini)
 *(.rela.fini)
 *(.rel.rodata .rel.rodata.* .rel.gnu.linkonce.r.*)
 *(.rela.rodata .rela.rodata.* .rela.gnu.linkonce.r.*)
 *(.rel.data .rel.data.* .rel.gnu.linkonce.d.*)
 *(.rela.data .rela.data.* .rela.gnu.linkonce.d.*)
 *(.rel.tdata .rel.tdata.* .rel.gnu.linkonce.td.*)
 *(.rela.tdata .rela.tdata.* .rela.gnu.linkonce.td.*)
 *(.rel.tbss .rel.tbss.* .rel.gnu.linkonce.tb.*)
 *(.rela.tbss .rela.tbss.* .rela.gnu.linkonce.tb.*)
 *(.rel.ctors)
 *(.rela.ctors)
 *(.rel.dtors)
 *(.rela.dtors)
 *(.rel.got)
 *(.rela.got)
 *(.rel.sdata .rel.sdata.* .rel.gnu.linkonce.s.*)
 *(.rela.sdata .rela.sdata.* .rela.gnu.linkonce.s.*)
 *(.rel.sbss .rel.sbss.* .rel.gnu.linkonce.sb.*)
 *(.rela.sbss .rela.sbss.* .rela.gnu.linkonce.sb.*)
 *(.rel.sdata2 .rel.sdata2.* .rel.gnu.linkonce.s2.*)
 *(.rela.sdata2 .rela.sdata2.* .rela.gnu.linkonce.s2.*)
 *(.rel.sbss2 .rel.sbss2.* .rel.gnu.linkonce.sb2.*)
 *(.rela.sbss2 .rela.sbss2.* .rela.gnu.linkonce.sb2.*)
 *(.rel.bss .rel.bss.* .rel.gnu.linkonce.b.*)
 *(.rela.bss .rela.bss.* .rela.gnu.linkonce.b.*)
 *(.rel.plt)
 *(.rela.plt)
 *(.rel.dyn)
 *(.init)
 *(.plt)
 *(.text .stub .text.* .gnu.linkonce.t.*)
 .text          0x0000000000000020       0x3c ../lights_and_switches_comp_bsp//obj/HAL/src/crt0.o
                0x0000000000000020                _start
 .text          0x000000000000005c        0x0 obj/default/hello_world_small.o
 .text.startup  0x000000000000005c       0x88 obj/default/hello_world_small.o
                0x000000000000005c                main
 .text          0x00000000000000e4        0x0 c:/altera/15.1/nios2eds/bin/gnu/h-x86_64-mingw32/bin/../lib/gcc/nios2-elf/4.9.2/../../../../../H-x86_64-mingw32/nios2-elf/lib/mno-hw-mul\libsmallc.a(lib_a-printf.o)
 .text._printf_r
                0x00000000000000e4       0x3c c:/altera/15.1/nios2eds/bin/gnu/h-x86_64-mingw32/bin/../lib/gcc/nios2-elf/4.9.2/../../../../../H-x86_64-mingw32/nios2-elf/lib/mno-hw-mul\libsmallc.a(lib_a-printf.o)
                0x00000000000000e4                _printf_r
 .text.printf   0x0000000000000120       0x4c c:/altera/15.1/nios2eds/bin/gnu/h-x86_64-mingw32/bin/../lib/gcc/nios2-elf/4.9.2/../../../../../H-x86_64-mingw32/nios2-elf/lib/mno-hw-mul\libsmallc.a(lib_a-printf.o)
                0x0000000000000120                printf
 .text          0x000000000000016c        0x0 c:/altera/15.1/nios2eds/bin/gnu/h-x86_64-mingw32/bin/../lib/gcc/nios2-elf/4.9.2/../../../../../H-x86_64-mingw32/nios2-elf/lib/mno-hw-mul\libsmallc.a(lib_a-vfprintf.o)
 .text.print_repeat
                0x000000000000016c       0x6c c:/altera/15.1/nios2eds/bin/gnu/h-x86_64-mingw32/bin/../lib/gcc/nios2-elf/4.9.2/../../../../../H-x86_64-mingw32/nios2-elf/lib/mno-hw-mul\libsmallc.a(lib_a-vfprintf.o)
 .text.___vfprintf_internal_r
                0x00000000000001d8      0x56c c:/altera/15.1/nios2eds/bin/gnu/h-x86_64-mingw32/bin/../lib/gcc/nios2-elf/4.9.2/../../../../../H-x86_64-mingw32/nios2-elf/lib/mno-hw-mul\libsmallc.a(lib_a-vfprintf.o)
                0x00000000000001d8                ___vfprintf_internal_r
 .text.__vfprintf_internal
                0x0000000000000744       0x24 c:/altera/15.1/nios2eds/bin/gnu/h-x86_64-mingw32/bin/../lib/gcc/nios2-elf/4.9.2/../../../../../H-x86_64-mingw32/nios2-elf/lib/mno-hw-mul\libsmallc.a(lib_a-vfprintf.o)
                0x0000000000000744                __vfprintf_internal
 .text          0x0000000000000768        0x0 c:/altera/15.1/nios2eds/bin/gnu/h-x86_64-mingw32/bin/../lib/gcc/nios2-elf/4.9.2/../../../../../H-x86_64-mingw32/nios2-elf/lib/mno-hw-mul\libsmallc.a(lib_a-fvwrite_small_dev.o)
 .text.__sfvwrite_small_dev
                0x0000000000000768       0xac c:/altera/15.1/nios2eds/bin/gnu/h-x86_64-mingw32/bin/../lib/gcc/nios2-elf/4.9.2/../../../../../H-x86_64-mingw32/nios2-elf/lib/mno-hw-mul\libsmallc.a(lib_a-fvwrite_small_dev.o)
                0x0000000000000768                __sfvwrite_small_dev
 .text          0x0000000000000814        0x0 c:/altera/15.1/nios2eds/bin/gnu/h-x86_64-mingw32/bin/../lib/gcc/nios2-elf/4.9.2/../../../../../H-x86_64-mingw32/nios2-elf/lib/mno-hw-mul\libsmallc.a(lib_a-impure.o)
 .text          0x0000000000000814        0x0 c:/altera/15.1/nios2eds/bin/gnu/h-x86_64-mingw32/bin/../lib/gcc/nios2-elf/4.9.2/../../../../../H-x86_64-mingw32/nios2-elf/lib/mno-hw-mul\libsmallc.a(lib_a-strlen.o)
 .text.strlen   0x0000000000000814       0x1c c:/altera/15.1/nios2eds/bin/gnu/h-x86_64-mingw32/bin/../lib/gcc/nios2-elf/4.9.2/../../../../../H-x86_64-mingw32/nios2-elf/lib/mno-hw-mul\libsmallc.a(lib_a-strlen.o)
                0x0000000000000814                strlen
 .text          0x0000000000000830        0x0 c:/altera/15.1/nios2eds/bin/gnu/h-x86_64-mingw32/bin/../lib/gcc/nios2-elf/4.9.2/../../../../../H-x86_64-mingw32/nios2-elf/lib/mno-hw-mul\libsmallc.a(lib_a-writer.o)
 .text._write_r
                0x0000000000000830       0x58 c:/altera/15.1/nios2eds/bin/gnu/h-x86_64-mingw32/bin/../lib/gcc/nios2-elf/4.9.2/../../../../../H-x86_64-mingw32/nios2-elf/lib/mno-hw-mul\libsmallc.a(lib_a-writer.o)
                0x0000000000000830                _write_r
 .text          0x0000000000000888        0x0 c:/altera/15.1/nios2eds/bin/gnu/h-x86_64-mingw32/bin/../lib/gcc/nios2-elf/4.9.2/../../../../../H-x86_64-mingw32/nios2-elf/lib/mno-hw-mul\libsmallc.a(lib_a-int_errno.o)
 .text          0x0000000000000888      0x12c c:/altera/15.1/nios2eds/bin/gnu/h-x86_64-mingw32/bin/../lib/gcc/nios2-elf/4.9.2/mno-hw-mul\libgcc.a(lib2-divmod.o)
                0x00000000000008f4                __divsi3
                0x0000000000000948                __modsi3
                0x00000000000009a4                __udivsi3
                0x00000000000009ac                __umodsi3
 .text          0x00000000000009b4       0x28 c:/altera/15.1/nios2eds/bin/gnu/h-x86_64-mingw32/bin/../lib/gcc/nios2-elf/4.9.2/mno-hw-mul\libgcc.a(lib2-mul.o)
                0x00000000000009b4                __mulsi3
 .text          0x00000000000009dc       0x44 ../lights_and_switches_comp_bsp/\libhal_bsp.a(alt_getchar.o)
                0x00000000000009dc                alt_getchar
 .text          0x0000000000000a20       0xf8 ../lights_and_switches_comp_bsp/\libhal_bsp.a(alt_load.o)
                0x0000000000000a20                alt_load
 .text          0x0000000000000b18       0x2c ../lights_and_switches_comp_bsp/\libhal_bsp.a(alt_main.o)
                0x0000000000000b18                alt_main
 .text          0x0000000000000b44       0x38 ../lights_and_switches_comp_bsp/\libhal_bsp.a(alt_putstr.o)
                0x0000000000000b44                alt_putstr
 .text          0x0000000000000b7c       0x6c ../lights_and_switches_comp_bsp/\libhal_bsp.a(alt_write.o)
                0x0000000000000b7c                write
 .text          0x0000000000000be8       0x24 ../lights_and_switches_comp_bsp/\libhal_bsp.a(alt_sys_init.o)
                0x0000000000000be8                alt_irq_init
                0x0000000000000c08                alt_sys_init
 .text          0x0000000000000c0c       0x5c ../lights_and_switches_comp_bsp/\libhal_bsp.a(altera_avalon_jtag_uart_read.o)
                0x0000000000000c0c                altera_avalon_jtag_uart_read
 .text          0x0000000000000c68       0x34 ../lights_and_switches_comp_bsp/\libhal_bsp.a(altera_avalon_jtag_uart_write.o)
                0x0000000000000c68                altera_avalon_jtag_uart_write
 .text          0x0000000000000c9c        0x4 ../lights_and_switches_comp_bsp/\libhal_bsp.a(alt_dcache_flush_all.o)
                0x0000000000000c9c                alt_dcache_flush_all
 .text          0x0000000000000ca0        0x8 ../lights_and_switches_comp_bsp/\libhal_bsp.a(alt_dev.o)
 .text          0x0000000000000ca8        0x0 ../lights_and_switches_comp_bsp/\libhal_bsp.a(alt_errno.o)
 .text          0x0000000000000ca8        0x4 ../lights_and_switches_comp_bsp/\libhal_bsp.a(alt_icache_flush_all.o)
                0x0000000000000ca8                alt_icache_flush_all
 .text          0x0000000000000cac        0x8 ../lights_and_switches_comp_bsp/\libhal_bsp.a(altera_nios2_qsys_irq.o)
                0x0000000000000cac                altera_nios2_qsys_irq_init
 *(.gnu.warning.*)
 *(.fini)
                0x0000000000000cb4                PROVIDE (__etext, ABSOLUTE (.))
                0x0000000000000cb4                PROVIDE (_etext, ABSOLUTE (.))
                0x0000000000000cb4                PROVIDE (etext, ABSOLUTE (.))
 *(.eh_frame_hdr)
                0x0000000000000cb4                . = ALIGN (0x4)
                0x0000000000000cb4                PROVIDE (__preinit_array_start, ABSOLUTE (.))
 *(.preinit_array)
                0x0000000000000cb4                PROVIDE (__preinit_array_end, ABSOLUTE (.))
                0x0000000000000cb4                PROVIDE (__init_array_start, ABSOLUTE (.))
 *(.init_array)
                0x0000000000000cb4                PROVIDE (__init_array_end, ABSOLUTE (.))
                0x0000000000000cb4                PROVIDE (__fini_array_start, ABSOLUTE (.))
 *(.fini_array)
                0x0000000000000cb4                PROVIDE (__fini_array_end, ABSOLUTE (.))
 *(.eh_frame)
 *(.gcc_except_table .gcc_except_table.*)
 *(.dynamic)
                0x0000000000000cb4                PROVIDE (__CTOR_LIST__, ABSOLUTE (.))
 *(.ctors)
 *(SORT(.ctors.*))
                0x0000000000000cb4                PROVIDE (__CTOR_END__, ABSOLUTE (.))
                0x0000000000000cb4                PROVIDE (__DTOR_LIST__, ABSOLUTE (.))
 *(.dtors)
 *(SORT(.dtors.*))
                0x0000000000000cb4                PROVIDE (__DTOR_END__, ABSOLUTE (.))
 *(.jcr)
                0x0000000000000cb4                . = ALIGN (0x4)

.rodata         0x0000000000000cb4       0x48
                0x0000000000000cb4                PROVIDE (__ram_rodata_start, ABSOLUTE (.))
                0x0000000000000cb4                . = ALIGN (0x4)
 *(.rodata .rodata.* .gnu.linkonce.r.*)
 .rodata.str1.4
                0x0000000000000cb4       0x3b obj/default/hello_world_small.o
                                         0x3c (size before relaxing)
 *fill*         0x0000000000000cef        0x1 
 .rodata.str1.4
                0x0000000000000cf0        0xc ../lights_and_switches_comp_bsp/\libhal_bsp.a(alt_dev.o)
 *(.rodata1)
                0x0000000000000cfc                . = ALIGN (0x4)
                0x0000000000000cfc                PROVIDE (__ram_rodata_end, ABSOLUTE (.))
                0x0000000000000cb4                PROVIDE (__flash_rodata_start, LOADADDR (.rodata))

.rwdata         0x0000000000000cfc      0x15c load address 0x0000000000000e58
                0x0000000000000cfc                PROVIDE (__ram_rwdata_start, ABSOLUTE (.))
                0x0000000000000cfc                . = ALIGN (0x4)
 *(.got.plt)
 *(.got)
 *(.data1)
 *(.data .data.* .gnu.linkonce.d.*)
 .data          0x0000000000000cfc        0x0 ../lights_and_switches_comp_bsp//obj/HAL/src/crt0.o
 .data          0x0000000000000cfc        0x0 obj/default/hello_world_small.o
 .data          0x0000000000000cfc        0x0 c:/altera/15.1/nios2eds/bin/gnu/h-x86_64-mingw32/bin/../lib/gcc/nios2-elf/4.9.2/../../../../../H-x86_64-mingw32/nios2-elf/lib/mno-hw-mul\libsmallc.a(lib_a-printf.o)
 .data          0x0000000000000cfc        0x0 c:/altera/15.1/nios2eds/bin/gnu/h-x86_64-mingw32/bin/../lib/gcc/nios2-elf/4.9.2/../../../../../H-x86_64-mingw32/nios2-elf/lib/mno-hw-mul\libsmallc.a(lib_a-vfprintf.o)
 .data          0x0000000000000cfc        0x0 c:/altera/15.1/nios2eds/bin/gnu/h-x86_64-mingw32/bin/../lib/gcc/nios2-elf/4.9.2/../../../../../H-x86_64-mingw32/nios2-elf/lib/mno-hw-mul\libsmallc.a(lib_a-fvwrite_small_dev.o)
 .data          0x0000000000000cfc        0x0 c:/altera/15.1/nios2eds/bin/gnu/h-x86_64-mingw32/bin/../lib/gcc/nios2-elf/4.9.2/../../../../../H-x86_64-mingw32/nios2-elf/lib/mno-hw-mul\libsmallc.a(lib_a-impure.o)
 .data.impure_data
                0x0000000000000cfc       0xe0 c:/altera/15.1/nios2eds/bin/gnu/h-x86_64-mingw32/bin/../lib/gcc/nios2-elf/4.9.2/../../../../../H-x86_64-mingw32/nios2-elf/lib/mno-hw-mul\libsmallc.a(lib_a-impure.o)
 .data          0x0000000000000ddc        0x0 c:/altera/15.1/nios2eds/bin/gnu/h-x86_64-mingw32/bin/../lib/gcc/nios2-elf/4.9.2/../../../../../H-x86_64-mingw32/nios2-elf/lib/mno-hw-mul\libsmallc.a(lib_a-strlen.o)
 .data          0x0000000000000ddc        0x0 c:/altera/15.1/nios2eds/bin/gnu/h-x86_64-mingw32/bin/../lib/gcc/nios2-elf/4.9.2/../../../../../H-x86_64-mingw32/nios2-elf/lib/mno-hw-mul\libsmallc.a(lib_a-writer.o)
 .data          0x0000000000000ddc        0x0 c:/altera/15.1/nios2eds/bin/gnu/h-x86_64-mingw32/bin/../lib/gcc/nios2-elf/4.9.2/../../../../../H-x86_64-mingw32/nios2-elf/lib/mno-hw-mul\libsmallc.a(lib_a-int_errno.o)
 .data          0x0000000000000ddc        0x0 c:/altera/15.1/nios2eds/bin/gnu/h-x86_64-mingw32/bin/../lib/gcc/nios2-elf/4.9.2/mno-hw-mul\libgcc.a(lib2-divmod.o)
 .data          0x0000000000000ddc        0x0 c:/altera/15.1/nios2eds/bin/gnu/h-x86_64-mingw32/bin/../lib/gcc/nios2-elf/4.9.2/mno-hw-mul\libgcc.a(lib2-mul.o)
 .data          0x0000000000000ddc        0x0 ../lights_and_switches_comp_bsp/\libhal_bsp.a(alt_getchar.o)
 .data          0x0000000000000ddc        0x0 ../lights_and_switches_comp_bsp/\libhal_bsp.a(alt_load.o)
 .data          0x0000000000000ddc        0x0 ../lights_and_switches_comp_bsp/\libhal_bsp.a(alt_main.o)
 .data          0x0000000000000ddc        0x0 ../lights_and_switches_comp_bsp/\libhal_bsp.a(alt_putstr.o)
 .data          0x0000000000000ddc        0x0 ../lights_and_switches_comp_bsp/\libhal_bsp.a(alt_write.o)
 .data          0x0000000000000ddc        0x0 ../lights_and_switches_comp_bsp/\libhal_bsp.a(alt_sys_init.o)
 .data          0x0000000000000ddc        0x0 ../lights_and_switches_comp_bsp/\libhal_bsp.a(altera_avalon_jtag_uart_read.o)
 .data          0x0000000000000ddc        0x0 ../lights_and_switches_comp_bsp/\libhal_bsp.a(altera_avalon_jtag_uart_write.o)
 .data          0x0000000000000ddc        0x0 ../lights_and_switches_comp_bsp/\libhal_bsp.a(alt_dcache_flush_all.o)
 .data          0x0000000000000ddc       0x58 ../lights_and_switches_comp_bsp/\libhal_bsp.a(alt_dev.o)
                0x0000000000000ddc                alt_fd_list
                0x0000000000000e0c                alt_dev_null
 .data          0x0000000000000e34        0x0 ../lights_and_switches_comp_bsp/\libhal_bsp.a(alt_errno.o)
 .data          0x0000000000000e34        0x0 ../lights_and_switches_comp_bsp/\libhal_bsp.a(alt_icache_flush_all.o)
 .data          0x0000000000000e34        0x0 ../lights_and_switches_comp_bsp/\libhal_bsp.a(altera_nios2_qsys_irq.o)
                0x0000000000008e34                _gp = ABSOLUTE ((. + 0x8000))
                0x0000000000008e34                PROVIDE (gp, _gp)
 *(.rwdata .rwdata.*)
 *(.sdata .sdata.* .gnu.linkonce.s.*)
 .sdata._global_impure_ptr
                0x0000000000000e34        0x4 c:/altera/15.1/nios2eds/bin/gnu/h-x86_64-mingw32/bin/../lib/gcc/nios2-elf/4.9.2/../../../../../H-x86_64-mingw32/nios2-elf/lib/mno-hw-mul\libsmallc.a(lib_a-impure.o)
                0x0000000000000e34                _global_impure_ptr
 .sdata._impure_ptr
                0x0000000000000e38        0x4 c:/altera/15.1/nios2eds/bin/gnu/h-x86_64-mingw32/bin/../lib/gcc/nios2-elf/4.9.2/../../../../../H-x86_64-mingw32/nios2-elf/lib/mno-hw-mul\libsmallc.a(lib_a-impure.o)
                0x0000000000000e38                _impure_ptr
 .sdata         0x0000000000000e3c        0x4 ../lights_and_switches_comp_bsp/\libhal_bsp.a(alt_sys_init.o)
                0x0000000000000e3c                jtag_uart_0
 .sdata         0x0000000000000e40       0x14 ../lights_and_switches_comp_bsp/\libhal_bsp.a(alt_dev.o)
                0x0000000000000e40                alt_max_fd
                0x0000000000000e44                alt_dev_list
                0x0000000000000e4c                alt_fs_list
 .sdata         0x0000000000000e54        0x4 ../lights_and_switches_comp_bsp/\libhal_bsp.a(alt_errno.o)
                0x0000000000000e54                alt_errno
 *(.sdata2 .sdata2.* .gnu.linkonce.s2.*)
                0x0000000000000e58                . = ALIGN (0x4)
                0x0000000000000e58                _edata = ABSOLUTE (.)
                0x0000000000000e58                PROVIDE (edata, ABSOLUTE (.))
                0x0000000000000e58                PROVIDE (__ram_rwdata_end, ABSOLUTE (.))
                0x0000000000000e58                PROVIDE (__flash_rwdata_start, LOADADDR (.rwdata))

.bss            0x0000000000000fb4       0x10
                0x0000000000000fb4                __bss_start = ABSOLUTE (.)
                0x0000000000000fb4                PROVIDE (__sbss_start, ABSOLUTE (.))
                0x0000000000000fb4                PROVIDE (___sbss_start, ABSOLUTE (.))
 *(.dynsbss)
 *(.sbss .sbss.* .gnu.linkonce.sb.*)
 .sbss          0x0000000000000fb4        0x4 c:/altera/15.1/nios2eds/bin/gnu/h-x86_64-mingw32/bin/../lib/gcc/nios2-elf/4.9.2/../../../../../H-x86_64-mingw32/nios2-elf/lib/mno-hw-mul\libsmallc.a(lib_a-int_errno.o)
                0x0000000000000fb4                errno
 .sbss          0x0000000000000fb8        0xc ../lights_and_switches_comp_bsp/\libhal_bsp.a(alt_main.o)
                0x0000000000000fb8                alt_envp
                0x0000000000000fbc                alt_argv
                0x0000000000000fc0                alt_argc
 *(.sbss2 .sbss2.* .gnu.linkonce.sb2.*)
 *(.scommon)
                0x0000000000000fc4                PROVIDE (__sbss_end, ABSOLUTE (.))
                0x0000000000000fc4                PROVIDE (___sbss_end, ABSOLUTE (.))
 *(.dynbss)
 *(.bss .bss.* .gnu.linkonce.b.*)
 .bss           0x0000000000000fc4        0x0 ../lights_and_switches_comp_bsp//obj/HAL/src/crt0.o
 .bss           0x0000000000000fc4        0x0 obj/default/hello_world_small.o
 .bss           0x0000000000000fc4        0x0 c:/altera/15.1/nios2eds/bin/gnu/h-x86_64-mingw32/bin/../lib/gcc/nios2-elf/4.9.2/../../../../../H-x86_64-mingw32/nios2-elf/lib/mno-hw-mul\libsmallc.a(lib_a-printf.o)
 .bss           0x0000000000000fc4        0x0 c:/altera/15.1/nios2eds/bin/gnu/h-x86_64-mingw32/bin/../lib/gcc/nios2-elf/4.9.2/../../../../../H-x86_64-mingw32/nios2-elf/lib/mno-hw-mul\libsmallc.a(lib_a-vfprintf.o)
 .bss           0x0000000000000fc4        0x0 c:/altera/15.1/nios2eds/bin/gnu/h-x86_64-mingw32/bin/../lib/gcc/nios2-elf/4.9.2/../../../../../H-x86_64-mingw32/nios2-elf/lib/mno-hw-mul\libsmallc.a(lib_a-fvwrite_small_dev.o)
 .bss           0x0000000000000fc4        0x0 c:/altera/15.1/nios2eds/bin/gnu/h-x86_64-mingw32/bin/../lib/gcc/nios2-elf/4.9.2/../../../../../H-x86_64-mingw32/nios2-elf/lib/mno-hw-mul\libsmallc.a(lib_a-impure.o)
 .bss           0x0000000000000fc4        0x0 c:/altera/15.1/nios2eds/bin/gnu/h-x86_64-mingw32/bin/../lib/gcc/nios2-elf/4.9.2/../../../../../H-x86_64-mingw32/nios2-elf/lib/mno-hw-mul\libsmallc.a(lib_a-strlen.o)
 .bss           0x0000000000000fc4        0x0 c:/altera/15.1/nios2eds/bin/gnu/h-x86_64-mingw32/bin/../lib/gcc/nios2-elf/4.9.2/../../../../../H-x86_64-mingw32/nios2-elf/lib/mno-hw-mul\libsmallc.a(lib_a-writer.o)
 .bss           0x0000000000000fc4        0x0 c:/altera/15.1/nios2eds/bin/gnu/h-x86_64-mingw32/bin/../lib/gcc/nios2-elf/4.9.2/../../../../../H-x86_64-mingw32/nios2-elf/lib/mno-hw-mul\libsmallc.a(lib_a-int_errno.o)
 .bss           0x0000000000000fc4        0x0 c:/altera/15.1/nios2eds/bin/gnu/h-x86_64-mingw32/bin/../lib/gcc/nios2-elf/4.9.2/mno-hw-mul\libgcc.a(lib2-divmod.o)
 .bss           0x0000000000000fc4        0x0 c:/altera/15.1/nios2eds/bin/gnu/h-x86_64-mingw32/bin/../lib/gcc/nios2-elf/4.9.2/mno-hw-mul\libgcc.a(lib2-mul.o)
 .bss           0x0000000000000fc4        0x0 ../lights_and_switches_comp_bsp/\libhal_bsp.a(alt_getchar.o)
 .bss           0x0000000000000fc4        0x0 ../lights_and_switches_comp_bsp/\libhal_bsp.a(alt_load.o)
 .bss           0x0000000000000fc4        0x0 ../lights_and_switches_comp_bsp/\libhal_bsp.a(alt_main.o)
 .bss           0x0000000000000fc4        0x0 ../lights_and_switches_comp_bsp/\libhal_bsp.a(alt_putstr.o)
 .bss           0x0000000000000fc4        0x0 ../lights_and_switches_comp_bsp/\libhal_bsp.a(alt_write.o)
 .bss           0x0000000000000fc4        0x0 ../lights_and_switches_comp_bsp/\libhal_bsp.a(alt_sys_init.o)
 .bss           0x0000000000000fc4        0x0 ../lights_and_switches_comp_bsp/\libhal_bsp.a(altera_avalon_jtag_uart_read.o)
 .bss           0x0000000000000fc4        0x0 ../lights_and_switches_comp_bsp/\libhal_bsp.a(altera_avalon_jtag_uart_write.o)
 .bss           0x0000000000000fc4        0x0 ../lights_and_switches_comp_bsp/\libhal_bsp.a(alt_dcache_flush_all.o)
 .bss           0x0000000000000fc4        0x0 ../lights_and_switches_comp_bsp/\libhal_bsp.a(alt_dev.o)
 .bss           0x0000000000000fc4        0x0 ../lights_and_switches_comp_bsp/\libhal_bsp.a(alt_errno.o)
 .bss           0x0000000000000fc4        0x0 ../lights_and_switches_comp_bsp/\libhal_bsp.a(alt_icache_flush_all.o)
 .bss           0x0000000000000fc4        0x0 ../lights_and_switches_comp_bsp/\libhal_bsp.a(altera_nios2_qsys_irq.o)
 *(COMMON)
                0x0000000000000fc4                . = ALIGN (0x4)
                0x0000000000000fc4                __bss_end = ABSOLUTE (.)

.onchip_memory2_0
                0x0000000000000fc4        0x0
                0x0000000000000fc4                PROVIDE (_alt_partition_onchip_memory2_0_start, ABSOLUTE (.))
 *(.onchip_memory2_0 .onchip_memory2_0. onchip_memory2_0.*)
                0x0000000000000fc4                . = ALIGN (0x4)
                0x0000000000000fc4                PROVIDE (_alt_partition_onchip_memory2_0_end, ABSOLUTE (.))
                0x0000000000000fc4                _end = ABSOLUTE (.)
                0x0000000000000fc4                end = ABSOLUTE (.)
                0x0000000000000fc4                __alt_stack_base = ABSOLUTE (.)
                0x0000000000000fc4                PROVIDE (_alt_partition_onchip_memory2_0_load_addr, LOADADDR (.onchip_memory2_0))

.stab
 *(.stab)

.stabstr
 *(.stabstr)

.stab.excl
 *(.stab.excl)

.stab.exclstr
 *(.stab.exclstr)

.stab.index
 *(.stab.index)

.stab.indexstr
 *(.stab.indexstr)

.comment        0x0000000000000000       0x23
 *(.comment)
 .comment       0x0000000000000000       0x23 obj/default/hello_world_small.o
                                         0x24 (size before relaxing)
 .comment       0x0000000000000000       0x24 c:/altera/15.1/nios2eds/bin/gnu/h-x86_64-mingw32/bin/../lib/gcc/nios2-elf/4.9.2/../../../../../H-x86_64-mingw32/nios2-elf/lib/mno-hw-mul\libsmallc.a(lib_a-printf.o)
 .comment       0x0000000000000000       0x24 c:/altera/15.1/nios2eds/bin/gnu/h-x86_64-mingw32/bin/../lib/gcc/nios2-elf/4.9.2/../../../../../H-x86_64-mingw32/nios2-elf/lib/mno-hw-mul\libsmallc.a(lib_a-vfprintf.o)
 .comment       0x0000000000000000       0x24 c:/altera/15.1/nios2eds/bin/gnu/h-x86_64-mingw32/bin/../lib/gcc/nios2-elf/4.9.2/../../../../../H-x86_64-mingw32/nios2-elf/lib/mno-hw-mul\libsmallc.a(lib_a-fvwrite_small_dev.o)
 .comment       0x0000000000000000       0x24 c:/altera/15.1/nios2eds/bin/gnu/h-x86_64-mingw32/bin/../lib/gcc/nios2-elf/4.9.2/../../../../../H-x86_64-mingw32/nios2-elf/lib/mno-hw-mul\libsmallc.a(lib_a-impure.o)
 .comment       0x0000000000000000       0x24 c:/altera/15.1/nios2eds/bin/gnu/h-x86_64-mingw32/bin/../lib/gcc/nios2-elf/4.9.2/../../../../../H-x86_64-mingw32/nios2-elf/lib/mno-hw-mul\libsmallc.a(lib_a-strlen.o)
 .comment       0x0000000000000000       0x24 c:/altera/15.1/nios2eds/bin/gnu/h-x86_64-mingw32/bin/../lib/gcc/nios2-elf/4.9.2/../../../../../H-x86_64-mingw32/nios2-elf/lib/mno-hw-mul\libsmallc.a(lib_a-writer.o)
 .comment       0x0000000000000000       0x24 c:/altera/15.1/nios2eds/bin/gnu/h-x86_64-mingw32/bin/../lib/gcc/nios2-elf/4.9.2/../../../../../H-x86_64-mingw32/nios2-elf/lib/mno-hw-mul\libsmallc.a(lib_a-int_errno.o)
 .comment       0x0000000000000000       0x24 c:/altera/15.1/nios2eds/bin/gnu/h-x86_64-mingw32/bin/../lib/gcc/nios2-elf/4.9.2/mno-hw-mul\libgcc.a(lib2-divmod.o)
 .comment       0x0000000000000000       0x24 c:/altera/15.1/nios2eds/bin/gnu/h-x86_64-mingw32/bin/../lib/gcc/nios2-elf/4.9.2/mno-hw-mul\libgcc.a(lib2-mul.o)
 .comment       0x0000000000000000       0x24 ../lights_and_switches_comp_bsp/\libhal_bsp.a(alt_getchar.o)
 .comment       0x0000000000000000       0x24 ../lights_and_switches_comp_bsp/\libhal_bsp.a(alt_load.o)
 .comment       0x0000000000000000       0x24 ../lights_and_switches_comp_bsp/\libhal_bsp.a(alt_main.o)
 .comment       0x0000000000000000       0x24 ../lights_and_switches_comp_bsp/\libhal_bsp.a(alt_putstr.o)
 .comment       0x0000000000000000       0x24 ../lights_and_switches_comp_bsp/\libhal_bsp.a(alt_write.o)
 .comment       0x0000000000000000       0x24 ../lights_and_switches_comp_bsp/\libhal_bsp.a(alt_sys_init.o)
 .comment       0x0000000000000000       0x24 ../lights_and_switches_comp_bsp/\libhal_bsp.a(altera_avalon_jtag_uart_read.o)
 .comment       0x0000000000000000       0x24 ../lights_and_switches_comp_bsp/\libhal_bsp.a(altera_avalon_jtag_uart_write.o)
 .comment       0x0000000000000000       0x24 ../lights_and_switches_comp_bsp/\libhal_bsp.a(alt_dcache_flush_all.o)
 .comment       0x0000000000000000       0x24 ../lights_and_switches_comp_bsp/\libhal_bsp.a(alt_dev.o)
 .comment       0x0000000000000000       0x24 ../lights_and_switches_comp_bsp/\libhal_bsp.a(alt_errno.o)
 .comment       0x0000000000000000       0x24 ../lights_and_switches_comp_bsp/\libhal_bsp.a(alt_icache_flush_all.o)
 .comment       0x0000000000000000       0x24 ../lights_and_switches_comp_bsp/\libhal_bsp.a(altera_nios2_qsys_irq.o)

.debug
 *(.debug)

.line
 *(.line)

.debug_srcinfo
 *(.debug_srcinfo)

.debug_sfnames
 *(.debug_sfnames)

.debug_aranges  0x0000000000000000      0x308
 *(.debug_aranges)
 .debug_aranges
                0x0000000000000000       0x28 ../lights_and_switches_comp_bsp//obj/HAL/src/crt0.o
 .debug_aranges
                0x0000000000000028       0x20 obj/default/hello_world_small.o
 .debug_aranges
                0x0000000000000048       0x28 c:/altera/15.1/nios2eds/bin/gnu/h-x86_64-mingw32/bin/../lib/gcc/nios2-elf/4.9.2/../../../../../H-x86_64-mingw32/nios2-elf/lib/mno-hw-mul\libsmallc.a(lib_a-printf.o)
 .debug_aranges
                0x0000000000000070       0x30 c:/altera/15.1/nios2eds/bin/gnu/h-x86_64-mingw32/bin/../lib/gcc/nios2-elf/4.9.2/../../../../../H-x86_64-mingw32/nios2-elf/lib/mno-hw-mul\libsmallc.a(lib_a-vfprintf.o)
 .debug_aranges
                0x00000000000000a0       0x20 c:/altera/15.1/nios2eds/bin/gnu/h-x86_64-mingw32/bin/../lib/gcc/nios2-elf/4.9.2/../../../../../H-x86_64-mingw32/nios2-elf/lib/mno-hw-mul\libsmallc.a(lib_a-fvwrite_small_dev.o)
 .debug_aranges
                0x00000000000000c0       0x18 c:/altera/15.1/nios2eds/bin/gnu/h-x86_64-mingw32/bin/../lib/gcc/nios2-elf/4.9.2/../../../../../H-x86_64-mingw32/nios2-elf/lib/mno-hw-mul\libsmallc.a(lib_a-impure.o)
 .debug_aranges
                0x00000000000000d8       0x20 c:/altera/15.1/nios2eds/bin/gnu/h-x86_64-mingw32/bin/../lib/gcc/nios2-elf/4.9.2/../../../../../H-x86_64-mingw32/nios2-elf/lib/mno-hw-mul\libsmallc.a(lib_a-strlen.o)
 .debug_aranges
                0x00000000000000f8       0x20 c:/altera/15.1/nios2eds/bin/gnu/h-x86_64-mingw32/bin/../lib/gcc/nios2-elf/4.9.2/../../../../../H-x86_64-mingw32/nios2-elf/lib/mno-hw-mul\libsmallc.a(lib_a-writer.o)
 .debug_aranges
                0x0000000000000118       0x18 c:/altera/15.1/nios2eds/bin/gnu/h-x86_64-mingw32/bin/../lib/gcc/nios2-elf/4.9.2/../../../../../H-x86_64-mingw32/nios2-elf/lib/mno-hw-mul\libsmallc.a(lib_a-int_errno.o)
 .debug_aranges
                0x0000000000000130       0x20 c:/altera/15.1/nios2eds/bin/gnu/h-x86_64-mingw32/bin/../lib/gcc/nios2-elf/4.9.2/mno-hw-mul\libgcc.a(lib2-divmod.o)
 .debug_aranges
                0x0000000000000150       0x20 c:/altera/15.1/nios2eds/bin/gnu/h-x86_64-mingw32/bin/../lib/gcc/nios2-elf/4.9.2/mno-hw-mul\libgcc.a(lib2-mul.o)
 .debug_aranges
                0x0000000000000170       0x20 ../lights_and_switches_comp_bsp/\libhal_bsp.a(alt_getchar.o)
 .debug_aranges
                0x0000000000000190       0x20 ../lights_and_switches_comp_bsp/\libhal_bsp.a(alt_load.o)
 .debug_aranges
                0x00000000000001b0       0x20 ../lights_and_switches_comp_bsp/\libhal_bsp.a(alt_main.o)
 .debug_aranges
                0x00000000000001d0       0x20 ../lights_and_switches_comp_bsp/\libhal_bsp.a(alt_putstr.o)
 .debug_aranges
                0x00000000000001f0       0x20 ../lights_and_switches_comp_bsp/\libhal_bsp.a(alt_write.o)
 .debug_aranges
                0x0000000000000210       0x20 ../lights_and_switches_comp_bsp/\libhal_bsp.a(alt_sys_init.o)
 .debug_aranges
                0x0000000000000230       0x20 ../lights_and_switches_comp_bsp/\libhal_bsp.a(altera_avalon_jtag_uart_read.o)
 .debug_aranges
                0x0000000000000250       0x20 ../lights_and_switches_comp_bsp/\libhal_bsp.a(altera_avalon_jtag_uart_write.o)
 .debug_aranges
                0x0000000000000270       0x20 ../lights_and_switches_comp_bsp/\libhal_bsp.a(alt_dcache_flush_all.o)
 .debug_aranges
                0x0000000000000290       0x20 ../lights_and_switches_comp_bsp/\libhal_bsp.a(alt_dev.o)
 .debug_aranges
                0x00000000000002b0       0x18 ../lights_and_switches_comp_bsp/\libhal_bsp.a(alt_errno.o)
 .debug_aranges
                0x00000000000002c8       0x20 ../lights_and_switches_comp_bsp/\libhal_bsp.a(alt_icache_flush_all.o)
 .debug_aranges
                0x00000000000002e8       0x20 ../lights_and_switches_comp_bsp/\libhal_bsp.a(altera_nios2_qsys_irq.o)

.debug_pubnames
 *(.debug_pubnames)

.debug_info     0x0000000000000000     0x3f16
 *(.debug_info .gnu.linkonce.wi.*)
 .debug_info    0x0000000000000000       0x80 ../lights_and_switches_comp_bsp//obj/HAL/src/crt0.o
 .debug_info    0x0000000000000080      0x109 obj/default/hello_world_small.o
 .debug_info    0x0000000000000189      0x6c7 c:/altera/15.1/nios2eds/bin/gnu/h-x86_64-mingw32/bin/../lib/gcc/nios2-elf/4.9.2/../../../../../H-x86_64-mingw32/nios2-elf/lib/mno-hw-mul\libsmallc.a(lib_a-printf.o)
 .debug_info    0x0000000000000850      0xb38 c:/altera/15.1/nios2eds/bin/gnu/h-x86_64-mingw32/bin/../lib/gcc/nios2-elf/4.9.2/../../../../../H-x86_64-mingw32/nios2-elf/lib/mno-hw-mul\libsmallc.a(lib_a-vfprintf.o)
 .debug_info    0x0000000000001388      0x656 c:/altera/15.1/nios2eds/bin/gnu/h-x86_64-mingw32/bin/../lib/gcc/nios2-elf/4.9.2/../../../../../H-x86_64-mingw32/nios2-elf/lib/mno-hw-mul\libsmallc.a(lib_a-fvwrite_small_dev.o)
 .debug_info    0x00000000000019de      0x5a7 c:/altera/15.1/nios2eds/bin/gnu/h-x86_64-mingw32/bin/../lib/gcc/nios2-elf/4.9.2/../../../../../H-x86_64-mingw32/nios2-elf/lib/mno-hw-mul\libsmallc.a(lib_a-impure.o)
 .debug_info    0x0000000000001f85       0xc2 c:/altera/15.1/nios2eds/bin/gnu/h-x86_64-mingw32/bin/../lib/gcc/nios2-elf/4.9.2/../../../../../H-x86_64-mingw32/nios2-elf/lib/mno-hw-mul\libsmallc.a(lib_a-strlen.o)
 .debug_info    0x0000000000002047      0x639 c:/altera/15.1/nios2eds/bin/gnu/h-x86_64-mingw32/bin/../lib/gcc/nios2-elf/4.9.2/../../../../../H-x86_64-mingw32/nios2-elf/lib/mno-hw-mul\libsmallc.a(lib_a-writer.o)
 .debug_info    0x0000000000002680       0x83 c:/altera/15.1/nios2eds/bin/gnu/h-x86_64-mingw32/bin/../lib/gcc/nios2-elf/4.9.2/../../../../../H-x86_64-mingw32/nios2-elf/lib/mno-hw-mul\libsmallc.a(lib_a-int_errno.o)
 .debug_info    0x0000000000002703      0x234 c:/altera/15.1/nios2eds/bin/gnu/h-x86_64-mingw32/bin/../lib/gcc/nios2-elf/4.9.2/mno-hw-mul\libgcc.a(lib2-divmod.o)
 .debug_info    0x0000000000002937       0xb4 c:/altera/15.1/nios2eds/bin/gnu/h-x86_64-mingw32/bin/../lib/gcc/nios2-elf/4.9.2/mno-hw-mul\libgcc.a(lib2-mul.o)
 .debug_info    0x00000000000029eb      0x33b ../lights_and_switches_comp_bsp/\libhal_bsp.a(alt_getchar.o)
 .debug_info    0x0000000000002d26      0x1ba ../lights_and_switches_comp_bsp/\libhal_bsp.a(alt_load.o)
 .debug_info    0x0000000000002ee0      0x17b ../lights_and_switches_comp_bsp/\libhal_bsp.a(alt_main.o)
 .debug_info    0x000000000000305b      0x15d ../lights_and_switches_comp_bsp/\libhal_bsp.a(alt_putstr.o)
 .debug_info    0x00000000000031b8      0x1d5 ../lights_and_switches_comp_bsp/\libhal_bsp.a(alt_write.o)
 .debug_info    0x000000000000338d      0x17a ../lights_and_switches_comp_bsp/\libhal_bsp.a(alt_sys_init.o)
 .debug_info    0x0000000000003507      0x1ad ../lights_and_switches_comp_bsp/\libhal_bsp.a(altera_avalon_jtag_uart_read.o)
 .debug_info    0x00000000000036b4      0x190 ../lights_and_switches_comp_bsp/\libhal_bsp.a(altera_avalon_jtag_uart_write.o)
 .debug_info    0x0000000000003844       0x8b ../lights_and_switches_comp_bsp/\libhal_bsp.a(alt_dcache_flush_all.o)
 .debug_info    0x00000000000038cf      0x492 ../lights_and_switches_comp_bsp/\libhal_bsp.a(alt_dev.o)
 .debug_info    0x0000000000003d61       0x9f ../lights_and_switches_comp_bsp/\libhal_bsp.a(alt_errno.o)
 .debug_info    0x0000000000003e00       0x8b ../lights_and_switches_comp_bsp/\libhal_bsp.a(alt_icache_flush_all.o)
 .debug_info    0x0000000000003e8b       0x8b ../lights_and_switches_comp_bsp/\libhal_bsp.a(altera_nios2_qsys_irq.o)

.debug_abbrev   0x0000000000000000     0x1628
 *(.debug_abbrev)
 .debug_abbrev  0x0000000000000000       0x12 ../lights_and_switches_comp_bsp//obj/HAL/src/crt0.o
 .debug_abbrev  0x0000000000000012       0xc4 obj/default/hello_world_small.o
 .debug_abbrev  0x00000000000000d6      0x1fe c:/altera/15.1/nios2eds/bin/gnu/h-x86_64-mingw32/bin/../lib/gcc/nios2-elf/4.9.2/../../../../../H-x86_64-mingw32/nios2-elf/lib/mno-hw-mul\libsmallc.a(lib_a-printf.o)
 .debug_abbrev  0x00000000000002d4      0x2a1 c:/altera/15.1/nios2eds/bin/gnu/h-x86_64-mingw32/bin/../lib/gcc/nios2-elf/4.9.2/../../../../../H-x86_64-mingw32/nios2-elf/lib/mno-hw-mul\libsmallc.a(lib_a-vfprintf.o)
 .debug_abbrev  0x0000000000000575      0x1c3 c:/altera/15.1/nios2eds/bin/gnu/h-x86_64-mingw32/bin/../lib/gcc/nios2-elf/4.9.2/../../../../../H-x86_64-mingw32/nios2-elf/lib/mno-hw-mul\libsmallc.a(lib_a-fvwrite_small_dev.o)
 .debug_abbrev  0x0000000000000738      0x14a c:/altera/15.1/nios2eds/bin/gnu/h-x86_64-mingw32/bin/../lib/gcc/nios2-elf/4.9.2/../../../../../H-x86_64-mingw32/nios2-elf/lib/mno-hw-mul\libsmallc.a(lib_a-impure.o)
 .debug_abbrev  0x0000000000000882       0x7f c:/altera/15.1/nios2eds/bin/gnu/h-x86_64-mingw32/bin/../lib/gcc/nios2-elf/4.9.2/../../../../../H-x86_64-mingw32/nios2-elf/lib/mno-hw-mul\libsmallc.a(lib_a-strlen.o)
 .debug_abbrev  0x0000000000000901      0x1a8 c:/altera/15.1/nios2eds/bin/gnu/h-x86_64-mingw32/bin/../lib/gcc/nios2-elf/4.9.2/../../../../../H-x86_64-mingw32/nios2-elf/lib/mno-hw-mul\libsmallc.a(lib_a-writer.o)
 .debug_abbrev  0x0000000000000aa9       0x37 c:/altera/15.1/nios2eds/bin/gnu/h-x86_64-mingw32/bin/../lib/gcc/nios2-elf/4.9.2/../../../../../H-x86_64-mingw32/nios2-elf/lib/mno-hw-mul\libsmallc.a(lib_a-int_errno.o)
 .debug_abbrev  0x0000000000000ae0       0xd9 c:/altera/15.1/nios2eds/bin/gnu/h-x86_64-mingw32/bin/../lib/gcc/nios2-elf/4.9.2/mno-hw-mul\libgcc.a(lib2-divmod.o)
 .debug_abbrev  0x0000000000000bb9       0x6f c:/altera/15.1/nios2eds/bin/gnu/h-x86_64-mingw32/bin/../lib/gcc/nios2-elf/4.9.2/mno-hw-mul\libgcc.a(lib2-mul.o)
 .debug_abbrev  0x0000000000000c28      0x11f ../lights_and_switches_comp_bsp/\libhal_bsp.a(alt_getchar.o)
 .debug_abbrev  0x0000000000000d47       0xd8 ../lights_and_switches_comp_bsp/\libhal_bsp.a(alt_load.o)
 .debug_abbrev  0x0000000000000e1f      0x120 ../lights_and_switches_comp_bsp/\libhal_bsp.a(alt_main.o)
 .debug_abbrev  0x0000000000000f3f       0xe2 ../lights_and_switches_comp_bsp/\libhal_bsp.a(alt_putstr.o)
 .debug_abbrev  0x0000000000001021      0x130 ../lights_and_switches_comp_bsp/\libhal_bsp.a(alt_write.o)
 .debug_abbrev  0x0000000000001151      0x107 ../lights_and_switches_comp_bsp/\libhal_bsp.a(alt_sys_init.o)
 .debug_abbrev  0x0000000000001258      0x102 ../lights_and_switches_comp_bsp/\libhal_bsp.a(altera_avalon_jtag_uart_read.o)
 .debug_abbrev  0x000000000000135a       0xd5 ../lights_and_switches_comp_bsp/\libhal_bsp.a(altera_avalon_jtag_uart_write.o)
 .debug_abbrev  0x000000000000142f       0x42 ../lights_and_switches_comp_bsp/\libhal_bsp.a(alt_dcache_flush_all.o)
 .debug_abbrev  0x0000000000001471       0xd9 ../lights_and_switches_comp_bsp/\libhal_bsp.a(alt_dev.o)
 .debug_abbrev  0x000000000000154a       0x5a ../lights_and_switches_comp_bsp/\libhal_bsp.a(alt_errno.o)
 .debug_abbrev  0x00000000000015a4       0x42 ../lights_and_switches_comp_bsp/\libhal_bsp.a(alt_icache_flush_all.o)
 .debug_abbrev  0x00000000000015e6       0x42 ../lights_and_switches_comp_bsp/\libhal_bsp.a(altera_nios2_qsys_irq.o)

.debug_line     0x0000000000000000     0x1818
 *(.debug_line)
 .debug_line    0x0000000000000000       0x66 ../lights_and_switches_comp_bsp//obj/HAL/src/crt0.o
 .debug_line    0x0000000000000066       0x9e obj/default/hello_world_small.o
 .debug_line    0x0000000000000104      0x208 c:/altera/15.1/nios2eds/bin/gnu/h-x86_64-mingw32/bin/../lib/gcc/nios2-elf/4.9.2/../../../../../H-x86_64-mingw32/nios2-elf/lib/mno-hw-mul\libsmallc.a(lib_a-printf.o)
 .debug_line    0x000000000000030c      0x355 c:/altera/15.1/nios2eds/bin/gnu/h-x86_64-mingw32/bin/../lib/gcc/nios2-elf/4.9.2/../../../../../H-x86_64-mingw32/nios2-elf/lib/mno-hw-mul\libsmallc.a(lib_a-vfprintf.o)
 .debug_line    0x0000000000000661      0x1f2 c:/altera/15.1/nios2eds/bin/gnu/h-x86_64-mingw32/bin/../lib/gcc/nios2-elf/4.9.2/../../../../../H-x86_64-mingw32/nios2-elf/lib/mno-hw-mul\libsmallc.a(lib_a-fvwrite_small_dev.o)
 .debug_line    0x0000000000000853      0x156 c:/altera/15.1/nios2eds/bin/gnu/h-x86_64-mingw32/bin/../lib/gcc/nios2-elf/4.9.2/../../../../../H-x86_64-mingw32/nios2-elf/lib/mno-hw-mul\libsmallc.a(lib_a-impure.o)
 .debug_line    0x00000000000009a9      0x15c c:/altera/15.1/nios2eds/bin/gnu/h-x86_64-mingw32/bin/../lib/gcc/nios2-elf/4.9.2/../../../../../H-x86_64-mingw32/nios2-elf/lib/mno-hw-mul\libsmallc.a(lib_a-strlen.o)
 .debug_line    0x0000000000000b05      0x1ed c:/altera/15.1/nios2eds/bin/gnu/h-x86_64-mingw32/bin/../lib/gcc/nios2-elf/4.9.2/../../../../../H-x86_64-mingw32/nios2-elf/lib/mno-hw-mul\libsmallc.a(lib_a-writer.o)
 .debug_line    0x0000000000000cf2       0x5f c:/altera/15.1/nios2eds/bin/gnu/h-x86_64-mingw32/bin/../lib/gcc/nios2-elf/4.9.2/../../../../../H-x86_64-mingw32/nios2-elf/lib/mno-hw-mul\libsmallc.a(lib_a-int_errno.o)
 .debug_line    0x0000000000000d51       0xc7 c:/altera/15.1/nios2eds/bin/gnu/h-x86_64-mingw32/bin/../lib/gcc/nios2-elf/4.9.2/mno-hw-mul\libgcc.a(lib2-divmod.o)
 .debug_line    0x0000000000000e18       0x80 c:/altera/15.1/nios2eds/bin/gnu/h-x86_64-mingw32/bin/../lib/gcc/nios2-elf/4.9.2/mno-hw-mul\libgcc.a(lib2-mul.o)
 .debug_line    0x0000000000000e98       0xb7 ../lights_and_switches_comp_bsp/\libhal_bsp.a(alt_getchar.o)
 .debug_line    0x0000000000000f4f       0xa6 ../lights_and_switches_comp_bsp/\libhal_bsp.a(alt_load.o)
 .debug_line    0x0000000000000ff5       0xbd ../lights_and_switches_comp_bsp/\libhal_bsp.a(alt_main.o)
 .debug_line    0x00000000000010b2       0xf5 ../lights_and_switches_comp_bsp/\libhal_bsp.a(alt_putstr.o)
 .debug_line    0x00000000000011a7      0x15a ../lights_and_switches_comp_bsp/\libhal_bsp.a(alt_write.o)
 .debug_line    0x0000000000001301      0x101 ../lights_and_switches_comp_bsp/\libhal_bsp.a(alt_sys_init.o)
 .debug_line    0x0000000000001402       0xfb ../lights_and_switches_comp_bsp/\libhal_bsp.a(altera_avalon_jtag_uart_read.o)
 .debug_line    0x00000000000014fd       0xf0 ../lights_and_switches_comp_bsp/\libhal_bsp.a(altera_avalon_jtag_uart_write.o)
 .debug_line    0x00000000000015ed       0x4e ../lights_and_switches_comp_bsp/\libhal_bsp.a(alt_dcache_flush_all.o)
 .debug_line    0x000000000000163b       0xee ../lights_and_switches_comp_bsp/\libhal_bsp.a(alt_dev.o)
 .debug_line    0x0000000000001729       0x51 ../lights_and_switches_comp_bsp/\libhal_bsp.a(alt_errno.o)
 .debug_line    0x000000000000177a       0x4e ../lights_and_switches_comp_bsp/\libhal_bsp.a(alt_icache_flush_all.o)
 .debug_line    0x00000000000017c8       0x50 ../lights_and_switches_comp_bsp/\libhal_bsp.a(altera_nios2_qsys_irq.o)

.debug_frame    0x0000000000000000      0x420
 *(.debug_frame)
 .debug_frame   0x0000000000000000       0x28 obj/default/hello_world_small.o
 .debug_frame   0x0000000000000028       0x48 c:/altera/15.1/nios2eds/bin/gnu/h-x86_64-mingw32/bin/../lib/gcc/nios2-elf/4.9.2/../../../../../H-x86_64-mingw32/nios2-elf/lib/mno-hw-mul\libsmallc.a(lib_a-printf.o)
 .debug_frame   0x0000000000000070       0x8c c:/altera/15.1/nios2eds/bin/gnu/h-x86_64-mingw32/bin/../lib/gcc/nios2-elf/4.9.2/../../../../../H-x86_64-mingw32/nios2-elf/lib/mno-hw-mul\libsmallc.a(lib_a-vfprintf.o)
 .debug_frame   0x00000000000000fc       0x40 c:/altera/15.1/nios2eds/bin/gnu/h-x86_64-mingw32/bin/../lib/gcc/nios2-elf/4.9.2/../../../../../H-x86_64-mingw32/nios2-elf/lib/mno-hw-mul\libsmallc.a(lib_a-fvwrite_small_dev.o)
 .debug_frame   0x000000000000013c       0x20 c:/altera/15.1/nios2eds/bin/gnu/h-x86_64-mingw32/bin/../lib/gcc/nios2-elf/4.9.2/../../../../../H-x86_64-mingw32/nios2-elf/lib/mno-hw-mul\libsmallc.a(lib_a-strlen.o)
 .debug_frame   0x000000000000015c       0x38 c:/altera/15.1/nios2eds/bin/gnu/h-x86_64-mingw32/bin/../lib/gcc/nios2-elf/4.9.2/../../../../../H-x86_64-mingw32/nios2-elf/lib/mno-hw-mul\libsmallc.a(lib_a-writer.o)
 .debug_frame   0x0000000000000194       0x8c c:/altera/15.1/nios2eds/bin/gnu/h-x86_64-mingw32/bin/../lib/gcc/nios2-elf/4.9.2/mno-hw-mul\libgcc.a(lib2-divmod.o)
 .debug_frame   0x0000000000000220       0x20 c:/altera/15.1/nios2eds/bin/gnu/h-x86_64-mingw32/bin/../lib/gcc/nios2-elf/4.9.2/mno-hw-mul\libgcc.a(lib2-mul.o)
 .debug_frame   0x0000000000000240       0x2c ../lights_and_switches_comp_bsp/\libhal_bsp.a(alt_getchar.o)
 .debug_frame   0x000000000000026c       0x30 ../lights_and_switches_comp_bsp/\libhal_bsp.a(alt_load.o)
 .debug_frame   0x000000000000029c       0x2c ../lights_and_switches_comp_bsp/\libhal_bsp.a(alt_main.o)
 .debug_frame   0x00000000000002c8       0x30 ../lights_and_switches_comp_bsp/\libhal_bsp.a(alt_putstr.o)
 .debug_frame   0x00000000000002f8       0x2c ../lights_and_switches_comp_bsp/\libhal_bsp.a(alt_write.o)
 .debug_frame   0x0000000000000324       0x3c ../lights_and_switches_comp_bsp/\libhal_bsp.a(alt_sys_init.o)
 .debug_frame   0x0000000000000360       0x20 ../lights_and_switches_comp_bsp/\libhal_bsp.a(altera_avalon_jtag_uart_read.o)
 .debug_frame   0x0000000000000380       0x20 ../lights_and_switches_comp_bsp/\libhal_bsp.a(altera_avalon_jtag_uart_write.o)
 .debug_frame   0x00000000000003a0       0x20 ../lights_and_switches_comp_bsp/\libhal_bsp.a(alt_dcache_flush_all.o)
 .debug_frame   0x00000000000003c0       0x20 ../lights_and_switches_comp_bsp/\libhal_bsp.a(alt_dev.o)
 .debug_frame   0x00000000000003e0       0x20 ../lights_and_switches_comp_bsp/\libhal_bsp.a(alt_icache_flush_all.o)
 .debug_frame   0x0000000000000400       0x20 ../lights_and_switches_comp_bsp/\libhal_bsp.a(altera_nios2_qsys_irq.o)

.debug_str      0x0000000000000000     0x1154
 *(.debug_str)
 .debug_str     0x0000000000000000       0xb8 obj/default/hello_world_small.o
                                         0xc2 (size before relaxing)
 .debug_str     0x00000000000000b8      0x481 c:/altera/15.1/nios2eds/bin/gnu/h-x86_64-mingw32/bin/../lib/gcc/nios2-elf/4.9.2/../../../../../H-x86_64-mingw32/nios2-elf/lib/mno-hw-mul\libsmallc.a(lib_a-printf.o)
                                        0x4fb (size before relaxing)
 .debug_str     0x0000000000000539      0x209 c:/altera/15.1/nios2eds/bin/gnu/h-x86_64-mingw32/bin/../lib/gcc/nios2-elf/4.9.2/../../../../../H-x86_64-mingw32/nios2-elf/lib/mno-hw-mul\libsmallc.a(lib_a-vfprintf.o)
                                        0x684 (size before relaxing)
 .debug_str     0x0000000000000742       0x81 c:/altera/15.1/nios2eds/bin/gnu/h-x86_64-mingw32/bin/../lib/gcc/nios2-elf/4.9.2/../../../../../H-x86_64-mingw32/nios2-elf/lib/mno-hw-mul\libsmallc.a(lib_a-fvwrite_small_dev.o)
                                        0x4d6 (size before relaxing)
 .debug_str     0x00000000000007c3       0xef c:/altera/15.1/nios2eds/bin/gnu/h-x86_64-mingw32/bin/../lib/gcc/nios2-elf/4.9.2/../../../../../H-x86_64-mingw32/nios2-elf/lib/mno-hw-mul\libsmallc.a(lib_a-impure.o)
                                        0x4b0 (size before relaxing)
 .debug_str     0x00000000000008b2       0xd2 c:/altera/15.1/nios2eds/bin/gnu/h-x86_64-mingw32/bin/../lib/gcc/nios2-elf/4.9.2/../../../../../H-x86_64-mingw32/nios2-elf/lib/mno-hw-mul\libsmallc.a(lib_a-strlen.o)
                                        0x1d7 (size before relaxing)
 .debug_str     0x0000000000000984       0x3c c:/altera/15.1/nios2eds/bin/gnu/h-x86_64-mingw32/bin/../lib/gcc/nios2-elf/4.9.2/../../../../../H-x86_64-mingw32/nios2-elf/lib/mno-hw-mul\libsmallc.a(lib_a-writer.o)
                                        0x4aa (size before relaxing)
 .debug_str     0x00000000000009c0       0x3f c:/altera/15.1/nios2eds/bin/gnu/h-x86_64-mingw32/bin/../lib/gcc/nios2-elf/4.9.2/../../../../../H-x86_64-mingw32/nios2-elf/lib/mno-hw-mul\libsmallc.a(lib_a-int_errno.o)
                                        0x1ca (size before relaxing)
 .debug_str     0x00000000000009ff      0x185 c:/altera/15.1/nios2eds/bin/gnu/h-x86_64-mingw32/bin/../lib/gcc/nios2-elf/4.9.2/mno-hw-mul\libgcc.a(lib2-divmod.o)
                                        0x1d0 (size before relaxing)
 .debug_str     0x0000000000000b84       0x40 c:/altera/15.1/nios2eds/bin/gnu/h-x86_64-mingw32/bin/../lib/gcc/nios2-elf/4.9.2/mno-hw-mul\libgcc.a(lib2-mul.o)
                                        0x191 (size before relaxing)
 .debug_str     0x0000000000000bc4      0x13c ../lights_and_switches_comp_bsp/\libhal_bsp.a(alt_getchar.o)
                                        0x22d (size before relaxing)
 .debug_str     0x0000000000000d00      0x11b ../lights_and_switches_comp_bsp/\libhal_bsp.a(alt_load.o)
                                        0x231 (size before relaxing)
 .debug_str     0x0000000000000e1b       0x5e ../lights_and_switches_comp_bsp/\libhal_bsp.a(alt_main.o)
                                        0x1aa (size before relaxing)
 .debug_str     0x0000000000000e79       0x33 ../lights_and_switches_comp_bsp/\libhal_bsp.a(alt_putstr.o)
                                        0x18e (size before relaxing)
 .debug_str     0x0000000000000eac       0x2c ../lights_and_switches_comp_bsp/\libhal_bsp.a(alt_write.o)
                                        0x1d5 (size before relaxing)
 .debug_str     0x0000000000000ed8       0x86 ../lights_and_switches_comp_bsp/\libhal_bsp.a(alt_sys_init.o)
                                        0x21b (size before relaxing)
 .debug_str     0x0000000000000f5e       0x38 ../lights_and_switches_comp_bsp/\libhal_bsp.a(altera_avalon_jtag_uart_read.o)
                                        0x214 (size before relaxing)
 .debug_str     0x0000000000000f96       0x2c ../lights_and_switches_comp_bsp/\libhal_bsp.a(altera_avalon_jtag_uart_write.o)
                                        0x20a (size before relaxing)
 .debug_str     0x0000000000000fc2       0x1f ../lights_and_switches_comp_bsp/\libhal_bsp.a(alt_dcache_flush_all.o)
                                        0x14a (size before relaxing)
 .debug_str     0x0000000000000fe1      0x120 ../lights_and_switches_comp_bsp/\libhal_bsp.a(alt_dev.o)
                                        0x2fa (size before relaxing)
 .debug_str     0x0000000000001101       0x14 ../lights_and_switches_comp_bsp/\libhal_bsp.a(alt_errno.o)
                                        0x13a (size before relaxing)
 .debug_str     0x0000000000001115       0x1f ../lights_and_switches_comp_bsp/\libhal_bsp.a(alt_icache_flush_all.o)
                                        0x14a (size before relaxing)
 .debug_str     0x0000000000001134       0x20 ../lights_and_switches_comp_bsp/\libhal_bsp.a(altera_nios2_qsys_irq.o)
                                        0x151 (size before relaxing)

.debug_loc      0x0000000000000000     0x121b
 *(.debug_loc)
 .debug_loc     0x0000000000000000       0x1e obj/default/hello_world_small.o
 .debug_loc     0x000000000000001e       0xc6 c:/altera/15.1/nios2eds/bin/gnu/h-x86_64-mingw32/bin/../lib/gcc/nios2-elf/4.9.2/../../../../../H-x86_64-mingw32/nios2-elf/lib/mno-hw-mul\libsmallc.a(lib_a-printf.o)
 .debug_loc     0x00000000000000e4      0xa32 c:/altera/15.1/nios2eds/bin/gnu/h-x86_64-mingw32/bin/../lib/gcc/nios2-elf/4.9.2/../../../../../H-x86_64-mingw32/nios2-elf/lib/mno-hw-mul\libsmallc.a(lib_a-vfprintf.o)
 .debug_loc     0x0000000000000b16       0xbd c:/altera/15.1/nios2eds/bin/gnu/h-x86_64-mingw32/bin/../lib/gcc/nios2-elf/4.9.2/../../../../../H-x86_64-mingw32/nios2-elf/lib/mno-hw-mul\libsmallc.a(lib_a-fvwrite_small_dev.o)
 .debug_loc     0x0000000000000bd3       0x1e c:/altera/15.1/nios2eds/bin/gnu/h-x86_64-mingw32/bin/../lib/gcc/nios2-elf/4.9.2/../../../../../H-x86_64-mingw32/nios2-elf/lib/mno-hw-mul\libsmallc.a(lib_a-strlen.o)
 .debug_loc     0x0000000000000bf1       0xa5 c:/altera/15.1/nios2eds/bin/gnu/h-x86_64-mingw32/bin/../lib/gcc/nios2-elf/4.9.2/../../../../../H-x86_64-mingw32/nios2-elf/lib/mno-hw-mul\libsmallc.a(lib_a-writer.o)
 .debug_loc     0x0000000000000c96      0x273 c:/altera/15.1/nios2eds/bin/gnu/h-x86_64-mingw32/bin/../lib/gcc/nios2-elf/4.9.2/mno-hw-mul\libgcc.a(lib2-divmod.o)
 .debug_loc     0x0000000000000f09       0x93 c:/altera/15.1/nios2eds/bin/gnu/h-x86_64-mingw32/bin/../lib/gcc/nios2-elf/4.9.2/mno-hw-mul\libgcc.a(lib2-mul.o)
 .debug_loc     0x0000000000000f9c       0x37 ../lights_and_switches_comp_bsp/\libhal_bsp.a(alt_putstr.o)
 .debug_loc     0x0000000000000fd3       0xcf ../lights_and_switches_comp_bsp/\libhal_bsp.a(alt_write.o)
 .debug_loc     0x00000000000010a2       0x21 ../lights_and_switches_comp_bsp/\libhal_bsp.a(alt_sys_init.o)
 .debug_loc     0x00000000000010c3       0xcd ../lights_and_switches_comp_bsp/\libhal_bsp.a(altera_avalon_jtag_uart_read.o)
 .debug_loc     0x0000000000001190       0x8b ../lights_and_switches_comp_bsp/\libhal_bsp.a(altera_avalon_jtag_uart_write.o)

.debug_macinfo
 *(.debug_macinfo)

.debug_weaknames
 *(.debug_weaknames)

.debug_funcnames
 *(.debug_funcnames)

.debug_typenames
 *(.debug_typenames)

.debug_varnames
 *(.debug_varnames)

.debug_alt_sim_info
                0x0000000000000000       0x10
 *(.debug_alt_sim_info)
 .debug_alt_sim_info
                0x0000000000000000       0x10 ../lights_and_switches_comp_bsp//obj/HAL/src/crt0.o
                0x0000000000001000                __alt_data_end = 0x1000
                0x0000000000001000                PROVIDE (__alt_stack_pointer, __alt_data_end)
                0x0000000000000fc4                PROVIDE (__alt_stack_limit, __alt_stack_base)
                0x0000000000000fc4                PROVIDE (__alt_heap_start, end)
                0x0000000000001000                PROVIDE (__alt_heap_limit, 0x1000)
OUTPUT(lights_and_switches_comp.elf elf32-littlenios2)

.debug_ranges   0x0000000000000000      0x1f0
 .debug_ranges  0x0000000000000000       0x20 ../lights_and_switches_comp_bsp//obj/HAL/src/crt0.o
 .debug_ranges  0x0000000000000020       0x10 obj/default/hello_world_small.o
 .debug_ranges  0x0000000000000030       0x18 c:/altera/15.1/nios2eds/bin/gnu/h-x86_64-mingw32/bin/../lib/gcc/nios2-elf/4.9.2/../../../../../H-x86_64-mingw32/nios2-elf/lib/mno-hw-mul\libsmallc.a(lib_a-printf.o)
 .debug_ranges  0x0000000000000048       0xd8 c:/altera/15.1/nios2eds/bin/gnu/h-x86_64-mingw32/bin/../lib/gcc/nios2-elf/4.9.2/../../../../../H-x86_64-mingw32/nios2-elf/lib/mno-hw-mul\libsmallc.a(lib_a-vfprintf.o)
 .debug_ranges  0x0000000000000120       0x28 c:/altera/15.1/nios2eds/bin/gnu/h-x86_64-mingw32/bin/../lib/gcc/nios2-elf/4.9.2/../../../../../H-x86_64-mingw32/nios2-elf/lib/mno-hw-mul\libsmallc.a(lib_a-fvwrite_small_dev.o)
 .debug_ranges  0x0000000000000148       0x10 c:/altera/15.1/nios2eds/bin/gnu/h-x86_64-mingw32/bin/../lib/gcc/nios2-elf/4.9.2/../../../../../H-x86_64-mingw32/nios2-elf/lib/mno-hw-mul\libsmallc.a(lib_a-strlen.o)
 .debug_ranges  0x0000000000000158       0x10 c:/altera/15.1/nios2eds/bin/gnu/h-x86_64-mingw32/bin/../lib/gcc/nios2-elf/4.9.2/../../../../../H-x86_64-mingw32/nios2-elf/lib/mno-hw-mul\libsmallc.a(lib_a-writer.o)
 .debug_ranges  0x0000000000000168       0x48 ../lights_and_switches_comp_bsp/\libhal_bsp.a(alt_load.o)
 .debug_ranges  0x00000000000001b0       0x20 ../lights_and_switches_comp_bsp/\libhal_bsp.a(alt_write.o)
 .debug_ranges  0x00000000000001d0       0x20 ../lights_and_switches_comp_bsp/\libhal_bsp.a(altera_avalon_jtag_uart_read.o)
