Archive member included to satisfy reference by file (symbol)

../serial3_bsp/\libhal_bsp.a(alt_getchar.o)
                              obj/default/hello_world_small.o (alt_getchar)
../serial3_bsp/\libhal_bsp.a(alt_load.o)
                              ../serial3_bsp//obj/HAL/src/crt0.o (alt_load)
../serial3_bsp/\libhal_bsp.a(alt_main.o)
                              ../serial3_bsp//obj/HAL/src/crt0.o (alt_main)
../serial3_bsp/\libhal_bsp.a(alt_printf.o)
                              obj/default/hello_world_small.o (alt_printf)
../serial3_bsp/\libhal_bsp.a(alt_putchar.o)
                              ../serial3_bsp/\libhal_bsp.a(alt_printf.o) (alt_putchar)
../serial3_bsp/\libhal_bsp.a(alt_putstr.o)
                              obj/default/hello_world_small.o (alt_putstr)
../serial3_bsp/\libhal_bsp.a(alt_usleep.o)
                              obj/default/hello_world_small.o (usleep)
../serial3_bsp/\libhal_bsp.a(alt_sys_init.o)
                              ../serial3_bsp/\libhal_bsp.a(alt_main.o) (alt_irq_init)
../serial3_bsp/\libhal_bsp.a(altera_avalon_jtag_uart_read.o)
                              ../serial3_bsp/\libhal_bsp.a(alt_getchar.o) (altera_avalon_jtag_uart_read)
../serial3_bsp/\libhal_bsp.a(altera_avalon_jtag_uart_write.o)
                              ../serial3_bsp/\libhal_bsp.a(alt_putchar.o) (altera_avalon_jtag_uart_write)
../serial3_bsp/\libhal_bsp.a(alt_busy_sleep.o)
                              ../serial3_bsp/\libhal_bsp.a(alt_usleep.o) (alt_busy_sleep)
../serial3_bsp/\libhal_bsp.a(alt_dcache_flush_all.o)
                              ../serial3_bsp/\libhal_bsp.a(alt_load.o) (alt_dcache_flush_all)
../serial3_bsp/\libhal_bsp.a(alt_dev.o)
                              ../serial3_bsp/\libhal_bsp.a(alt_getchar.o) (alt_fd_list)
../serial3_bsp/\libhal_bsp.a(alt_icache_flush_all.o)
                              ../serial3_bsp/\libhal_bsp.a(alt_load.o) (alt_icache_flush_all)
../serial3_bsp/\libhal_bsp.a(altera_nios2_qsys_irq.o)
                              ../serial3_bsp/\libhal_bsp.a(alt_sys_init.o) (altera_nios2_qsys_irq_init)
c:/altera/15.1/nios2eds/bin/gnu/h-x86_64-mingw32/bin/../lib/gcc/nios2-elf/4.9.2/../../../../../H-x86_64-mingw32/nios2-elf/lib/mno-hw-mul\libsmallc.a(lib_a-strlen.o)
                              ../serial3_bsp/\libhal_bsp.a(alt_putstr.o) (strlen)
c:/altera/15.1/nios2eds/bin/gnu/h-x86_64-mingw32/bin/../lib/gcc/nios2-elf/4.9.2/mno-hw-mul\libgcc.a(lib2-divmod.o)
                              ../serial3_bsp/\libhal_bsp.a(alt_busy_sleep.o) (__udivsi3)
c:/altera/15.1/nios2eds/bin/gnu/h-x86_64-mingw32/bin/../lib/gcc/nios2-elf/4.9.2/mno-hw-mul\libgcc.a(lib2-mul.o)
                              ../serial3_bsp/\libhal_bsp.a(alt_busy_sleep.o) (__mulsi3)

Memory Configuration

Name             Origin             Length             Attributes
reset            0x0000000000000000 0x0000000000000020
onchip_mem       0x0000000000000020 0x0000000000003fe0
*default*        0x0000000000000000 0xffffffffffffffff

Linker script and memory map

LOAD ../serial3_bsp//obj/HAL/src/crt0.o
LOAD obj/default/hello_world_small.o
LOAD c:/altera/15.1/nios2eds/bin/gnu/h-x86_64-mingw32/bin/../lib/gcc/nios2-elf/4.9.2/../../../../../H-x86_64-mingw32/nios2-elf/lib/mno-hw-mul\libstdc++.a
LOAD c:/altera/15.1/nios2eds/bin/gnu/h-x86_64-mingw32/bin/../lib/gcc/nios2-elf/4.9.2/../../../../../H-x86_64-mingw32/nios2-elf/lib/mno-hw-mul\libm.a
LOAD c:/altera/15.1/nios2eds/bin/gnu/h-x86_64-mingw32/bin/../lib/gcc/nios2-elf/4.9.2/mno-hw-mul\libgcc.a
START GROUP
LOAD c:/altera/15.1/nios2eds/bin/gnu/h-x86_64-mingw32/bin/../lib/gcc/nios2-elf/4.9.2/../../../../../H-x86_64-mingw32/nios2-elf/lib/mno-hw-mul\libsmallc.a
LOAD c:/altera/15.1/nios2eds/bin/gnu/h-x86_64-mingw32/bin/../lib/gcc/nios2-elf/4.9.2/mno-hw-mul\libgcc.a
LOAD ../serial3_bsp/\libhal_bsp.a
LOAD c:/altera/15.1/nios2eds/bin/gnu/h-x86_64-mingw32/bin/../lib/gcc/nios2-elf/4.9.2/../../../../../H-x86_64-mingw32/nios2-elf/lib/mno-hw-mul\libm.a
END GROUP
LOAD c:/altera/15.1/nios2eds/bin/gnu/h-x86_64-mingw32/bin/../lib/gcc/nios2-elf/4.9.2/mno-hw-mul\libgcc.a
                0x0000000000000000                __alt_mem_onchip_mem = 0x0

.entry          0x0000000000000000       0x20
 *(.entry)
 .entry         0x0000000000000000       0x20 ../serial3_bsp//obj/HAL/src/crt0.o
                0x0000000000000000                __reset
                0x000000000000000c                _exit

.exceptions     0x0000000000000020        0x0
                0x0000000000000020                PROVIDE (__ram_exceptions_start, ABSOLUTE (.))
                0x0000000000000020                . = ALIGN (0x20)
 *(.irq)
 *(.exceptions.entry.label)
 *(.exceptions.entry.user)
 *(.exceptions.entry.ecc_fatal)
 *(.exceptions.entry)
 *(.exceptions.irqtest.user)
 *(.exceptions.irqtest)
 *(.exceptions.irqhandler.user)
 *(.exceptions.irqhandler)
 *(.exceptions.irqreturn.user)
 *(.exceptions.irqreturn)
 *(.exceptions.notirq.label)
 *(.exceptions.notirq.user)
 *(.exceptions.notirq)
 *(.exceptions.soft.user)
 *(.exceptions.soft)
 *(.exceptions.unknown.user)
 *(.exceptions.unknown)
 *(.exceptions.exit.label)
 *(.exceptions.exit.user)
 *(.exceptions.exit)
 *(.exceptions)
                0x0000000000000020                PROVIDE (__ram_exceptions_end, ABSOLUTE (.))
                0x0000000000000020                PROVIDE (__flash_exceptions_start, LOADADDR (.exceptions))

.text           0x0000000000000020      0x768
                0x0000000000000020                PROVIDE (stext, ABSOLUTE (.))
 *(.interp)
 *(.hash)
 *(.dynsym)
 *(.dynstr)
 *(.gnu.version)
 *(.gnu.version_d)
 *(.gnu.version_r)
 *(.rel.init)
 *(.rela.init)
 *(.rel.text .rel.text.* .rel.gnu.linkonce.t.*)
 *(.rela.text .rela.text.* .rela.gnu.linkonce.t.*)
 *(.rel.fini)
 *(.rela.fini)
 *(.rel.rodata .rel.rodata.* .rel.gnu.linkonce.r.*)
 *(.rela.rodata .rela.rodata.* .rela.gnu.linkonce.r.*)
 *(.rel.data .rel.data.* .rel.gnu.linkonce.d.*)
 *(.rela.data .rela.data.* .rela.gnu.linkonce.d.*)
 *(.rel.tdata .rel.tdata.* .rel.gnu.linkonce.td.*)
 *(.rela.tdata .rela.tdata.* .rela.gnu.linkonce.td.*)
 *(.rel.tbss .rel.tbss.* .rel.gnu.linkonce.tb.*)
 *(.rela.tbss .rela.tbss.* .rela.gnu.linkonce.tb.*)
 *(.rel.ctors)
 *(.rela.ctors)
 *(.rel.dtors)
 *(.rela.dtors)
 *(.rel.got)
 *(.rela.got)
 *(.rel.sdata .rel.sdata.* .rel.gnu.linkonce.s.*)
 *(.rela.sdata .rela.sdata.* .rela.gnu.linkonce.s.*)
 *(.rel.sbss .rel.sbss.* .rel.gnu.linkonce.sb.*)
 *(.rela.sbss .rela.sbss.* .rela.gnu.linkonce.sb.*)
 *(.rel.sdata2 .rel.sdata2.* .rel.gnu.linkonce.s2.*)
 *(.rela.sdata2 .rela.sdata2.* .rela.gnu.linkonce.s2.*)
 *(.rel.sbss2 .rel.sbss2.* .rel.gnu.linkonce.sb2.*)
 *(.rela.sbss2 .rela.sbss2.* .rela.gnu.linkonce.sb2.*)
 *(.rel.bss .rel.bss.* .rel.gnu.linkonce.b.*)
 *(.rela.bss .rela.bss.* .rela.gnu.linkonce.b.*)
 *(.rel.plt)
 *(.rela.plt)
 *(.rel.dyn)
 *(.init)
 *(.plt)
 *(.text .stub .text.* .gnu.linkonce.t.*)
 .text          0x0000000000000020       0x3c ../serial3_bsp//obj/HAL/src/crt0.o
                0x0000000000000020                _start
 .text          0x000000000000005c       0x60 obj/default/hello_world_small.o
                0x000000000000005c                writeToSerial
 .text.startup  0x00000000000000bc       0xb0 obj/default/hello_world_small.o
                0x00000000000000bc                main
 .text          0x000000000000016c       0x44 ../serial3_bsp/\libhal_bsp.a(alt_getchar.o)
                0x000000000000016c                alt_getchar
 .text          0x00000000000001b0       0xf8 ../serial3_bsp/\libhal_bsp.a(alt_load.o)
                0x00000000000001b0                alt_load
 .text          0x00000000000002a8       0x2c ../serial3_bsp/\libhal_bsp.a(alt_main.o)
                0x00000000000002a8                alt_main
 .text          0x00000000000002d4      0x16c ../serial3_bsp/\libhal_bsp.a(alt_printf.o)
                0x00000000000002d4                alt_printf
 .text          0x0000000000000440       0x48 ../serial3_bsp/\libhal_bsp.a(alt_putchar.o)
                0x0000000000000440                alt_putchar
 .text          0x0000000000000488       0x38 ../serial3_bsp/\libhal_bsp.a(alt_putstr.o)
                0x0000000000000488                alt_putstr
 .text          0x00000000000004c0        0x4 ../serial3_bsp/\libhal_bsp.a(alt_usleep.o)
                0x00000000000004c0                usleep
 .text          0x00000000000004c4       0x24 ../serial3_bsp/\libhal_bsp.a(alt_sys_init.o)
                0x00000000000004c4                alt_irq_init
                0x00000000000004e4                alt_sys_init
 .text          0x00000000000004e8       0x5c ../serial3_bsp/\libhal_bsp.a(altera_avalon_jtag_uart_read.o)
                0x00000000000004e8                altera_avalon_jtag_uart_read
 .text          0x0000000000000544       0x34 ../serial3_bsp/\libhal_bsp.a(altera_avalon_jtag_uart_write.o)
                0x0000000000000544                altera_avalon_jtag_uart_write
 .text          0x0000000000000578       0x88 ../serial3_bsp/\libhal_bsp.a(alt_busy_sleep.o)
                0x0000000000000578                alt_busy_sleep
 .text          0x0000000000000600        0x4 ../serial3_bsp/\libhal_bsp.a(alt_dcache_flush_all.o)
                0x0000000000000600                alt_dcache_flush_all
 .text          0x0000000000000604        0x8 ../serial3_bsp/\libhal_bsp.a(alt_dev.o)
 .text          0x000000000000060c        0x4 ../serial3_bsp/\libhal_bsp.a(alt_icache_flush_all.o)
                0x000000000000060c                alt_icache_flush_all
 .text          0x0000000000000610        0x8 ../serial3_bsp/\libhal_bsp.a(altera_nios2_qsys_irq.o)
                0x0000000000000610                altera_nios2_qsys_irq_init
 .text          0x0000000000000618        0x0 c:/altera/15.1/nios2eds/bin/gnu/h-x86_64-mingw32/bin/../lib/gcc/nios2-elf/4.9.2/../../../../../H-x86_64-mingw32/nios2-elf/lib/mno-hw-mul\libsmallc.a(lib_a-strlen.o)
 .text.strlen   0x0000000000000618       0x1c c:/altera/15.1/nios2eds/bin/gnu/h-x86_64-mingw32/bin/../lib/gcc/nios2-elf/4.9.2/../../../../../H-x86_64-mingw32/nios2-elf/lib/mno-hw-mul\libsmallc.a(lib_a-strlen.o)
                0x0000000000000618                strlen
 .text          0x0000000000000634      0x12c c:/altera/15.1/nios2eds/bin/gnu/h-x86_64-mingw32/bin/../lib/gcc/nios2-elf/4.9.2/mno-hw-mul\libgcc.a(lib2-divmod.o)
                0x00000000000006a0                __divsi3
                0x00000000000006f4                __modsi3
                0x0000000000000750                __udivsi3
                0x0000000000000758                __umodsi3
 .text          0x0000000000000760       0x28 c:/altera/15.1/nios2eds/bin/gnu/h-x86_64-mingw32/bin/../lib/gcc/nios2-elf/4.9.2/mno-hw-mul\libgcc.a(lib2-mul.o)
                0x0000000000000760                __mulsi3
 *(.gnu.warning.*)
 *(.fini)
                0x0000000000000788                PROVIDE (__etext, ABSOLUTE (.))
                0x0000000000000788                PROVIDE (_etext, ABSOLUTE (.))
                0x0000000000000788                PROVIDE (etext, ABSOLUTE (.))
 *(.eh_frame_hdr)
                0x0000000000000788                . = ALIGN (0x4)
                0x0000000000000788                PROVIDE (__preinit_array_start, ABSOLUTE (.))
 *(.preinit_array)
                0x0000000000000788                PROVIDE (__preinit_array_end, ABSOLUTE (.))
                0x0000000000000788                PROVIDE (__init_array_start, ABSOLUTE (.))
 *(.init_array)
                0x0000000000000788                PROVIDE (__init_array_end, ABSOLUTE (.))
                0x0000000000000788                PROVIDE (__fini_array_start, ABSOLUTE (.))
 *(.fini_array)
                0x0000000000000788                PROVIDE (__fini_array_end, ABSOLUTE (.))
 *(.eh_frame)
 *(.gcc_except_table .gcc_except_table.*)
 *(.dynamic)
                0x0000000000000788                PROVIDE (__CTOR_LIST__, ABSOLUTE (.))
 *(.ctors)
 *(SORT(.ctors.*))
                0x0000000000000788                PROVIDE (__CTOR_END__, ABSOLUTE (.))
                0x0000000000000788                PROVIDE (__DTOR_LIST__, ABSOLUTE (.))
 *(.dtors)
 *(SORT(.dtors.*))
                0x0000000000000788                PROVIDE (__DTOR_END__, ABSOLUTE (.))
 *(.jcr)
                0x0000000000000788                . = ALIGN (0x4)

.rodata         0x0000000000000788       0x2c
                0x0000000000000788                PROVIDE (__ram_rodata_start, ABSOLUTE (.))
                0x0000000000000788                . = ALIGN (0x4)
 *(.rodata .rodata.* .gnu.linkonce.r.*)
 .rodata.str1.4
                0x0000000000000788       0x20 obj/default/hello_world_small.o
 .rodata.str1.4
                0x00000000000007a8        0xc ../serial3_bsp/\libhal_bsp.a(alt_dev.o)
 *(.rodata1)
                0x00000000000007b4                . = ALIGN (0x4)
                0x00000000000007b4                PROVIDE (__ram_rodata_end, ABSOLUTE (.))
                0x0000000000000788                PROVIDE (__flash_rodata_start, LOADADDR (.rodata))

.rwdata         0x00000000000007b4       0x74 load address 0x0000000000000828
                0x00000000000007b4                PROVIDE (__ram_rwdata_start, ABSOLUTE (.))
                0x00000000000007b4                . = ALIGN (0x4)
 *(.got.plt)
 *(.got)
 *(.data1)
 *(.data .data.* .gnu.linkonce.d.*)
 .data          0x00000000000007b4        0x0 ../serial3_bsp//obj/HAL/src/crt0.o
 .data          0x00000000000007b4        0x0 obj/default/hello_world_small.o
 .data          0x00000000000007b4        0x0 ../serial3_bsp/\libhal_bsp.a(alt_getchar.o)
 .data          0x00000000000007b4        0x0 ../serial3_bsp/\libhal_bsp.a(alt_load.o)
 .data          0x00000000000007b4        0x0 ../serial3_bsp/\libhal_bsp.a(alt_main.o)
 .data          0x00000000000007b4        0x0 ../serial3_bsp/\libhal_bsp.a(alt_printf.o)
 .data          0x00000000000007b4        0x0 ../serial3_bsp/\libhal_bsp.a(alt_putchar.o)
 .data          0x00000000000007b4        0x0 ../serial3_bsp/\libhal_bsp.a(alt_putstr.o)
 .data          0x00000000000007b4        0x0 ../serial3_bsp/\libhal_bsp.a(alt_usleep.o)
 .data          0x00000000000007b4        0x0 ../serial3_bsp/\libhal_bsp.a(alt_sys_init.o)
 .data          0x00000000000007b4        0x0 ../serial3_bsp/\libhal_bsp.a(altera_avalon_jtag_uart_read.o)
 .data          0x00000000000007b4        0x0 ../serial3_bsp/\libhal_bsp.a(altera_avalon_jtag_uart_write.o)
 .data          0x00000000000007b4        0x0 ../serial3_bsp/\libhal_bsp.a(alt_busy_sleep.o)
 .data          0x00000000000007b4        0x0 ../serial3_bsp/\libhal_bsp.a(alt_dcache_flush_all.o)
 .data          0x00000000000007b4       0x58 ../serial3_bsp/\libhal_bsp.a(alt_dev.o)
                0x00000000000007b4                alt_fd_list
                0x00000000000007e4                alt_dev_null
 .data          0x000000000000080c        0x0 ../serial3_bsp/\libhal_bsp.a(alt_icache_flush_all.o)
 .data          0x000000000000080c        0x0 ../serial3_bsp/\libhal_bsp.a(altera_nios2_qsys_irq.o)
 .data          0x000000000000080c        0x0 c:/altera/15.1/nios2eds/bin/gnu/h-x86_64-mingw32/bin/../lib/gcc/nios2-elf/4.9.2/../../../../../H-x86_64-mingw32/nios2-elf/lib/mno-hw-mul\libsmallc.a(lib_a-strlen.o)
 .data          0x000000000000080c        0x0 c:/altera/15.1/nios2eds/bin/gnu/h-x86_64-mingw32/bin/../lib/gcc/nios2-elf/4.9.2/mno-hw-mul\libgcc.a(lib2-divmod.o)
 .data          0x000000000000080c        0x0 c:/altera/15.1/nios2eds/bin/gnu/h-x86_64-mingw32/bin/../lib/gcc/nios2-elf/4.9.2/mno-hw-mul\libgcc.a(lib2-mul.o)
                0x000000000000880c                _gp = ABSOLUTE ((. + 0x8000))
                0x000000000000880c                PROVIDE (gp, _gp)
 *(.rwdata .rwdata.*)
 *(.sdata .sdata.* .gnu.linkonce.s.*)
 .sdata         0x000000000000080c        0x1 obj/default/hello_world_small.o
                0x000000000000080c                bufferIn
 *fill*         0x000000000000080d        0x3 
 .sdata         0x0000000000000810        0x4 ../serial3_bsp/\libhal_bsp.a(alt_sys_init.o)
                0x0000000000000810                jtag_uart
 .sdata         0x0000000000000814       0x14 ../serial3_bsp/\libhal_bsp.a(alt_dev.o)
                0x0000000000000814                alt_max_fd
                0x0000000000000818                alt_dev_list
                0x0000000000000820                alt_fs_list
 *(.sdata2 .sdata2.* .gnu.linkonce.s2.*)
                0x0000000000000828                . = ALIGN (0x4)
                0x0000000000000828                _edata = ABSOLUTE (.)
                0x0000000000000828                PROVIDE (edata, ABSOLUTE (.))
                0x0000000000000828                PROVIDE (__ram_rwdata_end, ABSOLUTE (.))
                0x0000000000000828                PROVIDE (__flash_rwdata_start, LOADADDR (.rwdata))

.bss            0x000000000000089c        0xc
                0x000000000000089c                __bss_start = ABSOLUTE (.)
                0x000000000000089c                PROVIDE (__sbss_start, ABSOLUTE (.))
                0x000000000000089c                PROVIDE (___sbss_start, ABSOLUTE (.))
 *(.dynsbss)
 *(.sbss .sbss.* .gnu.linkonce.sb.*)
 .sbss          0x000000000000089c        0xc ../serial3_bsp/\libhal_bsp.a(alt_main.o)
                0x000000000000089c                alt_envp
                0x00000000000008a0                alt_argv
                0x00000000000008a4                alt_argc
 *(.sbss2 .sbss2.* .gnu.linkonce.sb2.*)
 *(.scommon)
                0x00000000000008a8                PROVIDE (__sbss_end, ABSOLUTE (.))
                0x00000000000008a8                PROVIDE (___sbss_end, ABSOLUTE (.))
 *(.dynbss)
 *(.bss .bss.* .gnu.linkonce.b.*)
 .bss           0x00000000000008a8        0x0 ../serial3_bsp//obj/HAL/src/crt0.o
 .bss           0x00000000000008a8        0x0 obj/default/hello_world_small.o
 .bss           0x00000000000008a8        0x0 ../serial3_bsp/\libhal_bsp.a(alt_getchar.o)
 .bss           0x00000000000008a8        0x0 ../serial3_bsp/\libhal_bsp.a(alt_load.o)
 .bss           0x00000000000008a8        0x0 ../serial3_bsp/\libhal_bsp.a(alt_main.o)
 .bss           0x00000000000008a8        0x0 ../serial3_bsp/\libhal_bsp.a(alt_printf.o)
 .bss           0x00000000000008a8        0x0 ../serial3_bsp/\libhal_bsp.a(alt_putchar.o)
 .bss           0x00000000000008a8        0x0 ../serial3_bsp/\libhal_bsp.a(alt_putstr.o)
 .bss           0x00000000000008a8        0x0 ../serial3_bsp/\libhal_bsp.a(alt_usleep.o)
 .bss           0x00000000000008a8        0x0 ../serial3_bsp/\libhal_bsp.a(alt_sys_init.o)
 .bss           0x00000000000008a8        0x0 ../serial3_bsp/\libhal_bsp.a(altera_avalon_jtag_uart_read.o)
 .bss           0x00000000000008a8        0x0 ../serial3_bsp/\libhal_bsp.a(altera_avalon_jtag_uart_write.o)
 .bss           0x00000000000008a8        0x0 ../serial3_bsp/\libhal_bsp.a(alt_busy_sleep.o)
 .bss           0x00000000000008a8        0x0 ../serial3_bsp/\libhal_bsp.a(alt_dcache_flush_all.o)
 .bss           0x00000000000008a8        0x0 ../serial3_bsp/\libhal_bsp.a(alt_dev.o)
 .bss           0x00000000000008a8        0x0 ../serial3_bsp/\libhal_bsp.a(alt_icache_flush_all.o)
 .bss           0x00000000000008a8        0x0 ../serial3_bsp/\libhal_bsp.a(altera_nios2_qsys_irq.o)
 .bss           0x00000000000008a8        0x0 c:/altera/15.1/nios2eds/bin/gnu/h-x86_64-mingw32/bin/../lib/gcc/nios2-elf/4.9.2/../../../../../H-x86_64-mingw32/nios2-elf/lib/mno-hw-mul\libsmallc.a(lib_a-strlen.o)
 .bss           0x00000000000008a8        0x0 c:/altera/15.1/nios2eds/bin/gnu/h-x86_64-mingw32/bin/../lib/gcc/nios2-elf/4.9.2/mno-hw-mul\libgcc.a(lib2-divmod.o)
 .bss           0x00000000000008a8        0x0 c:/altera/15.1/nios2eds/bin/gnu/h-x86_64-mingw32/bin/../lib/gcc/nios2-elf/4.9.2/mno-hw-mul\libgcc.a(lib2-mul.o)
 *(COMMON)
                0x00000000000008a8                . = ALIGN (0x4)
                0x00000000000008a8                __bss_end = ABSOLUTE (.)

.onchip_mem     0x00000000000008a8        0x0
                0x00000000000008a8                PROVIDE (_alt_partition_onchip_mem_start, ABSOLUTE (.))
 *(.onchip_mem .onchip_mem. onchip_mem.*)
                0x00000000000008a8                . = ALIGN (0x4)
                0x00000000000008a8                PROVIDE (_alt_partition_onchip_mem_end, ABSOLUTE (.))
                0x00000000000008a8                _end = ABSOLUTE (.)
                0x00000000000008a8                end = ABSOLUTE (.)
                0x00000000000008a8                __alt_stack_base = ABSOLUTE (.)
                0x00000000000008a8                PROVIDE (_alt_partition_onchip_mem_load_addr, LOADADDR (.onchip_mem))

.stab
 *(.stab)

.stabstr
 *(.stabstr)

.stab.excl
 *(.stab.excl)

.stab.exclstr
 *(.stab.exclstr)

.stab.index
 *(.stab.index)

.stab.indexstr
 *(.stab.indexstr)

.comment        0x0000000000000000       0x23
 *(.comment)
 .comment       0x0000000000000000       0x23 obj/default/hello_world_small.o
                                         0x24 (size before relaxing)
 .comment       0x0000000000000000       0x24 ../serial3_bsp/\libhal_bsp.a(alt_getchar.o)
 .comment       0x0000000000000000       0x24 ../serial3_bsp/\libhal_bsp.a(alt_load.o)
 .comment       0x0000000000000000       0x24 ../serial3_bsp/\libhal_bsp.a(alt_main.o)
 .comment       0x0000000000000000       0x24 ../serial3_bsp/\libhal_bsp.a(alt_printf.o)
 .comment       0x0000000000000000       0x24 ../serial3_bsp/\libhal_bsp.a(alt_putchar.o)
 .comment       0x0000000000000000       0x24 ../serial3_bsp/\libhal_bsp.a(alt_putstr.o)
 .comment       0x0000000000000000       0x24 ../serial3_bsp/\libhal_bsp.a(alt_usleep.o)
 .comment       0x0000000000000000       0x24 ../serial3_bsp/\libhal_bsp.a(alt_sys_init.o)
 .comment       0x0000000000000000       0x24 ../serial3_bsp/\libhal_bsp.a(altera_avalon_jtag_uart_read.o)
 .comment       0x0000000000000000       0x24 ../serial3_bsp/\libhal_bsp.a(altera_avalon_jtag_uart_write.o)
 .comment       0x0000000000000000       0x24 ../serial3_bsp/\libhal_bsp.a(alt_busy_sleep.o)
 .comment       0x0000000000000000       0x24 ../serial3_bsp/\libhal_bsp.a(alt_dcache_flush_all.o)
 .comment       0x0000000000000000       0x24 ../serial3_bsp/\libhal_bsp.a(alt_dev.o)
 .comment       0x0000000000000000       0x24 ../serial3_bsp/\libhal_bsp.a(alt_icache_flush_all.o)
 .comment       0x0000000000000000       0x24 ../serial3_bsp/\libhal_bsp.a(altera_nios2_qsys_irq.o)
 .comment       0x0000000000000000       0x24 c:/altera/15.1/nios2eds/bin/gnu/h-x86_64-mingw32/bin/../lib/gcc/nios2-elf/4.9.2/../../../../../H-x86_64-mingw32/nios2-elf/lib/mno-hw-mul\libsmallc.a(lib_a-strlen.o)
 .comment       0x0000000000000000       0x24 c:/altera/15.1/nios2eds/bin/gnu/h-x86_64-mingw32/bin/../lib/gcc/nios2-elf/4.9.2/mno-hw-mul\libgcc.a(lib2-divmod.o)
 .comment       0x0000000000000000       0x24 c:/altera/15.1/nios2eds/bin/gnu/h-x86_64-mingw32/bin/../lib/gcc/nios2-elf/4.9.2/mno-hw-mul\libgcc.a(lib2-mul.o)

.debug
 *(.debug)

.line
 *(.line)

.debug_srcinfo
 *(.debug_srcinfo)

.debug_sfnames
 *(.debug_sfnames)

.debug_aranges  0x0000000000000000      0x290
 *(.debug_aranges)
 .debug_aranges
                0x0000000000000000       0x28 ../serial3_bsp//obj/HAL/src/crt0.o
 .debug_aranges
                0x0000000000000028       0x28 obj/default/hello_world_small.o
 .debug_aranges
                0x0000000000000050       0x20 ../serial3_bsp/\libhal_bsp.a(alt_getchar.o)
 .debug_aranges
                0x0000000000000070       0x20 ../serial3_bsp/\libhal_bsp.a(alt_load.o)
 .debug_aranges
                0x0000000000000090       0x20 ../serial3_bsp/\libhal_bsp.a(alt_main.o)
 .debug_aranges
                0x00000000000000b0       0x20 ../serial3_bsp/\libhal_bsp.a(alt_printf.o)
 .debug_aranges
                0x00000000000000d0       0x20 ../serial3_bsp/\libhal_bsp.a(alt_putchar.o)
 .debug_aranges
                0x00000000000000f0       0x20 ../serial3_bsp/\libhal_bsp.a(alt_putstr.o)
 .debug_aranges
                0x0000000000000110       0x20 ../serial3_bsp/\libhal_bsp.a(alt_usleep.o)
 .debug_aranges
                0x0000000000000130       0x20 ../serial3_bsp/\libhal_bsp.a(alt_sys_init.o)
 .debug_aranges
                0x0000000000000150       0x20 ../serial3_bsp/\libhal_bsp.a(altera_avalon_jtag_uart_read.o)
 .debug_aranges
                0x0000000000000170       0x20 ../serial3_bsp/\libhal_bsp.a(altera_avalon_jtag_uart_write.o)
 .debug_aranges
                0x0000000000000190       0x20 ../serial3_bsp/\libhal_bsp.a(alt_busy_sleep.o)
 .debug_aranges
                0x00000000000001b0       0x20 ../serial3_bsp/\libhal_bsp.a(alt_dcache_flush_all.o)
 .debug_aranges
                0x00000000000001d0       0x20 ../serial3_bsp/\libhal_bsp.a(alt_dev.o)
 .debug_aranges
                0x00000000000001f0       0x20 ../serial3_bsp/\libhal_bsp.a(alt_icache_flush_all.o)
 .debug_aranges
                0x0000000000000210       0x20 ../serial3_bsp/\libhal_bsp.a(altera_nios2_qsys_irq.o)
 .debug_aranges
                0x0000000000000230       0x20 c:/altera/15.1/nios2eds/bin/gnu/h-x86_64-mingw32/bin/../lib/gcc/nios2-elf/4.9.2/../../../../../H-x86_64-mingw32/nios2-elf/lib/mno-hw-mul\libsmallc.a(lib_a-strlen.o)
 .debug_aranges
                0x0000000000000250       0x20 c:/altera/15.1/nios2eds/bin/gnu/h-x86_64-mingw32/bin/../lib/gcc/nios2-elf/4.9.2/mno-hw-mul\libgcc.a(lib2-divmod.o)
 .debug_aranges
                0x0000000000000270       0x20 c:/altera/15.1/nios2eds/bin/gnu/h-x86_64-mingw32/bin/../lib/gcc/nios2-elf/4.9.2/mno-hw-mul\libgcc.a(lib2-mul.o)

.debug_pubnames
 *(.debug_pubnames)

.debug_info     0x0000000000000000     0x1ce6
 *(.debug_info .gnu.linkonce.wi.*)
 .debug_info    0x0000000000000000       0x8c ../serial3_bsp//obj/HAL/src/crt0.o
 .debug_info    0x000000000000008c      0x1cd obj/default/hello_world_small.o
 .debug_info    0x0000000000000259      0x33b ../serial3_bsp/\libhal_bsp.a(alt_getchar.o)
 .debug_info    0x0000000000000594      0x1ba ../serial3_bsp/\libhal_bsp.a(alt_load.o)
 .debug_info    0x000000000000074e      0x17b ../serial3_bsp/\libhal_bsp.a(alt_main.o)
 .debug_info    0x00000000000008c9      0x153 ../serial3_bsp/\libhal_bsp.a(alt_printf.o)
 .debug_info    0x0000000000000a1c      0x138 ../serial3_bsp/\libhal_bsp.a(alt_putchar.o)
 .debug_info    0x0000000000000b54      0x15d ../serial3_bsp/\libhal_bsp.a(alt_putstr.o)
 .debug_info    0x0000000000000cb1       0xd0 ../serial3_bsp/\libhal_bsp.a(alt_usleep.o)
 .debug_info    0x0000000000000d81      0x17a ../serial3_bsp/\libhal_bsp.a(alt_sys_init.o)
 .debug_info    0x0000000000000efb      0x1ad ../serial3_bsp/\libhal_bsp.a(altera_avalon_jtag_uart_read.o)
 .debug_info    0x00000000000010a8      0x190 ../serial3_bsp/\libhal_bsp.a(altera_avalon_jtag_uart_write.o)
 .debug_info    0x0000000000001238       0xd1 ../serial3_bsp/\libhal_bsp.a(alt_busy_sleep.o)
 .debug_info    0x0000000000001309       0x8b ../serial3_bsp/\libhal_bsp.a(alt_dcache_flush_all.o)
 .debug_info    0x0000000000001394      0x492 ../serial3_bsp/\libhal_bsp.a(alt_dev.o)
 .debug_info    0x0000000000001826       0x8b ../serial3_bsp/\libhal_bsp.a(alt_icache_flush_all.o)
 .debug_info    0x00000000000018b1       0x8b ../serial3_bsp/\libhal_bsp.a(altera_nios2_qsys_irq.o)
 .debug_info    0x000000000000193c       0xc2 c:/altera/15.1/nios2eds/bin/gnu/h-x86_64-mingw32/bin/../lib/gcc/nios2-elf/4.9.2/../../../../../H-x86_64-mingw32/nios2-elf/lib/mno-hw-mul\libsmallc.a(lib_a-strlen.o)
 .debug_info    0x00000000000019fe      0x234 c:/altera/15.1/nios2eds/bin/gnu/h-x86_64-mingw32/bin/../lib/gcc/nios2-elf/4.9.2/mno-hw-mul\libgcc.a(lib2-divmod.o)
 .debug_info    0x0000000000001c32       0xb4 c:/altera/15.1/nios2eds/bin/gnu/h-x86_64-mingw32/bin/../lib/gcc/nios2-elf/4.9.2/mno-hw-mul\libgcc.a(lib2-mul.o)

.debug_abbrev   0x0000000000000000      0xe58
 *(.debug_abbrev)
 .debug_abbrev  0x0000000000000000       0x12 ../serial3_bsp//obj/HAL/src/crt0.o
 .debug_abbrev  0x0000000000000012      0x134 obj/default/hello_world_small.o
 .debug_abbrev  0x0000000000000146      0x11f ../serial3_bsp/\libhal_bsp.a(alt_getchar.o)
 .debug_abbrev  0x0000000000000265       0xd8 ../serial3_bsp/\libhal_bsp.a(alt_load.o)
 .debug_abbrev  0x000000000000033d      0x120 ../serial3_bsp/\libhal_bsp.a(alt_main.o)
 .debug_abbrev  0x000000000000045d       0xde ../serial3_bsp/\libhal_bsp.a(alt_printf.o)
 .debug_abbrev  0x000000000000053b       0xd4 ../serial3_bsp/\libhal_bsp.a(alt_putchar.o)
 .debug_abbrev  0x000000000000060f       0xe2 ../serial3_bsp/\libhal_bsp.a(alt_putstr.o)
 .debug_abbrev  0x00000000000006f1       0x96 ../serial3_bsp/\libhal_bsp.a(alt_usleep.o)
 .debug_abbrev  0x0000000000000787      0x107 ../serial3_bsp/\libhal_bsp.a(alt_sys_init.o)
 .debug_abbrev  0x000000000000088e      0x102 ../serial3_bsp/\libhal_bsp.a(altera_avalon_jtag_uart_read.o)
 .debug_abbrev  0x0000000000000990       0xd5 ../serial3_bsp/\libhal_bsp.a(altera_avalon_jtag_uart_write.o)
 .debug_abbrev  0x0000000000000a65       0x8d ../serial3_bsp/\libhal_bsp.a(alt_busy_sleep.o)
 .debug_abbrev  0x0000000000000af2       0x42 ../serial3_bsp/\libhal_bsp.a(alt_dcache_flush_all.o)
 .debug_abbrev  0x0000000000000b34       0xd9 ../serial3_bsp/\libhal_bsp.a(alt_dev.o)
 .debug_abbrev  0x0000000000000c0d       0x42 ../serial3_bsp/\libhal_bsp.a(alt_icache_flush_all.o)
 .debug_abbrev  0x0000000000000c4f       0x42 ../serial3_bsp/\libhal_bsp.a(altera_nios2_qsys_irq.o)
 .debug_abbrev  0x0000000000000c91       0x7f c:/altera/15.1/nios2eds/bin/gnu/h-x86_64-mingw32/bin/../lib/gcc/nios2-elf/4.9.2/../../../../../H-x86_64-mingw32/nios2-elf/lib/mno-hw-mul\libsmallc.a(lib_a-strlen.o)
 .debug_abbrev  0x0000000000000d10       0xd9 c:/altera/15.1/nios2eds/bin/gnu/h-x86_64-mingw32/bin/../lib/gcc/nios2-elf/4.9.2/mno-hw-mul\libgcc.a(lib2-divmod.o)
 .debug_abbrev  0x0000000000000de9       0x6f c:/altera/15.1/nios2eds/bin/gnu/h-x86_64-mingw32/bin/../lib/gcc/nios2-elf/4.9.2/mno-hw-mul\libgcc.a(lib2-mul.o)

.debug_line     0x0000000000000000      0xeea
 *(.debug_line)
 .debug_line    0x0000000000000000       0x66 ../serial3_bsp//obj/HAL/src/crt0.o
 .debug_line    0x0000000000000066      0x128 obj/default/hello_world_small.o
 .debug_line    0x000000000000018e       0xb7 ../serial3_bsp/\libhal_bsp.a(alt_getchar.o)
 .debug_line    0x0000000000000245       0xa6 ../serial3_bsp/\libhal_bsp.a(alt_load.o)
 .debug_line    0x00000000000002eb       0xbd ../serial3_bsp/\libhal_bsp.a(alt_main.o)
 .debug_line    0x00000000000003a8      0x108 ../serial3_bsp/\libhal_bsp.a(alt_printf.o)
 .debug_line    0x00000000000004b0       0x55 ../serial3_bsp/\libhal_bsp.a(alt_putchar.o)
 .debug_line    0x0000000000000505       0xf5 ../serial3_bsp/\libhal_bsp.a(alt_putstr.o)
 .debug_line    0x00000000000005fa       0xc7 ../serial3_bsp/\libhal_bsp.a(alt_usleep.o)
 .debug_line    0x00000000000006c1      0x101 ../serial3_bsp/\libhal_bsp.a(alt_sys_init.o)
 .debug_line    0x00000000000007c2       0xfb ../serial3_bsp/\libhal_bsp.a(altera_avalon_jtag_uart_read.o)
 .debug_line    0x00000000000008bd       0xf0 ../serial3_bsp/\libhal_bsp.a(altera_avalon_jtag_uart_write.o)
 .debug_line    0x00000000000009ad       0xc0 ../serial3_bsp/\libhal_bsp.a(alt_busy_sleep.o)
 .debug_line    0x0000000000000a6d       0x4e ../serial3_bsp/\libhal_bsp.a(alt_dcache_flush_all.o)
 .debug_line    0x0000000000000abb       0xee ../serial3_bsp/\libhal_bsp.a(alt_dev.o)
 .debug_line    0x0000000000000ba9       0x4e ../serial3_bsp/\libhal_bsp.a(alt_icache_flush_all.o)
 .debug_line    0x0000000000000bf7       0x50 ../serial3_bsp/\libhal_bsp.a(altera_nios2_qsys_irq.o)
 .debug_line    0x0000000000000c47      0x15c c:/altera/15.1/nios2eds/bin/gnu/h-x86_64-mingw32/bin/../lib/gcc/nios2-elf/4.9.2/../../../../../H-x86_64-mingw32/nios2-elf/lib/mno-hw-mul\libsmallc.a(lib_a-strlen.o)
 .debug_line    0x0000000000000da3       0xc7 c:/altera/15.1/nios2eds/bin/gnu/h-x86_64-mingw32/bin/../lib/gcc/nios2-elf/4.9.2/mno-hw-mul\libgcc.a(lib2-divmod.o)
 .debug_line    0x0000000000000e6a       0x80 c:/altera/15.1/nios2eds/bin/gnu/h-x86_64-mingw32/bin/../lib/gcc/nios2-elf/4.9.2/mno-hw-mul\libgcc.a(lib2-mul.o)

.debug_frame    0x0000000000000000      0x3a4
 *(.debug_frame)
 .debug_frame   0x0000000000000000       0x50 obj/default/hello_world_small.o
 .debug_frame   0x0000000000000050       0x2c ../serial3_bsp/\libhal_bsp.a(alt_getchar.o)
 .debug_frame   0x000000000000007c       0x30 ../serial3_bsp/\libhal_bsp.a(alt_load.o)
 .debug_frame   0x00000000000000ac       0x2c ../serial3_bsp/\libhal_bsp.a(alt_main.o)
 .debug_frame   0x00000000000000d8       0x54 ../serial3_bsp/\libhal_bsp.a(alt_printf.o)
 .debug_frame   0x000000000000012c       0x30 ../serial3_bsp/\libhal_bsp.a(alt_putchar.o)
 .debug_frame   0x000000000000015c       0x30 ../serial3_bsp/\libhal_bsp.a(alt_putstr.o)
 .debug_frame   0x000000000000018c       0x20 ../serial3_bsp/\libhal_bsp.a(alt_usleep.o)
 .debug_frame   0x00000000000001ac       0x3c ../serial3_bsp/\libhal_bsp.a(alt_sys_init.o)
 .debug_frame   0x00000000000001e8       0x20 ../serial3_bsp/\libhal_bsp.a(altera_avalon_jtag_uart_read.o)
 .debug_frame   0x0000000000000208       0x20 ../serial3_bsp/\libhal_bsp.a(altera_avalon_jtag_uart_write.o)
 .debug_frame   0x0000000000000228       0x30 ../serial3_bsp/\libhal_bsp.a(alt_busy_sleep.o)
 .debug_frame   0x0000000000000258       0x20 ../serial3_bsp/\libhal_bsp.a(alt_dcache_flush_all.o)
 .debug_frame   0x0000000000000278       0x20 ../serial3_bsp/\libhal_bsp.a(alt_dev.o)
 .debug_frame   0x0000000000000298       0x20 ../serial3_bsp/\libhal_bsp.a(alt_icache_flush_all.o)
 .debug_frame   0x00000000000002b8       0x20 ../serial3_bsp/\libhal_bsp.a(altera_nios2_qsys_irq.o)
 .debug_frame   0x00000000000002d8       0x20 c:/altera/15.1/nios2eds/bin/gnu/h-x86_64-mingw32/bin/../lib/gcc/nios2-elf/4.9.2/../../../../../H-x86_64-mingw32/nios2-elf/lib/mno-hw-mul\libsmallc.a(lib_a-strlen.o)
 .debug_frame   0x00000000000002f8       0x8c c:/altera/15.1/nios2eds/bin/gnu/h-x86_64-mingw32/bin/../lib/gcc/nios2-elf/4.9.2/mno-hw-mul\libgcc.a(lib2-divmod.o)
 .debug_frame   0x0000000000000384       0x20 c:/altera/15.1/nios2eds/bin/gnu/h-x86_64-mingw32/bin/../lib/gcc/nios2-elf/4.9.2/mno-hw-mul\libgcc.a(lib2-mul.o)

.debug_str      0x0000000000000000      0xa6f
 *(.debug_str)
 .debug_str     0x0000000000000000      0x142 obj/default/hello_world_small.o
                                        0x180 (size before relaxing)
 .debug_str     0x0000000000000142      0x144 ../serial3_bsp/\libhal_bsp.a(alt_getchar.o)
                                        0x237 (size before relaxing)
 .debug_str     0x0000000000000286      0x11b ../serial3_bsp/\libhal_bsp.a(alt_load.o)
                                        0x23d (size before relaxing)
 .debug_str     0x00000000000003a1       0x5e ../serial3_bsp/\libhal_bsp.a(alt_main.o)
                                        0x1b6 (size before relaxing)
 .debug_str     0x00000000000003ff       0x59 ../serial3_bsp/\libhal_bsp.a(alt_printf.o)
                                        0x113 (size before relaxing)
 .debug_str     0x0000000000000458       0x34 ../serial3_bsp/\libhal_bsp.a(alt_putchar.o)
                                        0x18c (size before relaxing)
 .debug_str     0x000000000000048c       0x23 ../serial3_bsp/\libhal_bsp.a(alt_putstr.o)
                                        0x198 (size before relaxing)
 .debug_str     0x00000000000004af       0x24 ../serial3_bsp/\libhal_bsp.a(alt_usleep.o)
                                        0x158 (size before relaxing)
 .debug_str     0x00000000000004d3       0x86 ../serial3_bsp/\libhal_bsp.a(alt_sys_init.o)
                                        0x225 (size before relaxing)
 .debug_str     0x0000000000000559       0x3d ../serial3_bsp/\libhal_bsp.a(altera_avalon_jtag_uart_read.o)
                                        0x220 (size before relaxing)
 .debug_str     0x0000000000000596       0x32 ../serial3_bsp/\libhal_bsp.a(altera_avalon_jtag_uart_write.o)
                                        0x216 (size before relaxing)
 .debug_str     0x00000000000005c8       0x33 ../serial3_bsp/\libhal_bsp.a(alt_busy_sleep.o)
                                        0x16c (size before relaxing)
 .debug_str     0x00000000000005fb       0x1f ../serial3_bsp/\libhal_bsp.a(alt_dcache_flush_all.o)
                                        0x156 (size before relaxing)
 .debug_str     0x000000000000061a      0x120 ../serial3_bsp/\libhal_bsp.a(alt_dev.o)
                                        0x306 (size before relaxing)
 .debug_str     0x000000000000073a       0x1f ../serial3_bsp/\libhal_bsp.a(alt_icache_flush_all.o)
                                        0x156 (size before relaxing)
 .debug_str     0x0000000000000759       0x20 ../serial3_bsp/\libhal_bsp.a(altera_nios2_qsys_irq.o)
                                        0x15d (size before relaxing)
 .debug_str     0x0000000000000779      0x131 c:/altera/15.1/nios2eds/bin/gnu/h-x86_64-mingw32/bin/../lib/gcc/nios2-elf/4.9.2/../../../../../H-x86_64-mingw32/nios2-elf/lib/mno-hw-mul\libsmallc.a(lib_a-strlen.o)
                                        0x1d7 (size before relaxing)
 .debug_str     0x00000000000008aa      0x185 c:/altera/15.1/nios2eds/bin/gnu/h-x86_64-mingw32/bin/../lib/gcc/nios2-elf/4.9.2/mno-hw-mul\libgcc.a(lib2-divmod.o)
                                        0x1d0 (size before relaxing)
 .debug_str     0x0000000000000a2f       0x40 c:/altera/15.1/nios2eds/bin/gnu/h-x86_64-mingw32/bin/../lib/gcc/nios2-elf/4.9.2/mno-hw-mul\libgcc.a(lib2-mul.o)
                                        0x191 (size before relaxing)

.debug_loc      0x0000000000000000      0x78d
 *(.debug_loc)
 .debug_loc     0x0000000000000000       0x3f obj/default/hello_world_small.o
 .debug_loc     0x000000000000003f      0x1c6 ../serial3_bsp/\libhal_bsp.a(alt_printf.o)
 .debug_loc     0x0000000000000205       0x2c ../serial3_bsp/\libhal_bsp.a(alt_putchar.o)
 .debug_loc     0x0000000000000231       0x37 ../serial3_bsp/\libhal_bsp.a(alt_putstr.o)
 .debug_loc     0x0000000000000268       0x21 ../serial3_bsp/\libhal_bsp.a(alt_usleep.o)
 .debug_loc     0x0000000000000289       0x21 ../serial3_bsp/\libhal_bsp.a(alt_sys_init.o)
 .debug_loc     0x00000000000002aa       0xcd ../serial3_bsp/\libhal_bsp.a(altera_avalon_jtag_uart_read.o)
 .debug_loc     0x0000000000000377       0x8b ../serial3_bsp/\libhal_bsp.a(altera_avalon_jtag_uart_write.o)
 .debug_loc     0x0000000000000402       0x67 ../serial3_bsp/\libhal_bsp.a(alt_busy_sleep.o)
 .debug_loc     0x0000000000000469       0x1e c:/altera/15.1/nios2eds/bin/gnu/h-x86_64-mingw32/bin/../lib/gcc/nios2-elf/4.9.2/../../../../../H-x86_64-mingw32/nios2-elf/lib/mno-hw-mul\libsmallc.a(lib_a-strlen.o)
 .debug_loc     0x0000000000000487      0x273 c:/altera/15.1/nios2eds/bin/gnu/h-x86_64-mingw32/bin/../lib/gcc/nios2-elf/4.9.2/mno-hw-mul\libgcc.a(lib2-divmod.o)
 .debug_loc     0x00000000000006fa       0x93 c:/altera/15.1/nios2eds/bin/gnu/h-x86_64-mingw32/bin/../lib/gcc/nios2-elf/4.9.2/mno-hw-mul\libgcc.a(lib2-mul.o)

.debug_macinfo
 *(.debug_macinfo)

.debug_weaknames
 *(.debug_weaknames)

.debug_funcnames
 *(.debug_funcnames)

.debug_typenames
 *(.debug_typenames)

.debug_varnames
 *(.debug_varnames)

.debug_alt_sim_info
                0x0000000000000000       0x40
 *(.debug_alt_sim_info)
 .debug_alt_sim_info
                0x0000000000000000       0x10 ../serial3_bsp//obj/HAL/src/crt0.o
 .debug_alt_sim_info
                0x0000000000000010       0x30 ../serial3_bsp/\libhal_bsp.a(alt_busy_sleep.o)
                0x0000000000004000                __alt_data_end = 0x4000
                0x0000000000004000                PROVIDE (__alt_stack_pointer, __alt_data_end)
                0x00000000000008a8                PROVIDE (__alt_stack_limit, __alt_stack_base)
                0x00000000000008a8                PROVIDE (__alt_heap_start, end)
                0x0000000000004000                PROVIDE (__alt_heap_limit, 0x4000)
OUTPUT(serial3.elf elf32-littlenios2)

.debug_ranges   0x0000000000000000       0xc8
 .debug_ranges  0x0000000000000000       0x20 ../serial3_bsp//obj/HAL/src/crt0.o
 .debug_ranges  0x0000000000000020       0x18 obj/default/hello_world_small.o
 .debug_ranges  0x0000000000000038       0x48 ../serial3_bsp/\libhal_bsp.a(alt_load.o)
 .debug_ranges  0x0000000000000080       0x18 ../serial3_bsp/\libhal_bsp.a(alt_printf.o)
 .debug_ranges  0x0000000000000098       0x20 ../serial3_bsp/\libhal_bsp.a(altera_avalon_jtag_uart_read.o)
 .debug_ranges  0x00000000000000b8       0x10 c:/altera/15.1/nios2eds/bin/gnu/h-x86_64-mingw32/bin/../lib/gcc/nios2-elf/4.9.2/../../../../../H-x86_64-mingw32/nios2-elf/lib/mno-hw-mul\libsmallc.a(lib_a-strlen.o)
