Archive member included to satisfy reference by file (symbol)

../serial3_bsp/\libhal_bsp.a(alt_fcntl.o)
                              obj/default/hello_world_small.o (fcntl)
../serial3_bsp/\libhal_bsp.a(alt_getchar.o)
                              obj/default/hello_world_small.o (alt_getchar)
../serial3_bsp/\libhal_bsp.a(alt_load.o)
                              ../serial3_bsp//obj/HAL/src/crt0.o (alt_load)
../serial3_bsp/\libhal_bsp.a(alt_main.o)
                              ../serial3_bsp//obj/HAL/src/crt0.o (alt_main)
../serial3_bsp/\libhal_bsp.a(alt_printf.o)
                              obj/default/hello_world_small.o (alt_printf)
../serial3_bsp/\libhal_bsp.a(alt_putchar.o)
                              ../serial3_bsp/\libhal_bsp.a(alt_printf.o) (alt_putchar)
../serial3_bsp/\libhal_bsp.a(alt_usleep.o)
                              obj/default/hello_world_small.o (usleep)
../serial3_bsp/\libhal_bsp.a(alt_sys_init.o)
                              ../serial3_bsp/\libhal_bsp.a(alt_main.o) (alt_irq_init)
../serial3_bsp/\libhal_bsp.a(altera_avalon_jtag_uart_read.o)
                              ../serial3_bsp/\libhal_bsp.a(alt_getchar.o) (altera_avalon_jtag_uart_read)
../serial3_bsp/\libhal_bsp.a(altera_avalon_jtag_uart_write.o)
                              ../serial3_bsp/\libhal_bsp.a(alt_putchar.o) (altera_avalon_jtag_uart_write)
../serial3_bsp/\libhal_bsp.a(alt_busy_sleep.o)
                              ../serial3_bsp/\libhal_bsp.a(alt_usleep.o) (alt_busy_sleep)
../serial3_bsp/\libhal_bsp.a(alt_dcache_flush_all.o)
                              ../serial3_bsp/\libhal_bsp.a(alt_load.o) (alt_dcache_flush_all)
../serial3_bsp/\libhal_bsp.a(alt_dev.o)
                              ../serial3_bsp/\libhal_bsp.a(alt_fcntl.o) (alt_fd_list)
../serial3_bsp/\libhal_bsp.a(alt_errno.o)
                              ../serial3_bsp/\libhal_bsp.a(alt_fcntl.o) (alt_errno)
../serial3_bsp/\libhal_bsp.a(alt_icache_flush_all.o)
                              ../serial3_bsp/\libhal_bsp.a(alt_load.o) (alt_icache_flush_all)
../serial3_bsp/\libhal_bsp.a(altera_nios2_qsys_irq.o)
                              ../serial3_bsp/\libhal_bsp.a(alt_sys_init.o) (altera_nios2_qsys_irq_init)
c:/altera/15.1/nios2eds/bin/gnu/h-x86_64-mingw32/bin/../lib/gcc/nios2-elf/4.9.2/../../../../../H-x86_64-mingw32/nios2-elf/lib/mno-hw-mul\libsmallc.a(lib_a-int_errno.o)
                              ../serial3_bsp/\libhal_bsp.a(alt_fcntl.o) (errno)
c:/altera/15.1/nios2eds/bin/gnu/h-x86_64-mingw32/bin/../lib/gcc/nios2-elf/4.9.2/mno-hw-mul\libgcc.a(lib2-divmod.o)
                              ../serial3_bsp/\libhal_bsp.a(alt_busy_sleep.o) (__udivsi3)
c:/altera/15.1/nios2eds/bin/gnu/h-x86_64-mingw32/bin/../lib/gcc/nios2-elf/4.9.2/mno-hw-mul\libgcc.a(lib2-mul.o)
                              ../serial3_bsp/\libhal_bsp.a(alt_fcntl.o) (__mulsi3)

Allocating common symbols
Common symbol       size              file

errno               0x4               c:/altera/15.1/nios2eds/bin/gnu/h-x86_64-mingw32/bin/../lib/gcc/nios2-elf/4.9.2/../../../../../H-x86_64-mingw32/nios2-elf/lib/mno-hw-mul\libsmallc.a(lib_a-int_errno.o)

Memory Configuration

Name             Origin             Length             Attributes
reset            0x0000000000000000 0x0000000000000020
onchip_mem       0x0000000000000020 0x0000000000003fe0
*default*        0x0000000000000000 0xffffffffffffffff

Linker script and memory map

LOAD ../serial3_bsp//obj/HAL/src/crt0.o
LOAD obj/default/hello_world_small.o
LOAD c:/altera/15.1/nios2eds/bin/gnu/h-x86_64-mingw32/bin/../lib/gcc/nios2-elf/4.9.2/../../../../../H-x86_64-mingw32/nios2-elf/lib/mno-hw-mul\libstdc++.a
LOAD c:/altera/15.1/nios2eds/bin/gnu/h-x86_64-mingw32/bin/../lib/gcc/nios2-elf/4.9.2/../../../../../H-x86_64-mingw32/nios2-elf/lib/mno-hw-mul\libm.a
LOAD c:/altera/15.1/nios2eds/bin/gnu/h-x86_64-mingw32/bin/../lib/gcc/nios2-elf/4.9.2/mno-hw-mul\libgcc.a
START GROUP
LOAD c:/altera/15.1/nios2eds/bin/gnu/h-x86_64-mingw32/bin/../lib/gcc/nios2-elf/4.9.2/../../../../../H-x86_64-mingw32/nios2-elf/lib/mno-hw-mul\libsmallc.a
LOAD c:/altera/15.1/nios2eds/bin/gnu/h-x86_64-mingw32/bin/../lib/gcc/nios2-elf/4.9.2/mno-hw-mul\libgcc.a
LOAD ../serial3_bsp/\libhal_bsp.a
LOAD c:/altera/15.1/nios2eds/bin/gnu/h-x86_64-mingw32/bin/../lib/gcc/nios2-elf/4.9.2/../../../../../H-x86_64-mingw32/nios2-elf/lib/mno-hw-mul\libm.a
END GROUP
LOAD c:/altera/15.1/nios2eds/bin/gnu/h-x86_64-mingw32/bin/../lib/gcc/nios2-elf/4.9.2/mno-hw-mul\libgcc.a
                0x0000000000000000                __alt_mem_onchip_mem = 0x0

.entry          0x0000000000000000       0x20
 *(.entry)
 .entry         0x0000000000000000       0x20 ../serial3_bsp//obj/HAL/src/crt0.o
                0x0000000000000000                __reset
                0x000000000000000c                _exit

.exceptions     0x0000000000000020        0x0
                0x0000000000000020                PROVIDE (__ram_exceptions_start, ABSOLUTE (.))
                0x0000000000000020                . = ALIGN (0x20)
 *(.irq)
 *(.exceptions.entry.label)
 *(.exceptions.entry.user)
 *(.exceptions.entry.ecc_fatal)
 *(.exceptions.entry)
 *(.exceptions.irqtest.user)
 *(.exceptions.irqtest)
 *(.exceptions.irqhandler.user)
 *(.exceptions.irqhandler)
 *(.exceptions.irqreturn.user)
 *(.exceptions.irqreturn)
 *(.exceptions.notirq.label)
 *(.exceptions.notirq.user)
 *(.exceptions.notirq)
 *(.exceptions.soft.user)
 *(.exceptions.soft)
 *(.exceptions.unknown.user)
 *(.exceptions.unknown)
 *(.exceptions.exit.label)
 *(.exceptions.exit.user)
 *(.exceptions.exit)
 *(.exceptions)
                0x0000000000000020                PROVIDE (__ram_exceptions_end, ABSOLUTE (.))
                0x0000000000000020                PROVIDE (__flash_exceptions_start, LOADADDR (.exceptions))

.text           0x0000000000000020      0x838
                0x0000000000000020                PROVIDE (stext, ABSOLUTE (.))
 *(.interp)
 *(.hash)
 *(.dynsym)
 *(.dynstr)
 *(.gnu.version)
 *(.gnu.version_d)
 *(.gnu.version_r)
 *(.rel.init)
 *(.rela.init)
 *(.rel.text .rel.text.* .rel.gnu.linkonce.t.*)
 *(.rela.text .rela.text.* .rela.gnu.linkonce.t.*)
 *(.rel.fini)
 *(.rela.fini)
 *(.rel.rodata .rel.rodata.* .rel.gnu.linkonce.r.*)
 *(.rela.rodata .rela.rodata.* .rela.gnu.linkonce.r.*)
 *(.rel.data .rel.data.* .rel.gnu.linkonce.d.*)
 *(.rela.data .rela.data.* .rela.gnu.linkonce.d.*)
 *(.rel.tdata .rel.tdata.* .rel.gnu.linkonce.td.*)
 *(.rela.tdata .rela.tdata.* .rela.gnu.linkonce.td.*)
 *(.rel.tbss .rel.tbss.* .rel.gnu.linkonce.tb.*)
 *(.rela.tbss .rela.tbss.* .rela.gnu.linkonce.tb.*)
 *(.rel.ctors)
 *(.rela.ctors)
 *(.rel.dtors)
 *(.rela.dtors)
 *(.rel.got)
 *(.rela.got)
 *(.rel.sdata .rel.sdata.* .rel.gnu.linkonce.s.*)
 *(.rela.sdata .rela.sdata.* .rela.gnu.linkonce.s.*)
 *(.rel.sbss .rel.sbss.* .rel.gnu.linkonce.sb.*)
 *(.rela.sbss .rela.sbss.* .rela.gnu.linkonce.sb.*)
 *(.rel.sdata2 .rel.sdata2.* .rel.gnu.linkonce.s2.*)
 *(.rela.sdata2 .rela.sdata2.* .rela.gnu.linkonce.s2.*)
 *(.rel.sbss2 .rel.sbss2.* .rel.gnu.linkonce.sb2.*)
 *(.rela.sbss2 .rela.sbss2.* .rela.gnu.linkonce.sb2.*)
 *(.rel.bss .rel.bss.* .rel.gnu.linkonce.b.*)
 *(.rela.bss .rela.bss.* .rela.gnu.linkonce.b.*)
 *(.rel.plt)
 *(.rela.plt)
 *(.rel.dyn)
 *(.init)
 *(.plt)
 *(.text .stub .text.* .gnu.linkonce.t.*)
 .text          0x0000000000000020       0x3c ../serial3_bsp//obj/HAL/src/crt0.o
                0x0000000000000020                _start
 .text          0x000000000000005c       0x60 obj/default/hello_world_small.o
                0x000000000000005c                writeToSerial
 .text.startup  0x00000000000000bc       0xb0 obj/default/hello_world_small.o
                0x00000000000000bc                main
 .text          0x000000000000016c      0x124 ../serial3_bsp/\libhal_bsp.a(alt_fcntl.o)
                0x000000000000016c                fcntl
 .text          0x0000000000000290       0x44 ../serial3_bsp/\libhal_bsp.a(alt_getchar.o)
                0x0000000000000290                alt_getchar
 .text          0x00000000000002d4       0xf8 ../serial3_bsp/\libhal_bsp.a(alt_load.o)
                0x00000000000002d4                alt_load
 .text          0x00000000000003cc       0x2c ../serial3_bsp/\libhal_bsp.a(alt_main.o)
                0x00000000000003cc                alt_main
 .text          0x00000000000003f8      0x16c ../serial3_bsp/\libhal_bsp.a(alt_printf.o)
                0x00000000000003f8                alt_printf
 .text          0x0000000000000564       0x48 ../serial3_bsp/\libhal_bsp.a(alt_putchar.o)
                0x0000000000000564                alt_putchar
 .text          0x00000000000005ac        0x4 ../serial3_bsp/\libhal_bsp.a(alt_usleep.o)
                0x00000000000005ac                usleep
 .text          0x00000000000005b0       0x24 ../serial3_bsp/\libhal_bsp.a(alt_sys_init.o)
                0x00000000000005b0                alt_irq_init
                0x00000000000005d0                alt_sys_init
 .text          0x00000000000005d4       0x5c ../serial3_bsp/\libhal_bsp.a(altera_avalon_jtag_uart_read.o)
                0x00000000000005d4                altera_avalon_jtag_uart_read
 .text          0x0000000000000630       0x34 ../serial3_bsp/\libhal_bsp.a(altera_avalon_jtag_uart_write.o)
                0x0000000000000630                altera_avalon_jtag_uart_write
 .text          0x0000000000000664       0x88 ../serial3_bsp/\libhal_bsp.a(alt_busy_sleep.o)
                0x0000000000000664                alt_busy_sleep
 .text          0x00000000000006ec        0x4 ../serial3_bsp/\libhal_bsp.a(alt_dcache_flush_all.o)
                0x00000000000006ec                alt_dcache_flush_all
 .text          0x00000000000006f0        0x8 ../serial3_bsp/\libhal_bsp.a(alt_dev.o)
 .text          0x00000000000006f8        0x0 ../serial3_bsp/\libhal_bsp.a(alt_errno.o)
 .text          0x00000000000006f8        0x4 ../serial3_bsp/\libhal_bsp.a(alt_icache_flush_all.o)
                0x00000000000006f8                alt_icache_flush_all
 .text          0x00000000000006fc        0x8 ../serial3_bsp/\libhal_bsp.a(altera_nios2_qsys_irq.o)
                0x00000000000006fc                altera_nios2_qsys_irq_init
 .text          0x0000000000000704        0x0 c:/altera/15.1/nios2eds/bin/gnu/h-x86_64-mingw32/bin/../lib/gcc/nios2-elf/4.9.2/../../../../../H-x86_64-mingw32/nios2-elf/lib/mno-hw-mul\libsmallc.a(lib_a-int_errno.o)
 .text          0x0000000000000704      0x12c c:/altera/15.1/nios2eds/bin/gnu/h-x86_64-mingw32/bin/../lib/gcc/nios2-elf/4.9.2/mno-hw-mul\libgcc.a(lib2-divmod.o)
                0x0000000000000770                __divsi3
                0x00000000000007c4                __modsi3
                0x0000000000000820                __udivsi3
                0x0000000000000828                __umodsi3
 .text          0x0000000000000830       0x28 c:/altera/15.1/nios2eds/bin/gnu/h-x86_64-mingw32/bin/../lib/gcc/nios2-elf/4.9.2/mno-hw-mul\libgcc.a(lib2-mul.o)
                0x0000000000000830                __mulsi3
 *(.gnu.warning.*)
 *(.fini)
                0x0000000000000858                PROVIDE (__etext, ABSOLUTE (.))
                0x0000000000000858                PROVIDE (_etext, ABSOLUTE (.))
                0x0000000000000858                PROVIDE (etext, ABSOLUTE (.))
 *(.eh_frame_hdr)
                0x0000000000000858                . = ALIGN (0x4)
                0x0000000000000858                PROVIDE (__preinit_array_start, ABSOLUTE (.))
 *(.preinit_array)
                0x0000000000000858                PROVIDE (__preinit_array_end, ABSOLUTE (.))
                0x0000000000000858                PROVIDE (__init_array_start, ABSOLUTE (.))
 *(.init_array)
                0x0000000000000858                PROVIDE (__init_array_end, ABSOLUTE (.))
                0x0000000000000858                PROVIDE (__fini_array_start, ABSOLUTE (.))
 *(.fini_array)
                0x0000000000000858                PROVIDE (__fini_array_end, ABSOLUTE (.))
 *(.eh_frame)
 *(.gcc_except_table .gcc_except_table.*)
 *(.dynamic)
                0x0000000000000858                PROVIDE (__CTOR_LIST__, ABSOLUTE (.))
 *(.ctors)
 *(SORT(.ctors.*))
                0x0000000000000858                PROVIDE (__CTOR_END__, ABSOLUTE (.))
                0x0000000000000858                PROVIDE (__DTOR_LIST__, ABSOLUTE (.))
 *(.dtors)
 *(SORT(.dtors.*))
                0x0000000000000858                PROVIDE (__DTOR_END__, ABSOLUTE (.))
 *(.jcr)
                0x0000000000000858                . = ALIGN (0x4)

.rodata         0x0000000000000858       0x18
                0x0000000000000858                PROVIDE (__ram_rodata_start, ABSOLUTE (.))
                0x0000000000000858                . = ALIGN (0x4)
 *(.rodata .rodata.* .gnu.linkonce.r.*)
 .rodata.str1.4
                0x0000000000000858        0xc obj/default/hello_world_small.o
 .rodata.str1.4
                0x0000000000000864        0xc ../serial3_bsp/\libhal_bsp.a(alt_dev.o)
 *(.rodata1)
                0x0000000000000870                . = ALIGN (0x4)
                0x0000000000000870                PROVIDE (__ram_rodata_end, ABSOLUTE (.))
                0x0000000000000858                PROVIDE (__flash_rodata_start, LOADADDR (.rodata))

.rwdata         0x0000000000000870       0x74 load address 0x00000000000008e4
                0x0000000000000870                PROVIDE (__ram_rwdata_start, ABSOLUTE (.))
                0x0000000000000870                . = ALIGN (0x4)
 *(.got.plt)
 *(.got)
 *(.data1)
 *(.data .data.* .gnu.linkonce.d.*)
 .data          0x0000000000000870        0x0 ../serial3_bsp//obj/HAL/src/crt0.o
 .data          0x0000000000000870        0x0 obj/default/hello_world_small.o
 .data          0x0000000000000870        0x0 ../serial3_bsp/\libhal_bsp.a(alt_fcntl.o)
 .data          0x0000000000000870        0x0 ../serial3_bsp/\libhal_bsp.a(alt_getchar.o)
 .data          0x0000000000000870        0x0 ../serial3_bsp/\libhal_bsp.a(alt_load.o)
 .data          0x0000000000000870        0x0 ../serial3_bsp/\libhal_bsp.a(alt_main.o)
 .data          0x0000000000000870        0x0 ../serial3_bsp/\libhal_bsp.a(alt_printf.o)
 .data          0x0000000000000870        0x0 ../serial3_bsp/\libhal_bsp.a(alt_putchar.o)
 .data          0x0000000000000870        0x0 ../serial3_bsp/\libhal_bsp.a(alt_usleep.o)
 .data          0x0000000000000870        0x0 ../serial3_bsp/\libhal_bsp.a(alt_sys_init.o)
 .data          0x0000000000000870        0x0 ../serial3_bsp/\libhal_bsp.a(altera_avalon_jtag_uart_read.o)
 .data          0x0000000000000870        0x0 ../serial3_bsp/\libhal_bsp.a(altera_avalon_jtag_uart_write.o)
 .data          0x0000000000000870        0x0 ../serial3_bsp/\libhal_bsp.a(alt_busy_sleep.o)
 .data          0x0000000000000870        0x0 ../serial3_bsp/\libhal_bsp.a(alt_dcache_flush_all.o)
 .data          0x0000000000000870       0x58 ../serial3_bsp/\libhal_bsp.a(alt_dev.o)
                0x0000000000000870                alt_fd_list
                0x00000000000008a0                alt_dev_null
 .data          0x00000000000008c8        0x0 ../serial3_bsp/\libhal_bsp.a(alt_errno.o)
 .data          0x00000000000008c8        0x0 ../serial3_bsp/\libhal_bsp.a(alt_icache_flush_all.o)
 .data          0x00000000000008c8        0x0 ../serial3_bsp/\libhal_bsp.a(altera_nios2_qsys_irq.o)
 .data          0x00000000000008c8        0x0 c:/altera/15.1/nios2eds/bin/gnu/h-x86_64-mingw32/bin/../lib/gcc/nios2-elf/4.9.2/../../../../../H-x86_64-mingw32/nios2-elf/lib/mno-hw-mul\libsmallc.a(lib_a-int_errno.o)
 .data          0x00000000000008c8        0x0 c:/altera/15.1/nios2eds/bin/gnu/h-x86_64-mingw32/bin/../lib/gcc/nios2-elf/4.9.2/mno-hw-mul\libgcc.a(lib2-divmod.o)
 .data          0x00000000000008c8        0x0 c:/altera/15.1/nios2eds/bin/gnu/h-x86_64-mingw32/bin/../lib/gcc/nios2-elf/4.9.2/mno-hw-mul\libgcc.a(lib2-mul.o)
                0x00000000000088c8                _gp = ABSOLUTE ((. + 0x8000))
                0x00000000000088c8                PROVIDE (gp, _gp)
 *(.rwdata .rwdata.*)
 *(.sdata .sdata.* .gnu.linkonce.s.*)
 .sdata         0x00000000000008c8        0x4 ../serial3_bsp/\libhal_bsp.a(alt_sys_init.o)
                0x00000000000008c8                jtag_uart
 .sdata         0x00000000000008cc       0x14 ../serial3_bsp/\libhal_bsp.a(alt_dev.o)
                0x00000000000008cc                alt_max_fd
                0x00000000000008d0                alt_dev_list
                0x00000000000008d8                alt_fs_list
 .sdata         0x00000000000008e0        0x4 ../serial3_bsp/\libhal_bsp.a(alt_errno.o)
                0x00000000000008e0                alt_errno
 *(.sdata2 .sdata2.* .gnu.linkonce.s2.*)
                0x00000000000008e4                . = ALIGN (0x4)
                0x00000000000008e4                _edata = ABSOLUTE (.)
                0x00000000000008e4                PROVIDE (edata, ABSOLUTE (.))
                0x00000000000008e4                PROVIDE (__ram_rwdata_end, ABSOLUTE (.))
                0x00000000000008e4                PROVIDE (__flash_rwdata_start, LOADADDR (.rwdata))

.bss            0x0000000000000958       0x10
                0x0000000000000958                __bss_start = ABSOLUTE (.)
                0x0000000000000958                PROVIDE (__sbss_start, ABSOLUTE (.))
                0x0000000000000958                PROVIDE (___sbss_start, ABSOLUTE (.))
 *(.dynsbss)
 *(.sbss .sbss.* .gnu.linkonce.sb.*)
 .sbss          0x0000000000000958        0xc ../serial3_bsp/\libhal_bsp.a(alt_main.o)
                0x0000000000000958                alt_envp
                0x000000000000095c                alt_argv
                0x0000000000000960                alt_argc
 .sbss          0x0000000000000964        0x4 c:/altera/15.1/nios2eds/bin/gnu/h-x86_64-mingw32/bin/../lib/gcc/nios2-elf/4.9.2/../../../../../H-x86_64-mingw32/nios2-elf/lib/mno-hw-mul\libsmallc.a(lib_a-int_errno.o)
                0x0000000000000964                errno
 *(.sbss2 .sbss2.* .gnu.linkonce.sb2.*)
 *(.scommon)
                0x0000000000000968                PROVIDE (__sbss_end, ABSOLUTE (.))
                0x0000000000000968                PROVIDE (___sbss_end, ABSOLUTE (.))
 *(.dynbss)
 *(.bss .bss.* .gnu.linkonce.b.*)
 .bss           0x0000000000000968        0x0 ../serial3_bsp//obj/HAL/src/crt0.o
 .bss           0x0000000000000968        0x0 obj/default/hello_world_small.o
 .bss           0x0000000000000968        0x0 ../serial3_bsp/\libhal_bsp.a(alt_fcntl.o)
 .bss           0x0000000000000968        0x0 ../serial3_bsp/\libhal_bsp.a(alt_getchar.o)
 .bss           0x0000000000000968        0x0 ../serial3_bsp/\libhal_bsp.a(alt_load.o)
 .bss           0x0000000000000968        0x0 ../serial3_bsp/\libhal_bsp.a(alt_main.o)
 .bss           0x0000000000000968        0x0 ../serial3_bsp/\libhal_bsp.a(alt_printf.o)
 .bss           0x0000000000000968        0x0 ../serial3_bsp/\libhal_bsp.a(alt_putchar.o)
 .bss           0x0000000000000968        0x0 ../serial3_bsp/\libhal_bsp.a(alt_usleep.o)
 .bss           0x0000000000000968        0x0 ../serial3_bsp/\libhal_bsp.a(alt_sys_init.o)
 .bss           0x0000000000000968        0x0 ../serial3_bsp/\libhal_bsp.a(altera_avalon_jtag_uart_read.o)
 .bss           0x0000000000000968        0x0 ../serial3_bsp/\libhal_bsp.a(altera_avalon_jtag_uart_write.o)
 .bss           0x0000000000000968        0x0 ../serial3_bsp/\libhal_bsp.a(alt_busy_sleep.o)
 .bss           0x0000000000000968        0x0 ../serial3_bsp/\libhal_bsp.a(alt_dcache_flush_all.o)
 .bss           0x0000000000000968        0x0 ../serial3_bsp/\libhal_bsp.a(alt_dev.o)
 .bss           0x0000000000000968        0x0 ../serial3_bsp/\libhal_bsp.a(alt_errno.o)
 .bss           0x0000000000000968        0x0 ../serial3_bsp/\libhal_bsp.a(alt_icache_flush_all.o)
 .bss           0x0000000000000968        0x0 ../serial3_bsp/\libhal_bsp.a(altera_nios2_qsys_irq.o)
 .bss           0x0000000000000968        0x0 c:/altera/15.1/nios2eds/bin/gnu/h-x86_64-mingw32/bin/../lib/gcc/nios2-elf/4.9.2/../../../../../H-x86_64-mingw32/nios2-elf/lib/mno-hw-mul\libsmallc.a(lib_a-int_errno.o)
 .bss           0x0000000000000968        0x0 c:/altera/15.1/nios2eds/bin/gnu/h-x86_64-mingw32/bin/../lib/gcc/nios2-elf/4.9.2/mno-hw-mul\libgcc.a(lib2-divmod.o)
 .bss           0x0000000000000968        0x0 c:/altera/15.1/nios2eds/bin/gnu/h-x86_64-mingw32/bin/../lib/gcc/nios2-elf/4.9.2/mno-hw-mul\libgcc.a(lib2-mul.o)
 *(COMMON)
                0x0000000000000968                . = ALIGN (0x4)
                0x0000000000000968                __bss_end = ABSOLUTE (.)

.onchip_mem     0x0000000000000968        0x0
                0x0000000000000968                PROVIDE (_alt_partition_onchip_mem_start, ABSOLUTE (.))
 *(.onchip_mem .onchip_mem. onchip_mem.*)
                0x0000000000000968                . = ALIGN (0x4)
                0x0000000000000968                PROVIDE (_alt_partition_onchip_mem_end, ABSOLUTE (.))
                0x0000000000000968                _end = ABSOLUTE (.)
                0x0000000000000968                end = ABSOLUTE (.)
                0x0000000000000968                __alt_stack_base = ABSOLUTE (.)
                0x0000000000000968                PROVIDE (_alt_partition_onchip_mem_load_addr, LOADADDR (.onchip_mem))

.stab
 *(.stab)

.stabstr
 *(.stabstr)

.stab.excl
 *(.stab.excl)

.stab.exclstr
 *(.stab.exclstr)

.stab.index
 *(.stab.index)

.stab.indexstr
 *(.stab.indexstr)

.comment        0x0000000000000000       0x23
 *(.comment)
 .comment       0x0000000000000000       0x23 obj/default/hello_world_small.o
                                         0x24 (size before relaxing)
 .comment       0x0000000000000000       0x24 ../serial3_bsp/\libhal_bsp.a(alt_fcntl.o)
 .comment       0x0000000000000000       0x24 ../serial3_bsp/\libhal_bsp.a(alt_getchar.o)
 .comment       0x0000000000000000       0x24 ../serial3_bsp/\libhal_bsp.a(alt_load.o)
 .comment       0x0000000000000000       0x24 ../serial3_bsp/\libhal_bsp.a(alt_main.o)
 .comment       0x0000000000000000       0x24 ../serial3_bsp/\libhal_bsp.a(alt_printf.o)
 .comment       0x0000000000000000       0x24 ../serial3_bsp/\libhal_bsp.a(alt_putchar.o)
 .comment       0x0000000000000000       0x24 ../serial3_bsp/\libhal_bsp.a(alt_usleep.o)
 .comment       0x0000000000000000       0x24 ../serial3_bsp/\libhal_bsp.a(alt_sys_init.o)
 .comment       0x0000000000000000       0x24 ../serial3_bsp/\libhal_bsp.a(altera_avalon_jtag_uart_read.o)
 .comment       0x0000000000000000       0x24 ../serial3_bsp/\libhal_bsp.a(altera_avalon_jtag_uart_write.o)
 .comment       0x0000000000000000       0x24 ../serial3_bsp/\libhal_bsp.a(alt_busy_sleep.o)
 .comment       0x0000000000000000       0x24 ../serial3_bsp/\libhal_bsp.a(alt_dcache_flush_all.o)
 .comment       0x0000000000000000       0x24 ../serial3_bsp/\libhal_bsp.a(alt_dev.o)
 .comment       0x0000000000000000       0x24 ../serial3_bsp/\libhal_bsp.a(alt_errno.o)
 .comment       0x0000000000000000       0x24 ../serial3_bsp/\libhal_bsp.a(alt_icache_flush_all.o)
 .comment       0x0000000000000000       0x24 ../serial3_bsp/\libhal_bsp.a(altera_nios2_qsys_irq.o)
 .comment       0x0000000000000000       0x24 c:/altera/15.1/nios2eds/bin/gnu/h-x86_64-mingw32/bin/../lib/gcc/nios2-elf/4.9.2/../../../../../H-x86_64-mingw32/nios2-elf/lib/mno-hw-mul\libsmallc.a(lib_a-int_errno.o)
 .comment       0x0000000000000000       0x24 c:/altera/15.1/nios2eds/bin/gnu/h-x86_64-mingw32/bin/../lib/gcc/nios2-elf/4.9.2/mno-hw-mul\libgcc.a(lib2-divmod.o)
 .comment       0x0000000000000000       0x24 c:/altera/15.1/nios2eds/bin/gnu/h-x86_64-mingw32/bin/../lib/gcc/nios2-elf/4.9.2/mno-hw-mul\libgcc.a(lib2-mul.o)

.debug
 *(.debug)

.line
 *(.line)

.debug_srcinfo
 *(.debug_srcinfo)

.debug_sfnames
 *(.debug_sfnames)

.debug_aranges  0x0000000000000000      0x2a0
 *(.debug_aranges)
 .debug_aranges
                0x0000000000000000       0x28 ../serial3_bsp//obj/HAL/src/crt0.o
 .debug_aranges
                0x0000000000000028       0x28 obj/default/hello_world_small.o
 .debug_aranges
                0x0000000000000050       0x20 ../serial3_bsp/\libhal_bsp.a(alt_fcntl.o)
 .debug_aranges
                0x0000000000000070       0x20 ../serial3_bsp/\libhal_bsp.a(alt_getchar.o)
 .debug_aranges
                0x0000000000000090       0x20 ../serial3_bsp/\libhal_bsp.a(alt_load.o)
 .debug_aranges
                0x00000000000000b0       0x20 ../serial3_bsp/\libhal_bsp.a(alt_main.o)
 .debug_aranges
                0x00000000000000d0       0x20 ../serial3_bsp/\libhal_bsp.a(alt_printf.o)
 .debug_aranges
                0x00000000000000f0       0x20 ../serial3_bsp/\libhal_bsp.a(alt_putchar.o)
 .debug_aranges
                0x0000000000000110       0x20 ../serial3_bsp/\libhal_bsp.a(alt_usleep.o)
 .debug_aranges
                0x0000000000000130       0x20 ../serial3_bsp/\libhal_bsp.a(alt_sys_init.o)
 .debug_aranges
                0x0000000000000150       0x20 ../serial3_bsp/\libhal_bsp.a(altera_avalon_jtag_uart_read.o)
 .debug_aranges
                0x0000000000000170       0x20 ../serial3_bsp/\libhal_bsp.a(altera_avalon_jtag_uart_write.o)
 .debug_aranges
                0x0000000000000190       0x20 ../serial3_bsp/\libhal_bsp.a(alt_busy_sleep.o)
 .debug_aranges
                0x00000000000001b0       0x20 ../serial3_bsp/\libhal_bsp.a(alt_dcache_flush_all.o)
 .debug_aranges
                0x00000000000001d0       0x20 ../serial3_bsp/\libhal_bsp.a(alt_dev.o)
 .debug_aranges
                0x00000000000001f0       0x18 ../serial3_bsp/\libhal_bsp.a(alt_errno.o)
 .debug_aranges
                0x0000000000000208       0x20 ../serial3_bsp/\libhal_bsp.a(alt_icache_flush_all.o)
 .debug_aranges
                0x0000000000000228       0x20 ../serial3_bsp/\libhal_bsp.a(altera_nios2_qsys_irq.o)
 .debug_aranges
                0x0000000000000248       0x18 c:/altera/15.1/nios2eds/bin/gnu/h-x86_64-mingw32/bin/../lib/gcc/nios2-elf/4.9.2/../../../../../H-x86_64-mingw32/nios2-elf/lib/mno-hw-mul\libsmallc.a(lib_a-int_errno.o)
 .debug_aranges
                0x0000000000000260       0x20 c:/altera/15.1/nios2eds/bin/gnu/h-x86_64-mingw32/bin/../lib/gcc/nios2-elf/4.9.2/mno-hw-mul\libgcc.a(lib2-divmod.o)
 .debug_aranges
                0x0000000000000280       0x20 c:/altera/15.1/nios2eds/bin/gnu/h-x86_64-mingw32/bin/../lib/gcc/nios2-elf/4.9.2/mno-hw-mul\libgcc.a(lib2-mul.o)

.debug_pubnames
 *(.debug_pubnames)

.debug_info     0x0000000000000000     0x20ba
 *(.debug_info .gnu.linkonce.wi.*)
 .debug_info    0x0000000000000000       0x8c ../serial3_bsp//obj/HAL/src/crt0.o
 .debug_info    0x000000000000008c      0x1c2 obj/default/hello_world_small.o
 .debug_info    0x000000000000024e      0x4dc ../serial3_bsp/\libhal_bsp.a(alt_fcntl.o)
 .debug_info    0x000000000000072a      0x33b ../serial3_bsp/\libhal_bsp.a(alt_getchar.o)
 .debug_info    0x0000000000000a65      0x1ba ../serial3_bsp/\libhal_bsp.a(alt_load.o)
 .debug_info    0x0000000000000c1f      0x17b ../serial3_bsp/\libhal_bsp.a(alt_main.o)
 .debug_info    0x0000000000000d9a      0x153 ../serial3_bsp/\libhal_bsp.a(alt_printf.o)
 .debug_info    0x0000000000000eed      0x138 ../serial3_bsp/\libhal_bsp.a(alt_putchar.o)
 .debug_info    0x0000000000001025       0xd0 ../serial3_bsp/\libhal_bsp.a(alt_usleep.o)
 .debug_info    0x00000000000010f5      0x17a ../serial3_bsp/\libhal_bsp.a(alt_sys_init.o)
 .debug_info    0x000000000000126f      0x1ad ../serial3_bsp/\libhal_bsp.a(altera_avalon_jtag_uart_read.o)
 .debug_info    0x000000000000141c      0x190 ../serial3_bsp/\libhal_bsp.a(altera_avalon_jtag_uart_write.o)
 .debug_info    0x00000000000015ac       0xd1 ../serial3_bsp/\libhal_bsp.a(alt_busy_sleep.o)
 .debug_info    0x000000000000167d       0x8b ../serial3_bsp/\libhal_bsp.a(alt_dcache_flush_all.o)
 .debug_info    0x0000000000001708      0x492 ../serial3_bsp/\libhal_bsp.a(alt_dev.o)
 .debug_info    0x0000000000001b9a       0x9f ../serial3_bsp/\libhal_bsp.a(alt_errno.o)
 .debug_info    0x0000000000001c39       0x8b ../serial3_bsp/\libhal_bsp.a(alt_icache_flush_all.o)
 .debug_info    0x0000000000001cc4       0x8b ../serial3_bsp/\libhal_bsp.a(altera_nios2_qsys_irq.o)
 .debug_info    0x0000000000001d4f       0x83 c:/altera/15.1/nios2eds/bin/gnu/h-x86_64-mingw32/bin/../lib/gcc/nios2-elf/4.9.2/../../../../../H-x86_64-mingw32/nios2-elf/lib/mno-hw-mul\libsmallc.a(lib_a-int_errno.o)
 .debug_info    0x0000000000001dd2      0x234 c:/altera/15.1/nios2eds/bin/gnu/h-x86_64-mingw32/bin/../lib/gcc/nios2-elf/4.9.2/mno-hw-mul\libgcc.a(lib2-divmod.o)
 .debug_info    0x0000000000002006       0xb4 c:/altera/15.1/nios2eds/bin/gnu/h-x86_64-mingw32/bin/../lib/gcc/nios2-elf/4.9.2/mno-hw-mul\libgcc.a(lib2-mul.o)

.debug_abbrev   0x0000000000000000      0xed0
 *(.debug_abbrev)
 .debug_abbrev  0x0000000000000000       0x12 ../serial3_bsp//obj/HAL/src/crt0.o
 .debug_abbrev  0x0000000000000012      0x13a obj/default/hello_world_small.o
 .debug_abbrev  0x000000000000014c      0x142 ../serial3_bsp/\libhal_bsp.a(alt_fcntl.o)
 .debug_abbrev  0x000000000000028e      0x11f ../serial3_bsp/\libhal_bsp.a(alt_getchar.o)
 .debug_abbrev  0x00000000000003ad       0xd8 ../serial3_bsp/\libhal_bsp.a(alt_load.o)
 .debug_abbrev  0x0000000000000485      0x120 ../serial3_bsp/\libhal_bsp.a(alt_main.o)
 .debug_abbrev  0x00000000000005a5       0xde ../serial3_bsp/\libhal_bsp.a(alt_printf.o)
 .debug_abbrev  0x0000000000000683       0xd4 ../serial3_bsp/\libhal_bsp.a(alt_putchar.o)
 .debug_abbrev  0x0000000000000757       0x96 ../serial3_bsp/\libhal_bsp.a(alt_usleep.o)
 .debug_abbrev  0x00000000000007ed      0x107 ../serial3_bsp/\libhal_bsp.a(alt_sys_init.o)
 .debug_abbrev  0x00000000000008f4      0x102 ../serial3_bsp/\libhal_bsp.a(altera_avalon_jtag_uart_read.o)
 .debug_abbrev  0x00000000000009f6       0xd5 ../serial3_bsp/\libhal_bsp.a(altera_avalon_jtag_uart_write.o)
 .debug_abbrev  0x0000000000000acb       0x8d ../serial3_bsp/\libhal_bsp.a(alt_busy_sleep.o)
 .debug_abbrev  0x0000000000000b58       0x42 ../serial3_bsp/\libhal_bsp.a(alt_dcache_flush_all.o)
 .debug_abbrev  0x0000000000000b9a       0xd9 ../serial3_bsp/\libhal_bsp.a(alt_dev.o)
 .debug_abbrev  0x0000000000000c73       0x5a ../serial3_bsp/\libhal_bsp.a(alt_errno.o)
 .debug_abbrev  0x0000000000000ccd       0x42 ../serial3_bsp/\libhal_bsp.a(alt_icache_flush_all.o)
 .debug_abbrev  0x0000000000000d0f       0x42 ../serial3_bsp/\libhal_bsp.a(altera_nios2_qsys_irq.o)
 .debug_abbrev  0x0000000000000d51       0x37 c:/altera/15.1/nios2eds/bin/gnu/h-x86_64-mingw32/bin/../lib/gcc/nios2-elf/4.9.2/../../../../../H-x86_64-mingw32/nios2-elf/lib/mno-hw-mul\libsmallc.a(lib_a-int_errno.o)
 .debug_abbrev  0x0000000000000d88       0xd9 c:/altera/15.1/nios2eds/bin/gnu/h-x86_64-mingw32/bin/../lib/gcc/nios2-elf/4.9.2/mno-hw-mul\libgcc.a(lib2-divmod.o)
 .debug_abbrev  0x0000000000000e61       0x6f c:/altera/15.1/nios2eds/bin/gnu/h-x86_64-mingw32/bin/../lib/gcc/nios2-elf/4.9.2/mno-hw-mul\libgcc.a(lib2-mul.o)

.debug_line     0x0000000000000000      0xf20
 *(.debug_line)
 .debug_line    0x0000000000000000       0x66 ../serial3_bsp//obj/HAL/src/crt0.o
 .debug_line    0x0000000000000066      0x13e obj/default/hello_world_small.o
 .debug_line    0x00000000000001a4      0x1c1 ../serial3_bsp/\libhal_bsp.a(alt_fcntl.o)
 .debug_line    0x0000000000000365       0xb7 ../serial3_bsp/\libhal_bsp.a(alt_getchar.o)
 .debug_line    0x000000000000041c       0xa6 ../serial3_bsp/\libhal_bsp.a(alt_load.o)
 .debug_line    0x00000000000004c2       0xbd ../serial3_bsp/\libhal_bsp.a(alt_main.o)
 .debug_line    0x000000000000057f      0x108 ../serial3_bsp/\libhal_bsp.a(alt_printf.o)
 .debug_line    0x0000000000000687       0x55 ../serial3_bsp/\libhal_bsp.a(alt_putchar.o)
 .debug_line    0x00000000000006dc       0xc7 ../serial3_bsp/\libhal_bsp.a(alt_usleep.o)
 .debug_line    0x00000000000007a3      0x101 ../serial3_bsp/\libhal_bsp.a(alt_sys_init.o)
 .debug_line    0x00000000000008a4       0xfb ../serial3_bsp/\libhal_bsp.a(altera_avalon_jtag_uart_read.o)
 .debug_line    0x000000000000099f       0xf0 ../serial3_bsp/\libhal_bsp.a(altera_avalon_jtag_uart_write.o)
 .debug_line    0x0000000000000a8f       0xc0 ../serial3_bsp/\libhal_bsp.a(alt_busy_sleep.o)
 .debug_line    0x0000000000000b4f       0x4e ../serial3_bsp/\libhal_bsp.a(alt_dcache_flush_all.o)
 .debug_line    0x0000000000000b9d       0xee ../serial3_bsp/\libhal_bsp.a(alt_dev.o)
 .debug_line    0x0000000000000c8b       0x51 ../serial3_bsp/\libhal_bsp.a(alt_errno.o)
 .debug_line    0x0000000000000cdc       0x4e ../serial3_bsp/\libhal_bsp.a(alt_icache_flush_all.o)
 .debug_line    0x0000000000000d2a       0x50 ../serial3_bsp/\libhal_bsp.a(altera_nios2_qsys_irq.o)
 .debug_line    0x0000000000000d7a       0x5f c:/altera/15.1/nios2eds/bin/gnu/h-x86_64-mingw32/bin/../lib/gcc/nios2-elf/4.9.2/../../../../../H-x86_64-mingw32/nios2-elf/lib/mno-hw-mul\libsmallc.a(lib_a-int_errno.o)
 .debug_line    0x0000000000000dd9       0xc7 c:/altera/15.1/nios2eds/bin/gnu/h-x86_64-mingw32/bin/../lib/gcc/nios2-elf/4.9.2/mno-hw-mul\libgcc.a(lib2-divmod.o)
 .debug_line    0x0000000000000ea0       0x80 c:/altera/15.1/nios2eds/bin/gnu/h-x86_64-mingw32/bin/../lib/gcc/nios2-elf/4.9.2/mno-hw-mul\libgcc.a(lib2-mul.o)

.debug_frame    0x0000000000000000      0x398
 *(.debug_frame)
 .debug_frame   0x0000000000000000       0x54 obj/default/hello_world_small.o
 .debug_frame   0x0000000000000054       0x40 ../serial3_bsp/\libhal_bsp.a(alt_fcntl.o)
 .debug_frame   0x0000000000000094       0x2c ../serial3_bsp/\libhal_bsp.a(alt_getchar.o)
 .debug_frame   0x00000000000000c0       0x30 ../serial3_bsp/\libhal_bsp.a(alt_load.o)
 .debug_frame   0x00000000000000f0       0x2c ../serial3_bsp/\libhal_bsp.a(alt_main.o)
 .debug_frame   0x000000000000011c       0x54 ../serial3_bsp/\libhal_bsp.a(alt_printf.o)
 .debug_frame   0x0000000000000170       0x30 ../serial3_bsp/\libhal_bsp.a(alt_putchar.o)
 .debug_frame   0x00000000000001a0       0x20 ../serial3_bsp/\libhal_bsp.a(alt_usleep.o)
 .debug_frame   0x00000000000001c0       0x3c ../serial3_bsp/\libhal_bsp.a(alt_sys_init.o)
 .debug_frame   0x00000000000001fc       0x20 ../serial3_bsp/\libhal_bsp.a(altera_avalon_jtag_uart_read.o)
 .debug_frame   0x000000000000021c       0x20 ../serial3_bsp/\libhal_bsp.a(altera_avalon_jtag_uart_write.o)
 .debug_frame   0x000000000000023c       0x30 ../serial3_bsp/\libhal_bsp.a(alt_busy_sleep.o)
 .debug_frame   0x000000000000026c       0x20 ../serial3_bsp/\libhal_bsp.a(alt_dcache_flush_all.o)
 .debug_frame   0x000000000000028c       0x20 ../serial3_bsp/\libhal_bsp.a(alt_dev.o)
 .debug_frame   0x00000000000002ac       0x20 ../serial3_bsp/\libhal_bsp.a(alt_icache_flush_all.o)
 .debug_frame   0x00000000000002cc       0x20 ../serial3_bsp/\libhal_bsp.a(altera_nios2_qsys_irq.o)
 .debug_frame   0x00000000000002ec       0x8c c:/altera/15.1/nios2eds/bin/gnu/h-x86_64-mingw32/bin/../lib/gcc/nios2-elf/4.9.2/mno-hw-mul\libgcc.a(lib2-divmod.o)
 .debug_frame   0x0000000000000378       0x20 c:/altera/15.1/nios2eds/bin/gnu/h-x86_64-mingw32/bin/../lib/gcc/nios2-elf/4.9.2/mno-hw-mul\libgcc.a(lib2-mul.o)

.debug_str      0x0000000000000000      0xaac
 *(.debug_str)
 .debug_str     0x0000000000000000      0x157 obj/default/hello_world_small.o
                                        0x195 (size before relaxing)
 .debug_str     0x0000000000000157      0x216 ../serial3_bsp/\libhal_bsp.a(alt_fcntl.o)
                                        0x32f (size before relaxing)
 .debug_str     0x000000000000036d       0x5d ../serial3_bsp/\libhal_bsp.a(alt_getchar.o)
                                        0x237 (size before relaxing)
 .debug_str     0x00000000000003ca      0x113 ../serial3_bsp/\libhal_bsp.a(alt_load.o)
                                        0x23d (size before relaxing)
 .debug_str     0x00000000000004dd       0x5e ../serial3_bsp/\libhal_bsp.a(alt_main.o)
                                        0x1b6 (size before relaxing)
 .debug_str     0x000000000000053b       0x38 ../serial3_bsp/\libhal_bsp.a(alt_printf.o)
                                        0x113 (size before relaxing)
 .debug_str     0x0000000000000573       0x34 ../serial3_bsp/\libhal_bsp.a(alt_putchar.o)
                                        0x18c (size before relaxing)
 .debug_str     0x00000000000005a7       0x24 ../serial3_bsp/\libhal_bsp.a(alt_usleep.o)
                                        0x158 (size before relaxing)
 .debug_str     0x00000000000005cb       0x86 ../serial3_bsp/\libhal_bsp.a(alt_sys_init.o)
                                        0x225 (size before relaxing)
 .debug_str     0x0000000000000651       0x3d ../serial3_bsp/\libhal_bsp.a(altera_avalon_jtag_uart_read.o)
                                        0x220 (size before relaxing)
 .debug_str     0x000000000000068e       0x32 ../serial3_bsp/\libhal_bsp.a(altera_avalon_jtag_uart_write.o)
                                        0x216 (size before relaxing)
 .debug_str     0x00000000000006c0       0x33 ../serial3_bsp/\libhal_bsp.a(alt_busy_sleep.o)
                                        0x16c (size before relaxing)
 .debug_str     0x00000000000006f3       0x1f ../serial3_bsp/\libhal_bsp.a(alt_dcache_flush_all.o)
                                        0x156 (size before relaxing)
 .debug_str     0x0000000000000712       0x50 ../serial3_bsp/\libhal_bsp.a(alt_dev.o)
                                        0x306 (size before relaxing)
 .debug_str     0x0000000000000762       0x14 ../serial3_bsp/\libhal_bsp.a(alt_errno.o)
                                        0x146 (size before relaxing)
 .debug_str     0x0000000000000776       0x1f ../serial3_bsp/\libhal_bsp.a(alt_icache_flush_all.o)
                                        0x156 (size before relaxing)
 .debug_str     0x0000000000000795       0x20 ../serial3_bsp/\libhal_bsp.a(altera_nios2_qsys_irq.o)
                                        0x15d (size before relaxing)
 .debug_str     0x00000000000007b5      0x132 c:/altera/15.1/nios2eds/bin/gnu/h-x86_64-mingw32/bin/../lib/gcc/nios2-elf/4.9.2/../../../../../H-x86_64-mingw32/nios2-elf/lib/mno-hw-mul\libsmallc.a(lib_a-int_errno.o)
                                        0x1ca (size before relaxing)
 .debug_str     0x00000000000008e7      0x185 c:/altera/15.1/nios2eds/bin/gnu/h-x86_64-mingw32/bin/../lib/gcc/nios2-elf/4.9.2/mno-hw-mul\libgcc.a(lib2-divmod.o)
                                        0x1d0 (size before relaxing)
 .debug_str     0x0000000000000a6c       0x40 c:/altera/15.1/nios2eds/bin/gnu/h-x86_64-mingw32/bin/../lib/gcc/nios2-elf/4.9.2/mno-hw-mul\libgcc.a(lib2-mul.o)
                                        0x191 (size before relaxing)

.debug_loc      0x0000000000000000      0x807
 *(.debug_loc)
 .debug_loc     0x0000000000000000       0x75 obj/default/hello_world_small.o
 .debug_loc     0x0000000000000075       0x99 ../serial3_bsp/\libhal_bsp.a(alt_fcntl.o)
 .debug_loc     0x000000000000010e      0x1c6 ../serial3_bsp/\libhal_bsp.a(alt_printf.o)
 .debug_loc     0x00000000000002d4       0x2c ../serial3_bsp/\libhal_bsp.a(alt_putchar.o)
 .debug_loc     0x0000000000000300       0x21 ../serial3_bsp/\libhal_bsp.a(alt_usleep.o)
 .debug_loc     0x0000000000000321       0x21 ../serial3_bsp/\libhal_bsp.a(alt_sys_init.o)
 .debug_loc     0x0000000000000342       0xcd ../serial3_bsp/\libhal_bsp.a(altera_avalon_jtag_uart_read.o)
 .debug_loc     0x000000000000040f       0x8b ../serial3_bsp/\libhal_bsp.a(altera_avalon_jtag_uart_write.o)
 .debug_loc     0x000000000000049a       0x67 ../serial3_bsp/\libhal_bsp.a(alt_busy_sleep.o)
 .debug_loc     0x0000000000000501      0x273 c:/altera/15.1/nios2eds/bin/gnu/h-x86_64-mingw32/bin/../lib/gcc/nios2-elf/4.9.2/mno-hw-mul\libgcc.a(lib2-divmod.o)
 .debug_loc     0x0000000000000774       0x93 c:/altera/15.1/nios2eds/bin/gnu/h-x86_64-mingw32/bin/../lib/gcc/nios2-elf/4.9.2/mno-hw-mul\libgcc.a(lib2-mul.o)

.debug_macinfo
 *(.debug_macinfo)

.debug_weaknames
 *(.debug_weaknames)

.debug_funcnames
 *(.debug_funcnames)

.debug_typenames
 *(.debug_typenames)

.debug_varnames
 *(.debug_varnames)

.debug_alt_sim_info
                0x0000000000000000       0x40
 *(.debug_alt_sim_info)
 .debug_alt_sim_info
                0x0000000000000000       0x10 ../serial3_bsp//obj/HAL/src/crt0.o
 .debug_alt_sim_info
                0x0000000000000010       0x30 ../serial3_bsp/\libhal_bsp.a(alt_busy_sleep.o)
                0x0000000000004000                __alt_data_end = 0x4000
                0x0000000000004000                PROVIDE (__alt_stack_pointer, __alt_data_end)
                0x0000000000000968                PROVIDE (__alt_stack_limit, __alt_stack_base)
                0x0000000000000968                PROVIDE (__alt_heap_start, end)
                0x0000000000004000                PROVIDE (__alt_heap_limit, 0x4000)
OUTPUT(serial3.elf elf32-littlenios2)

.debug_ranges   0x0000000000000000       0xb8
 .debug_ranges  0x0000000000000000       0x20 ../serial3_bsp//obj/HAL/src/crt0.o
 .debug_ranges  0x0000000000000020       0x18 obj/default/hello_world_small.o
 .debug_ranges  0x0000000000000038       0x48 ../serial3_bsp/\libhal_bsp.a(alt_load.o)
 .debug_ranges  0x0000000000000080       0x18 ../serial3_bsp/\libhal_bsp.a(alt_printf.o)
 .debug_ranges  0x0000000000000098       0x20 ../serial3_bsp/\libhal_bsp.a(altera_avalon_jtag_uart_read.o)
