Archive member included to satisfy reference by file (symbol)

../bathysphere_eclipse1_bsp/\libhal_bsp.a(alt_getchar.o)
                              obj/default/hello_world_small.o (alt_getchar)
../bathysphere_eclipse1_bsp/\libhal_bsp.a(alt_load.o)
                              ../bathysphere_eclipse1_bsp//obj/HAL/src/crt0.o (alt_load)
../bathysphere_eclipse1_bsp/\libhal_bsp.a(alt_main.o)
                              ../bathysphere_eclipse1_bsp//obj/HAL/src/crt0.o (alt_main)
../bathysphere_eclipse1_bsp/\libhal_bsp.a(alt_printf.o)
                              obj/default/hello_world_small.o (alt_printf)
../bathysphere_eclipse1_bsp/\libhal_bsp.a(alt_putchar.o)
                              ../bathysphere_eclipse1_bsp/\libhal_bsp.a(alt_printf.o) (alt_putchar)
../bathysphere_eclipse1_bsp/\libhal_bsp.a(alt_sys_init.o)
                              ../bathysphere_eclipse1_bsp/\libhal_bsp.a(alt_main.o) (alt_irq_init)
../bathysphere_eclipse1_bsp/\libhal_bsp.a(altera_avalon_jtag_uart_read.o)
                              ../bathysphere_eclipse1_bsp/\libhal_bsp.a(alt_getchar.o) (altera_avalon_jtag_uart_read)
../bathysphere_eclipse1_bsp/\libhal_bsp.a(altera_avalon_jtag_uart_write.o)
                              ../bathysphere_eclipse1_bsp/\libhal_bsp.a(alt_putchar.o) (altera_avalon_jtag_uart_write)
../bathysphere_eclipse1_bsp/\libhal_bsp.a(alt_dcache_flush_all.o)
                              ../bathysphere_eclipse1_bsp/\libhal_bsp.a(alt_load.o) (alt_dcache_flush_all)
../bathysphere_eclipse1_bsp/\libhal_bsp.a(alt_dev.o)
                              ../bathysphere_eclipse1_bsp/\libhal_bsp.a(alt_getchar.o) (alt_fd_list)
../bathysphere_eclipse1_bsp/\libhal_bsp.a(alt_icache_flush_all.o)
                              ../bathysphere_eclipse1_bsp/\libhal_bsp.a(alt_load.o) (alt_icache_flush_all)
../bathysphere_eclipse1_bsp/\libhal_bsp.a(altera_nios2_qsys_irq.o)
                              ../bathysphere_eclipse1_bsp/\libhal_bsp.a(alt_sys_init.o) (altera_nios2_qsys_irq_init)

Memory Configuration

Name             Origin             Length             Attributes
reset            0x0000000000001000 0x0000000000000020
onchip_memory    0x0000000000001020 0x0000000000000fe0
*default*        0x0000000000000000 0xffffffffffffffff

Linker script and memory map

LOAD ../bathysphere_eclipse1_bsp//obj/HAL/src/crt0.o
LOAD obj/default/hello_world_small.o
LOAD c:/altera/15.1/nios2eds/bin/gnu/h-x86_64-mingw32/bin/../lib/gcc/nios2-elf/4.9.2/../../../../../H-x86_64-mingw32/nios2-elf/lib/mno-hw-mul\libstdc++.a
LOAD c:/altera/15.1/nios2eds/bin/gnu/h-x86_64-mingw32/bin/../lib/gcc/nios2-elf/4.9.2/../../../../../H-x86_64-mingw32/nios2-elf/lib/mno-hw-mul\libm.a
LOAD c:/altera/15.1/nios2eds/bin/gnu/h-x86_64-mingw32/bin/../lib/gcc/nios2-elf/4.9.2/mno-hw-mul\libgcc.a
START GROUP
LOAD c:/altera/15.1/nios2eds/bin/gnu/h-x86_64-mingw32/bin/../lib/gcc/nios2-elf/4.9.2/../../../../../H-x86_64-mingw32/nios2-elf/lib/mno-hw-mul\libsmallc.a
LOAD c:/altera/15.1/nios2eds/bin/gnu/h-x86_64-mingw32/bin/../lib/gcc/nios2-elf/4.9.2/mno-hw-mul\libgcc.a
LOAD ../bathysphere_eclipse1_bsp/\libhal_bsp.a
LOAD c:/altera/15.1/nios2eds/bin/gnu/h-x86_64-mingw32/bin/../lib/gcc/nios2-elf/4.9.2/../../../../../H-x86_64-mingw32/nios2-elf/lib/mno-hw-mul\libm.a
END GROUP
LOAD c:/altera/15.1/nios2eds/bin/gnu/h-x86_64-mingw32/bin/../lib/gcc/nios2-elf/4.9.2/mno-hw-mul\libgcc.a
                0x0000000000001000                __alt_mem_onchip_memory = 0x1000

.entry          0x0000000000001000       0x20
 *(.entry)
 .entry         0x0000000000001000       0x20 ../bathysphere_eclipse1_bsp//obj/HAL/src/crt0.o
                0x0000000000001000                __reset
                0x000000000000100c                _exit

.exceptions     0x0000000000001020        0x0
                0x0000000000001020                PROVIDE (__ram_exceptions_start, ABSOLUTE (.))
                0x0000000000001020                . = ALIGN (0x20)
 *(.irq)
 *(.exceptions.entry.label)
 *(.exceptions.entry.user)
 *(.exceptions.entry.ecc_fatal)
 *(.exceptions.entry)
 *(.exceptions.irqtest.user)
 *(.exceptions.irqtest)
 *(.exceptions.irqhandler.user)
 *(.exceptions.irqhandler)
 *(.exceptions.irqreturn.user)
 *(.exceptions.irqreturn)
 *(.exceptions.notirq.label)
 *(.exceptions.notirq.user)
 *(.exceptions.notirq)
 *(.exceptions.soft.user)
 *(.exceptions.soft)
 *(.exceptions.unknown.user)
 *(.exceptions.unknown)
 *(.exceptions.exit.label)
 *(.exceptions.exit.user)
 *(.exceptions.exit)
 *(.exceptions)
                0x0000000000001020                PROVIDE (__ram_exceptions_end, ABSOLUTE (.))
                0x0000000000001020                PROVIDE (__flash_exceptions_start, LOADADDR (.exceptions))

.text           0x0000000000001020      0x958
                0x0000000000001020                PROVIDE (stext, ABSOLUTE (.))
 *(.interp)
 *(.hash)
 *(.dynsym)
 *(.dynstr)
 *(.gnu.version)
 *(.gnu.version_d)
 *(.gnu.version_r)
 *(.rel.init)
 *(.rela.init)
 *(.rel.text .rel.text.* .rel.gnu.linkonce.t.*)
 *(.rela.text .rela.text.* .rela.gnu.linkonce.t.*)
 *(.rel.fini)
 *(.rela.fini)
 *(.rel.rodata .rel.rodata.* .rel.gnu.linkonce.r.*)
 *(.rela.rodata .rela.rodata.* .rela.gnu.linkonce.r.*)
 *(.rel.data .rel.data.* .rel.gnu.linkonce.d.*)
 *(.rela.data .rela.data.* .rela.gnu.linkonce.d.*)
 *(.rel.tdata .rel.tdata.* .rel.gnu.linkonce.td.*)
 *(.rela.tdata .rela.tdata.* .rela.gnu.linkonce.td.*)
 *(.rel.tbss .rel.tbss.* .rel.gnu.linkonce.tb.*)
 *(.rela.tbss .rela.tbss.* .rela.gnu.linkonce.tb.*)
 *(.rel.ctors)
 *(.rela.ctors)
 *(.rel.dtors)
 *(.rela.dtors)
 *(.rel.got)
 *(.rela.got)
 *(.rel.sdata .rel.sdata.* .rel.gnu.linkonce.s.*)
 *(.rela.sdata .rela.sdata.* .rela.gnu.linkonce.s.*)
 *(.rel.sbss .rel.sbss.* .rel.gnu.linkonce.sb.*)
 *(.rela.sbss .rela.sbss.* .rela.gnu.linkonce.sb.*)
 *(.rel.sdata2 .rel.sdata2.* .rel.gnu.linkonce.s2.*)
 *(.rela.sdata2 .rela.sdata2.* .rela.gnu.linkonce.s2.*)
 *(.rel.sbss2 .rel.sbss2.* .rel.gnu.linkonce.sb2.*)
 *(.rela.sbss2 .rela.sbss2.* .rela.gnu.linkonce.sb2.*)
 *(.rel.bss .rel.bss.* .rel.gnu.linkonce.b.*)
 *(.rela.bss .rela.bss.* .rela.gnu.linkonce.b.*)
 *(.rel.plt)
 *(.rela.plt)
 *(.rel.dyn)
 *(.init)
 *(.plt)
 *(.text .stub .text.* .gnu.linkonce.t.*)
 .text          0x0000000000001020       0x3c ../bathysphere_eclipse1_bsp//obj/HAL/src/crt0.o
                0x0000000000001020                _start
 .text          0x000000000000105c        0x0 obj/default/hello_world_small.o
 .text.startup  0x000000000000105c      0x534 obj/default/hello_world_small.o
                0x000000000000105c                main
 .text          0x0000000000001590       0x44 ../bathysphere_eclipse1_bsp/\libhal_bsp.a(alt_getchar.o)
                0x0000000000001590                alt_getchar
 .text          0x00000000000015d4       0xf8 ../bathysphere_eclipse1_bsp/\libhal_bsp.a(alt_load.o)
                0x00000000000015d4                alt_load
 .text          0x00000000000016cc       0x2c ../bathysphere_eclipse1_bsp/\libhal_bsp.a(alt_main.o)
                0x00000000000016cc                alt_main
 .text          0x00000000000016f8      0x16c ../bathysphere_eclipse1_bsp/\libhal_bsp.a(alt_printf.o)
                0x00000000000016f8                alt_printf
 .text          0x0000000000001864       0x48 ../bathysphere_eclipse1_bsp/\libhal_bsp.a(alt_putchar.o)
                0x0000000000001864                alt_putchar
 .text          0x00000000000018ac       0x24 ../bathysphere_eclipse1_bsp/\libhal_bsp.a(alt_sys_init.o)
                0x00000000000018ac                alt_irq_init
                0x00000000000018cc                alt_sys_init
 .text          0x00000000000018d0       0x5c ../bathysphere_eclipse1_bsp/\libhal_bsp.a(altera_avalon_jtag_uart_read.o)
                0x00000000000018d0                altera_avalon_jtag_uart_read
 .text          0x000000000000192c       0x34 ../bathysphere_eclipse1_bsp/\libhal_bsp.a(altera_avalon_jtag_uart_write.o)
                0x000000000000192c                altera_avalon_jtag_uart_write
 .text          0x0000000000001960        0x4 ../bathysphere_eclipse1_bsp/\libhal_bsp.a(alt_dcache_flush_all.o)
                0x0000000000001960                alt_dcache_flush_all
 .text          0x0000000000001964        0x8 ../bathysphere_eclipse1_bsp/\libhal_bsp.a(alt_dev.o)
 .text          0x000000000000196c        0x4 ../bathysphere_eclipse1_bsp/\libhal_bsp.a(alt_icache_flush_all.o)
                0x000000000000196c                alt_icache_flush_all
 .text          0x0000000000001970        0x8 ../bathysphere_eclipse1_bsp/\libhal_bsp.a(altera_nios2_qsys_irq.o)
                0x0000000000001970                altera_nios2_qsys_irq_init
 *(.gnu.warning.*)
 *(.fini)
                0x0000000000001978                PROVIDE (__etext, ABSOLUTE (.))
                0x0000000000001978                PROVIDE (_etext, ABSOLUTE (.))
                0x0000000000001978                PROVIDE (etext, ABSOLUTE (.))
 *(.eh_frame_hdr)
                0x0000000000001978                . = ALIGN (0x4)
                0x0000000000001978                PROVIDE (__preinit_array_start, ABSOLUTE (.))
 *(.preinit_array)
                0x0000000000001978                PROVIDE (__preinit_array_end, ABSOLUTE (.))
                0x0000000000001978                PROVIDE (__init_array_start, ABSOLUTE (.))
 *(.init_array)
                0x0000000000001978                PROVIDE (__init_array_end, ABSOLUTE (.))
                0x0000000000001978                PROVIDE (__fini_array_start, ABSOLUTE (.))
 *(.fini_array)
                0x0000000000001978                PROVIDE (__fini_array_end, ABSOLUTE (.))
 *(.eh_frame)
 *(.gcc_except_table .gcc_except_table.*)
 *(.dynamic)
                0x0000000000001978                PROVIDE (__CTOR_LIST__, ABSOLUTE (.))
 *(.ctors)
 *(SORT(.ctors.*))
                0x0000000000001978                PROVIDE (__CTOR_END__, ABSOLUTE (.))
                0x0000000000001978                PROVIDE (__DTOR_LIST__, ABSOLUTE (.))
 *(.dtors)
 *(SORT(.dtors.*))
                0x0000000000001978                PROVIDE (__DTOR_END__, ABSOLUTE (.))
 *(.jcr)
                0x0000000000001978                . = ALIGN (0x4)

.rodata         0x0000000000001978      0x2f8
                0x0000000000001978                PROVIDE (__ram_rodata_start, ABSOLUTE (.))
                0x0000000000001978                . = ALIGN (0x4)
 *(.rodata .rodata.* .gnu.linkonce.r.*)
 .rodata.str1.4
                0x0000000000001978      0x2eb obj/default/hello_world_small.o
                                        0x2ec (size before relaxing)
 *fill*         0x0000000000001c63        0x1 
 .rodata.str1.4
                0x0000000000001c64        0xc ../bathysphere_eclipse1_bsp/\libhal_bsp.a(alt_dev.o)
 *(.rodata1)
                0x0000000000001c70                . = ALIGN (0x4)
                0x0000000000001c70                PROVIDE (__ram_rodata_end, ABSOLUTE (.))
                0x0000000000001978                PROVIDE (__flash_rodata_start, LOADADDR (.rodata))

.rwdata         0x0000000000001c70       0x70 load address 0x0000000000001ce0
                0x0000000000001c70                PROVIDE (__ram_rwdata_start, ABSOLUTE (.))
                0x0000000000001c70                . = ALIGN (0x4)
 *(.got.plt)
 *(.got)
 *(.data1)
 *(.data .data.* .gnu.linkonce.d.*)
 .data          0x0000000000001c70        0x0 ../bathysphere_eclipse1_bsp//obj/HAL/src/crt0.o
 .data          0x0000000000001c70        0x0 obj/default/hello_world_small.o
 .data          0x0000000000001c70        0x0 ../bathysphere_eclipse1_bsp/\libhal_bsp.a(alt_getchar.o)
 .data          0x0000000000001c70        0x0 ../bathysphere_eclipse1_bsp/\libhal_bsp.a(alt_load.o)
 .data          0x0000000000001c70        0x0 ../bathysphere_eclipse1_bsp/\libhal_bsp.a(alt_main.o)
 .data          0x0000000000001c70        0x0 ../bathysphere_eclipse1_bsp/\libhal_bsp.a(alt_printf.o)
 .data          0x0000000000001c70        0x0 ../bathysphere_eclipse1_bsp/\libhal_bsp.a(alt_putchar.o)
 .data          0x0000000000001c70        0x0 ../bathysphere_eclipse1_bsp/\libhal_bsp.a(alt_sys_init.o)
 .data          0x0000000000001c70        0x0 ../bathysphere_eclipse1_bsp/\libhal_bsp.a(altera_avalon_jtag_uart_read.o)
 .data          0x0000000000001c70        0x0 ../bathysphere_eclipse1_bsp/\libhal_bsp.a(altera_avalon_jtag_uart_write.o)
 .data          0x0000000000001c70        0x0 ../bathysphere_eclipse1_bsp/\libhal_bsp.a(alt_dcache_flush_all.o)
 .data          0x0000000000001c70       0x58 ../bathysphere_eclipse1_bsp/\libhal_bsp.a(alt_dev.o)
                0x0000000000001c70                alt_fd_list
                0x0000000000001ca0                alt_dev_null
 .data          0x0000000000001cc8        0x0 ../bathysphere_eclipse1_bsp/\libhal_bsp.a(alt_icache_flush_all.o)
 .data          0x0000000000001cc8        0x0 ../bathysphere_eclipse1_bsp/\libhal_bsp.a(altera_nios2_qsys_irq.o)
                0x0000000000009cc8                _gp = ABSOLUTE ((. + 0x8000))
                0x0000000000009cc8                PROVIDE (gp, _gp)
 *(.rwdata .rwdata.*)
 *(.sdata .sdata.* .gnu.linkonce.s.*)
 .sdata         0x0000000000001cc8        0x4 ../bathysphere_eclipse1_bsp/\libhal_bsp.a(alt_sys_init.o)
                0x0000000000001cc8                jtag_uart
 .sdata         0x0000000000001ccc       0x14 ../bathysphere_eclipse1_bsp/\libhal_bsp.a(alt_dev.o)
                0x0000000000001ccc                alt_max_fd
                0x0000000000001cd0                alt_dev_list
                0x0000000000001cd8                alt_fs_list
 *(.sdata2 .sdata2.* .gnu.linkonce.s2.*)
                0x0000000000001ce0                . = ALIGN (0x4)
                0x0000000000001ce0                _edata = ABSOLUTE (.)
                0x0000000000001ce0                PROVIDE (edata, ABSOLUTE (.))
                0x0000000000001ce0                PROVIDE (__ram_rwdata_end, ABSOLUTE (.))
                0x0000000000001ce0                PROVIDE (__flash_rwdata_start, LOADADDR (.rwdata))

.bss            0x0000000000001d50        0xc
                0x0000000000001d50                __bss_start = ABSOLUTE (.)
                0x0000000000001d50                PROVIDE (__sbss_start, ABSOLUTE (.))
                0x0000000000001d50                PROVIDE (___sbss_start, ABSOLUTE (.))
 *(.dynsbss)
 *(.sbss .sbss.* .gnu.linkonce.sb.*)
 .sbss          0x0000000000001d50        0xc ../bathysphere_eclipse1_bsp/\libhal_bsp.a(alt_main.o)
                0x0000000000001d50                alt_envp
                0x0000000000001d54                alt_argv
                0x0000000000001d58                alt_argc
 *(.sbss2 .sbss2.* .gnu.linkonce.sb2.*)
 *(.scommon)
                0x0000000000001d5c                PROVIDE (__sbss_end, ABSOLUTE (.))
                0x0000000000001d5c                PROVIDE (___sbss_end, ABSOLUTE (.))
 *(.dynbss)
 *(.bss .bss.* .gnu.linkonce.b.*)
 .bss           0x0000000000001d5c        0x0 ../bathysphere_eclipse1_bsp//obj/HAL/src/crt0.o
 .bss           0x0000000000001d5c        0x0 obj/default/hello_world_small.o
 .bss           0x0000000000001d5c        0x0 ../bathysphere_eclipse1_bsp/\libhal_bsp.a(alt_getchar.o)
 .bss           0x0000000000001d5c        0x0 ../bathysphere_eclipse1_bsp/\libhal_bsp.a(alt_load.o)
 .bss           0x0000000000001d5c        0x0 ../bathysphere_eclipse1_bsp/\libhal_bsp.a(alt_main.o)
 .bss           0x0000000000001d5c        0x0 ../bathysphere_eclipse1_bsp/\libhal_bsp.a(alt_printf.o)
 .bss           0x0000000000001d5c        0x0 ../bathysphere_eclipse1_bsp/\libhal_bsp.a(alt_putchar.o)
 .bss           0x0000000000001d5c        0x0 ../bathysphere_eclipse1_bsp/\libhal_bsp.a(alt_sys_init.o)
 .bss           0x0000000000001d5c        0x0 ../bathysphere_eclipse1_bsp/\libhal_bsp.a(altera_avalon_jtag_uart_read.o)
 .bss           0x0000000000001d5c        0x0 ../bathysphere_eclipse1_bsp/\libhal_bsp.a(altera_avalon_jtag_uart_write.o)
 .bss           0x0000000000001d5c        0x0 ../bathysphere_eclipse1_bsp/\libhal_bsp.a(alt_dcache_flush_all.o)
 .bss           0x0000000000001d5c        0x0 ../bathysphere_eclipse1_bsp/\libhal_bsp.a(alt_dev.o)
 .bss           0x0000000000001d5c        0x0 ../bathysphere_eclipse1_bsp/\libhal_bsp.a(alt_icache_flush_all.o)
 .bss           0x0000000000001d5c        0x0 ../bathysphere_eclipse1_bsp/\libhal_bsp.a(altera_nios2_qsys_irq.o)
 *(COMMON)
                0x0000000000001d5c                . = ALIGN (0x4)
                0x0000000000001d5c                __bss_end = ABSOLUTE (.)

.onchip_memory  0x0000000000001d5c        0x0
                0x0000000000001d5c                PROVIDE (_alt_partition_onchip_memory_start, ABSOLUTE (.))
 *(.onchip_memory .onchip_memory. onchip_memory.*)
                0x0000000000001d5c                . = ALIGN (0x4)
                0x0000000000001d5c                PROVIDE (_alt_partition_onchip_memory_end, ABSOLUTE (.))
                0x0000000000001d5c                _end = ABSOLUTE (.)
                0x0000000000001d5c                end = ABSOLUTE (.)
                0x0000000000001d5c                __alt_stack_base = ABSOLUTE (.)
                0x0000000000001d5c                PROVIDE (_alt_partition_onchip_memory_load_addr, LOADADDR (.onchip_memory))

.stab
 *(.stab)

.stabstr
 *(.stabstr)

.stab.excl
 *(.stab.excl)

.stab.exclstr
 *(.stab.exclstr)

.stab.index
 *(.stab.index)

.stab.indexstr
 *(.stab.indexstr)

.comment        0x0000000000000000       0x23
 *(.comment)
 .comment       0x0000000000000000       0x23 obj/default/hello_world_small.o
                                         0x24 (size before relaxing)
 .comment       0x0000000000000000       0x24 ../bathysphere_eclipse1_bsp/\libhal_bsp.a(alt_getchar.o)
 .comment       0x0000000000000000       0x24 ../bathysphere_eclipse1_bsp/\libhal_bsp.a(alt_load.o)
 .comment       0x0000000000000000       0x24 ../bathysphere_eclipse1_bsp/\libhal_bsp.a(alt_main.o)
 .comment       0x0000000000000000       0x24 ../bathysphere_eclipse1_bsp/\libhal_bsp.a(alt_printf.o)
 .comment       0x0000000000000000       0x24 ../bathysphere_eclipse1_bsp/\libhal_bsp.a(alt_putchar.o)
 .comment       0x0000000000000000       0x24 ../bathysphere_eclipse1_bsp/\libhal_bsp.a(alt_sys_init.o)
 .comment       0x0000000000000000       0x24 ../bathysphere_eclipse1_bsp/\libhal_bsp.a(altera_avalon_jtag_uart_read.o)
 .comment       0x0000000000000000       0x24 ../bathysphere_eclipse1_bsp/\libhal_bsp.a(altera_avalon_jtag_uart_write.o)
 .comment       0x0000000000000000       0x24 ../bathysphere_eclipse1_bsp/\libhal_bsp.a(alt_dcache_flush_all.o)
 .comment       0x0000000000000000       0x24 ../bathysphere_eclipse1_bsp/\libhal_bsp.a(alt_dev.o)
 .comment       0x0000000000000000       0x24 ../bathysphere_eclipse1_bsp/\libhal_bsp.a(alt_icache_flush_all.o)
 .comment       0x0000000000000000       0x24 ../bathysphere_eclipse1_bsp/\libhal_bsp.a(altera_nios2_qsys_irq.o)

.debug
 *(.debug)

.line
 *(.line)

.debug_srcinfo
 *(.debug_srcinfo)

.debug_sfnames
 *(.debug_sfnames)

.debug_aranges  0x0000000000000000      0x1c8
 *(.debug_aranges)
 .debug_aranges
                0x0000000000000000       0x28 ../bathysphere_eclipse1_bsp//obj/HAL/src/crt0.o
 .debug_aranges
                0x0000000000000028       0x20 obj/default/hello_world_small.o
 .debug_aranges
                0x0000000000000048       0x20 ../bathysphere_eclipse1_bsp/\libhal_bsp.a(alt_getchar.o)
 .debug_aranges
                0x0000000000000068       0x20 ../bathysphere_eclipse1_bsp/\libhal_bsp.a(alt_load.o)
 .debug_aranges
                0x0000000000000088       0x20 ../bathysphere_eclipse1_bsp/\libhal_bsp.a(alt_main.o)
 .debug_aranges
                0x00000000000000a8       0x20 ../bathysphere_eclipse1_bsp/\libhal_bsp.a(alt_printf.o)
 .debug_aranges
                0x00000000000000c8       0x20 ../bathysphere_eclipse1_bsp/\libhal_bsp.a(alt_putchar.o)
 .debug_aranges
                0x00000000000000e8       0x20 ../bathysphere_eclipse1_bsp/\libhal_bsp.a(alt_sys_init.o)
 .debug_aranges
                0x0000000000000108       0x20 ../bathysphere_eclipse1_bsp/\libhal_bsp.a(altera_avalon_jtag_uart_read.o)
 .debug_aranges
                0x0000000000000128       0x20 ../bathysphere_eclipse1_bsp/\libhal_bsp.a(altera_avalon_jtag_uart_write.o)
 .debug_aranges
                0x0000000000000148       0x20 ../bathysphere_eclipse1_bsp/\libhal_bsp.a(alt_dcache_flush_all.o)
 .debug_aranges
                0x0000000000000168       0x20 ../bathysphere_eclipse1_bsp/\libhal_bsp.a(alt_dev.o)
 .debug_aranges
                0x0000000000000188       0x20 ../bathysphere_eclipse1_bsp/\libhal_bsp.a(alt_icache_flush_all.o)
 .debug_aranges
                0x00000000000001a8       0x20 ../bathysphere_eclipse1_bsp/\libhal_bsp.a(altera_nios2_qsys_irq.o)

.debug_pubnames
 *(.debug_pubnames)

.debug_info     0x0000000000000000     0x1b5b
 *(.debug_info .gnu.linkonce.wi.*)
 .debug_info    0x0000000000000000       0x8f ../bathysphere_eclipse1_bsp//obj/HAL/src/crt0.o
 .debug_info    0x000000000000008f      0x6e7 obj/default/hello_world_small.o
 .debug_info    0x0000000000000776      0x33b ../bathysphere_eclipse1_bsp/\libhal_bsp.a(alt_getchar.o)
 .debug_info    0x0000000000000ab1      0x1ba ../bathysphere_eclipse1_bsp/\libhal_bsp.a(alt_load.o)
 .debug_info    0x0000000000000c6b      0x17b ../bathysphere_eclipse1_bsp/\libhal_bsp.a(alt_main.o)
 .debug_info    0x0000000000000de6      0x153 ../bathysphere_eclipse1_bsp/\libhal_bsp.a(alt_printf.o)
 .debug_info    0x0000000000000f39      0x138 ../bathysphere_eclipse1_bsp/\libhal_bsp.a(alt_putchar.o)
 .debug_info    0x0000000000001071      0x17a ../bathysphere_eclipse1_bsp/\libhal_bsp.a(alt_sys_init.o)
 .debug_info    0x00000000000011eb      0x1ad ../bathysphere_eclipse1_bsp/\libhal_bsp.a(altera_avalon_jtag_uart_read.o)
 .debug_info    0x0000000000001398      0x190 ../bathysphere_eclipse1_bsp/\libhal_bsp.a(altera_avalon_jtag_uart_write.o)
 .debug_info    0x0000000000001528       0x8b ../bathysphere_eclipse1_bsp/\libhal_bsp.a(alt_dcache_flush_all.o)
 .debug_info    0x00000000000015b3      0x492 ../bathysphere_eclipse1_bsp/\libhal_bsp.a(alt_dev.o)
 .debug_info    0x0000000000001a45       0x8b ../bathysphere_eclipse1_bsp/\libhal_bsp.a(alt_icache_flush_all.o)
 .debug_info    0x0000000000001ad0       0x8b ../bathysphere_eclipse1_bsp/\libhal_bsp.a(altera_nios2_qsys_irq.o)

.debug_abbrev   0x0000000000000000      0xa25
 *(.debug_abbrev)
 .debug_abbrev  0x0000000000000000       0x12 ../bathysphere_eclipse1_bsp//obj/HAL/src/crt0.o
 .debug_abbrev  0x0000000000000012       0xcd obj/default/hello_world_small.o
 .debug_abbrev  0x00000000000000df      0x11f ../bathysphere_eclipse1_bsp/\libhal_bsp.a(alt_getchar.o)
 .debug_abbrev  0x00000000000001fe       0xd8 ../bathysphere_eclipse1_bsp/\libhal_bsp.a(alt_load.o)
 .debug_abbrev  0x00000000000002d6      0x120 ../bathysphere_eclipse1_bsp/\libhal_bsp.a(alt_main.o)
 .debug_abbrev  0x00000000000003f6       0xde ../bathysphere_eclipse1_bsp/\libhal_bsp.a(alt_printf.o)
 .debug_abbrev  0x00000000000004d4       0xd4 ../bathysphere_eclipse1_bsp/\libhal_bsp.a(alt_putchar.o)
 .debug_abbrev  0x00000000000005a8      0x107 ../bathysphere_eclipse1_bsp/\libhal_bsp.a(alt_sys_init.o)
 .debug_abbrev  0x00000000000006af      0x102 ../bathysphere_eclipse1_bsp/\libhal_bsp.a(altera_avalon_jtag_uart_read.o)
 .debug_abbrev  0x00000000000007b1       0xd5 ../bathysphere_eclipse1_bsp/\libhal_bsp.a(altera_avalon_jtag_uart_write.o)
 .debug_abbrev  0x0000000000000886       0x42 ../bathysphere_eclipse1_bsp/\libhal_bsp.a(alt_dcache_flush_all.o)
 .debug_abbrev  0x00000000000008c8       0xd9 ../bathysphere_eclipse1_bsp/\libhal_bsp.a(alt_dev.o)
 .debug_abbrev  0x00000000000009a1       0x42 ../bathysphere_eclipse1_bsp/\libhal_bsp.a(alt_icache_flush_all.o)
 .debug_abbrev  0x00000000000009e3       0x42 ../bathysphere_eclipse1_bsp/\libhal_bsp.a(altera_nios2_qsys_irq.o)

.debug_line     0x0000000000000000      0x9c9
 *(.debug_line)
 .debug_line    0x0000000000000000       0x66 ../bathysphere_eclipse1_bsp//obj/HAL/src/crt0.o
 .debug_line    0x0000000000000066      0x126 obj/default/hello_world_small.o
 .debug_line    0x000000000000018c       0xb7 ../bathysphere_eclipse1_bsp/\libhal_bsp.a(alt_getchar.o)
 .debug_line    0x0000000000000243       0xa6 ../bathysphere_eclipse1_bsp/\libhal_bsp.a(alt_load.o)
 .debug_line    0x00000000000002e9       0xbd ../bathysphere_eclipse1_bsp/\libhal_bsp.a(alt_main.o)
 .debug_line    0x00000000000003a6      0x108 ../bathysphere_eclipse1_bsp/\libhal_bsp.a(alt_printf.o)
 .debug_line    0x00000000000004ae       0x55 ../bathysphere_eclipse1_bsp/\libhal_bsp.a(alt_putchar.o)
 .debug_line    0x0000000000000503      0x101 ../bathysphere_eclipse1_bsp/\libhal_bsp.a(alt_sys_init.o)
 .debug_line    0x0000000000000604       0xfb ../bathysphere_eclipse1_bsp/\libhal_bsp.a(altera_avalon_jtag_uart_read.o)
 .debug_line    0x00000000000006ff       0xf0 ../bathysphere_eclipse1_bsp/\libhal_bsp.a(altera_avalon_jtag_uart_write.o)
 .debug_line    0x00000000000007ef       0x4e ../bathysphere_eclipse1_bsp/\libhal_bsp.a(alt_dcache_flush_all.o)
 .debug_line    0x000000000000083d       0xee ../bathysphere_eclipse1_bsp/\libhal_bsp.a(alt_dev.o)
 .debug_line    0x000000000000092b       0x4e ../bathysphere_eclipse1_bsp/\libhal_bsp.a(alt_icache_flush_all.o)
 .debug_line    0x0000000000000979       0x50 ../bathysphere_eclipse1_bsp/\libhal_bsp.a(altera_nios2_qsys_irq.o)

.debug_frame    0x0000000000000000      0x24c
 *(.debug_frame)
 .debug_frame   0x0000000000000000       0x44 obj/default/hello_world_small.o
 .debug_frame   0x0000000000000044       0x2c ../bathysphere_eclipse1_bsp/\libhal_bsp.a(alt_getchar.o)
 .debug_frame   0x0000000000000070       0x30 ../bathysphere_eclipse1_bsp/\libhal_bsp.a(alt_load.o)
 .debug_frame   0x00000000000000a0       0x2c ../bathysphere_eclipse1_bsp/\libhal_bsp.a(alt_main.o)
 .debug_frame   0x00000000000000cc       0x54 ../bathysphere_eclipse1_bsp/\libhal_bsp.a(alt_printf.o)
 .debug_frame   0x0000000000000120       0x30 ../bathysphere_eclipse1_bsp/\libhal_bsp.a(alt_putchar.o)
 .debug_frame   0x0000000000000150       0x3c ../bathysphere_eclipse1_bsp/\libhal_bsp.a(alt_sys_init.o)
 .debug_frame   0x000000000000018c       0x20 ../bathysphere_eclipse1_bsp/\libhal_bsp.a(altera_avalon_jtag_uart_read.o)
 .debug_frame   0x00000000000001ac       0x20 ../bathysphere_eclipse1_bsp/\libhal_bsp.a(altera_avalon_jtag_uart_write.o)
 .debug_frame   0x00000000000001cc       0x20 ../bathysphere_eclipse1_bsp/\libhal_bsp.a(alt_dcache_flush_all.o)
 .debug_frame   0x00000000000001ec       0x20 ../bathysphere_eclipse1_bsp/\libhal_bsp.a(alt_dev.o)
 .debug_frame   0x000000000000020c       0x20 ../bathysphere_eclipse1_bsp/\libhal_bsp.a(alt_icache_flush_all.o)
 .debug_frame   0x000000000000022c       0x20 ../bathysphere_eclipse1_bsp/\libhal_bsp.a(altera_nios2_qsys_irq.o)

.debug_str      0x0000000000000000      0x755
 *(.debug_str)
 .debug_str     0x0000000000000000      0x135 obj/default/hello_world_small.o
                                        0x13f (size before relaxing)
 .debug_str     0x0000000000000135      0x1a7 ../bathysphere_eclipse1_bsp/\libhal_bsp.a(alt_getchar.o)
                                        0x23a (size before relaxing)
 .debug_str     0x00000000000002dc      0x11b ../bathysphere_eclipse1_bsp/\libhal_bsp.a(alt_load.o)
                                        0x240 (size before relaxing)
 .debug_str     0x00000000000003f7       0x5e ../bathysphere_eclipse1_bsp/\libhal_bsp.a(alt_main.o)
                                        0x1b9 (size before relaxing)
 .debug_str     0x0000000000000455       0x59 ../bathysphere_eclipse1_bsp/\libhal_bsp.a(alt_printf.o)
                                        0x116 (size before relaxing)
 .debug_str     0x00000000000004ae       0x34 ../bathysphere_eclipse1_bsp/\libhal_bsp.a(alt_putchar.o)
                                        0x18f (size before relaxing)
 .debug_str     0x00000000000004e2       0x86 ../bathysphere_eclipse1_bsp/\libhal_bsp.a(alt_sys_init.o)
                                        0x228 (size before relaxing)
 .debug_str     0x0000000000000568       0x3d ../bathysphere_eclipse1_bsp/\libhal_bsp.a(altera_avalon_jtag_uart_read.o)
                                        0x223 (size before relaxing)
 .debug_str     0x00000000000005a5       0x32 ../bathysphere_eclipse1_bsp/\libhal_bsp.a(altera_avalon_jtag_uart_write.o)
                                        0x219 (size before relaxing)
 .debug_str     0x00000000000005d7       0x1f ../bathysphere_eclipse1_bsp/\libhal_bsp.a(alt_dcache_flush_all.o)
                                        0x159 (size before relaxing)
 .debug_str     0x00000000000005f6      0x120 ../bathysphere_eclipse1_bsp/\libhal_bsp.a(alt_dev.o)
                                        0x309 (size before relaxing)
 .debug_str     0x0000000000000716       0x1f ../bathysphere_eclipse1_bsp/\libhal_bsp.a(alt_icache_flush_all.o)
                                        0x159 (size before relaxing)
 .debug_str     0x0000000000000735       0x20 ../bathysphere_eclipse1_bsp/\libhal_bsp.a(altera_nios2_qsys_irq.o)
                                        0x160 (size before relaxing)

.debug_loc      0x0000000000000000      0x4c1
 *(.debug_loc)
 .debug_loc     0x0000000000000000      0x156 obj/default/hello_world_small.o
 .debug_loc     0x0000000000000156      0x1c6 ../bathysphere_eclipse1_bsp/\libhal_bsp.a(alt_printf.o)
 .debug_loc     0x000000000000031c       0x2c ../bathysphere_eclipse1_bsp/\libhal_bsp.a(alt_putchar.o)
 .debug_loc     0x0000000000000348       0x21 ../bathysphere_eclipse1_bsp/\libhal_bsp.a(alt_sys_init.o)
 .debug_loc     0x0000000000000369       0xcd ../bathysphere_eclipse1_bsp/\libhal_bsp.a(altera_avalon_jtag_uart_read.o)
 .debug_loc     0x0000000000000436       0x8b ../bathysphere_eclipse1_bsp/\libhal_bsp.a(altera_avalon_jtag_uart_write.o)

.debug_macinfo
 *(.debug_macinfo)

.debug_weaknames
 *(.debug_weaknames)

.debug_funcnames
 *(.debug_funcnames)

.debug_typenames
 *(.debug_typenames)

.debug_varnames
 *(.debug_varnames)

.debug_alt_sim_info
                0x0000000000000000       0x10
 *(.debug_alt_sim_info)
 .debug_alt_sim_info
                0x0000000000000000       0x10 ../bathysphere_eclipse1_bsp//obj/HAL/src/crt0.o
                0x0000000000002000                __alt_data_end = 0x2000
                0x0000000000002000                PROVIDE (__alt_stack_pointer, __alt_data_end)
                0x0000000000001d5c                PROVIDE (__alt_stack_limit, __alt_stack_base)
                0x0000000000001d5c                PROVIDE (__alt_heap_start, end)
                0x0000000000002000                PROVIDE (__alt_heap_limit, 0x2000)
OUTPUT(bathysphere_eclipse1.elf elf32-littlenios2)

.debug_ranges   0x0000000000000000       0xb0
 .debug_ranges  0x0000000000000000       0x20 ../bathysphere_eclipse1_bsp//obj/HAL/src/crt0.o
 .debug_ranges  0x0000000000000020       0x10 obj/default/hello_world_small.o
 .debug_ranges  0x0000000000000030       0x48 ../bathysphere_eclipse1_bsp/\libhal_bsp.a(alt_load.o)
 .debug_ranges  0x0000000000000078       0x18 ../bathysphere_eclipse1_bsp/\libhal_bsp.a(alt_printf.o)
 .debug_ranges  0x0000000000000090       0x20 ../bathysphere_eclipse1_bsp/\libhal_bsp.a(altera_avalon_jtag_uart_read.o)
