Archive member included to satisfy reference by file (symbol)

c:/altera/14.1/nios2eds/bin/gnu/h-x86_64-mingw32/bin/../lib/gcc/nios2-elf/4.8.3/mno-hw-mul\libgcc.a(lib2-divmod.o)
                              obj/default/count_binary.o (__divsi3)
c:/altera/14.1/nios2eds/bin/gnu/h-x86_64-mingw32/bin/../lib/gcc/nios2-elf/4.8.3/../../../../../H-x86_64-mingw32/nios2-elf/lib/mno-hw-mul\libsmallc.a(lib_a-printf.o)
                              obj/default/count_binary.o (printf)
c:/altera/14.1/nios2eds/bin/gnu/h-x86_64-mingw32/bin/../lib/gcc/nios2-elf/4.8.3/../../../../../H-x86_64-mingw32/nios2-elf/lib/mno-hw-mul\libsmallc.a(lib_a-putchar.o)
                              obj/default/count_binary.o (putchar)
c:/altera/14.1/nios2eds/bin/gnu/h-x86_64-mingw32/bin/../lib/gcc/nios2-elf/4.8.3/../../../../../H-x86_64-mingw32/nios2-elf/lib/mno-hw-mul\libsmallc.a(lib_a-puts.o)
                              obj/default/count_binary.o (puts)
c:/altera/14.1/nios2eds/bin/gnu/h-x86_64-mingw32/bin/../lib/gcc/nios2-elf/4.8.3/../../../../../H-x86_64-mingw32/nios2-elf/lib/mno-hw-mul\libsmallc.a(lib_a-strlen.o)
                              c:/altera/14.1/nios2eds/bin/gnu/h-x86_64-mingw32/bin/../lib/gcc/nios2-elf/4.8.3/../../../../../H-x86_64-mingw32/nios2-elf/lib/mno-hw-mul\libsmallc.a(lib_a-puts.o) (strlen)
c:/altera/14.1/nios2eds/bin/gnu/h-x86_64-mingw32/bin/../lib/gcc/nios2-elf/4.8.3/../../../../../H-x86_64-mingw32/nios2-elf/lib/mno-hw-mul\libsmallc.a(lib_a-vfprintf.o)
                              c:/altera/14.1/nios2eds/bin/gnu/h-x86_64-mingw32/bin/../lib/gcc/nios2-elf/4.8.3/../../../../../H-x86_64-mingw32/nios2-elf/lib/mno-hw-mul\libsmallc.a(lib_a-printf.o) (___vfprintf_internal_r)
c:/altera/14.1/nios2eds/bin/gnu/h-x86_64-mingw32/bin/../lib/gcc/nios2-elf/4.8.3/../../../../../H-x86_64-mingw32/nios2-elf/lib/mno-hw-mul\libsmallc.a(lib_a-fvwrite_small_dev.o)
                              c:/altera/14.1/nios2eds/bin/gnu/h-x86_64-mingw32/bin/../lib/gcc/nios2-elf/4.8.3/../../../../../H-x86_64-mingw32/nios2-elf/lib/mno-hw-mul\libsmallc.a(lib_a-printf.o) (__sfvwrite_small_dev)
c:/altera/14.1/nios2eds/bin/gnu/h-x86_64-mingw32/bin/../lib/gcc/nios2-elf/4.8.3/../../../../../H-x86_64-mingw32/nios2-elf/lib/mno-hw-mul\libsmallc.a(lib_a-impure.o)
                              c:/altera/14.1/nios2eds/bin/gnu/h-x86_64-mingw32/bin/../lib/gcc/nios2-elf/4.8.3/../../../../../H-x86_64-mingw32/nios2-elf/lib/mno-hw-mul\libsmallc.a(lib_a-printf.o) (_impure_ptr)
c:/altera/14.1/nios2eds/bin/gnu/h-x86_64-mingw32/bin/../lib/gcc/nios2-elf/4.8.3/../../../../../H-x86_64-mingw32/nios2-elf/lib/mno-hw-mul\libsmallc.a(lib_a-putc.o)
                              c:/altera/14.1/nios2eds/bin/gnu/h-x86_64-mingw32/bin/../lib/gcc/nios2-elf/4.8.3/../../../../../H-x86_64-mingw32/nios2-elf/lib/mno-hw-mul\libsmallc.a(lib_a-putchar.o) (_putc_r)
c:/altera/14.1/nios2eds/bin/gnu/h-x86_64-mingw32/bin/../lib/gcc/nios2-elf/4.8.3/../../../../../H-x86_64-mingw32/nios2-elf/lib/mno-hw-mul\libsmallc.a(lib_a-writer.o)
                              c:/altera/14.1/nios2eds/bin/gnu/h-x86_64-mingw32/bin/../lib/gcc/nios2-elf/4.8.3/../../../../../H-x86_64-mingw32/nios2-elf/lib/mno-hw-mul\libsmallc.a(lib_a-fvwrite_small_dev.o) (_write_r)
c:/altera/14.1/nios2eds/bin/gnu/h-x86_64-mingw32/bin/../lib/gcc/nios2-elf/4.8.3/../../../../../H-x86_64-mingw32/nios2-elf/lib/mno-hw-mul\libsmallc.a(lib_a-int_errno.o)
                              c:/altera/14.1/nios2eds/bin/gnu/h-x86_64-mingw32/bin/../lib/gcc/nios2-elf/4.8.3/../../../../../H-x86_64-mingw32/nios2-elf/lib/mno-hw-mul\libsmallc.a(lib_a-writer.o) (errno)
c:/altera/14.1/nios2eds/bin/gnu/h-x86_64-mingw32/bin/../lib/gcc/nios2-elf/4.8.3/mno-hw-mul\libgcc.a(lib2-mul.o)
                              c:/altera/14.1/nios2eds/bin/gnu/h-x86_64-mingw32/bin/../lib/gcc/nios2-elf/4.8.3/../../../../../H-x86_64-mingw32/nios2-elf/lib/mno-hw-mul\libsmallc.a(lib_a-vfprintf.o) (__mulsi3)
../CountBinary3_bsp/\libhal_bsp.a(alt_load.o)
                              ../CountBinary3_bsp//obj/HAL/src/crt0.o (alt_load)
../CountBinary3_bsp/\libhal_bsp.a(alt_main.o)
                              ../CountBinary3_bsp//obj/HAL/src/crt0.o (alt_main)
../CountBinary3_bsp/\libhal_bsp.a(alt_usleep.o)
                              obj/default/count_binary.o (usleep)
../CountBinary3_bsp/\libhal_bsp.a(alt_write.o)
                              c:/altera/14.1/nios2eds/bin/gnu/h-x86_64-mingw32/bin/../lib/gcc/nios2-elf/4.8.3/../../../../../H-x86_64-mingw32/nios2-elf/lib/mno-hw-mul\libsmallc.a(lib_a-writer.o) (write)
../CountBinary3_bsp/\libhal_bsp.a(alt_sys_init.o)
                              ../CountBinary3_bsp/\libhal_bsp.a(alt_main.o) (alt_irq_init)
../CountBinary3_bsp/\libhal_bsp.a(altera_avalon_jtag_uart_fd.o)
                              ../CountBinary3_bsp/\libhal_bsp.a(alt_sys_init.o) (altera_avalon_jtag_uart_read_fd)
../CountBinary3_bsp/\libhal_bsp.a(altera_avalon_jtag_uart_read.o)
[...]
Memory Configuration

Name             Origin             Length             Attributes
reset            0x0000000000008000 0x0000000000000020
onchip_mem       0x0000000000008020 0x0000000000004fe0
*default*        0x0000000000000000 0xffffffffffffffff

Linker script and memory map

LOAD ../CountBinary3_bsp//obj/HAL/src/crt0.o
LOAD obj/default/count_binary.o
LOAD c:/altera/14.1/nios2eds/bin/gnu/h-x86_64-mingw32/bin/../lib/gcc/nios2-elf/4.8.3/../../../../../H-x86_64-mingw32/nios2-elf/lib/mno-hw-mul\libstdc++.a
LOAD c:/altera/14.1/nios2eds/bin/gnu/h-x86_64-mingw32/bin/../lib/gcc/nios2-elf/4.8.3/../../../../../H-x86_64-mingw32/nios2-elf/lib/mno-hw-mul\libm.a
LOAD c:/altera/14.1/nios2eds/bin/gnu/h-x86_64-mingw32/bin/../lib/gcc/nios2-elf/4.8.3/mno-hw-mul\libgcc.a
START GROUP
LOAD c:/altera/14.1/nios2eds/bin/gnu/h-x86_64-mingw32/bin/../lib/gcc/nios2-elf/4.8.3/../../../../../H-x86_64-mingw32/nios2-elf/lib/mno-hw-mul\libsmallc.a
LOAD c:/altera/14.1/nios2eds/bin/gnu/h-x86_64-mingw32/bin/../lib/gcc/nios2-elf/4.8.3/mno-hw-mul\libgcc.a
LOAD ../CountBinary3_bsp/\libhal_bsp.a
END GROUP
LOAD c:/altera/14.1/nios2eds/bin/gnu/h-x86_64-mingw32/bin/../lib/gcc/nios2-elf/4.8.3/mno-hw-mul\libgcc.a
                0x0000000000008000                __alt_mem_onchip_mem = 0x8000

.entry          0x0000000000008000       0x20
 *(.entry)
 .entry         0x0000000000008000       0x20 ../CountBinary3_bsp//obj/HAL/src/crt0.o
                0x0000000000008000                __reset

.exceptions     0x0000000000008020      0x220
                0x0000000000008020                PROVIDE (__ram_exceptions_start, ABSOLUTE (.))
                0x0000000000008020                . = ALIGN (0x20)
 *(.irq)
 *(.exceptions.entry.label)
 .exceptions.entry.label
                0x0000000000008020        0x0 ../CountBinary3_bsp/\libhal_bsp.a(alt_irq_entry.o)
                0x0000000000008020                alt_irq_entry
 .exceptions.entry.label
                0x0000000000008020        0x0 ../CountBinary3_bsp/\libhal_bsp.a(alt_exception_entry.o)
                0x0000000000008020                alt_exception
 *(.exceptions.entry.user)
 *(.exceptions.entry.ecc_fatal)
 *(.exceptions.entry)
 .exceptions.entry
                0x0000000000008020       0x54 ../CountBinary3_bsp/\libhal_bsp.a(alt_exception_entry.o)
 *(.exceptions.irqtest.user)
 *(.exceptions.irqtest)
 .exceptions.irqtest
                0x0000000000008074       0x10 ../CountBinary3_bsp/\libhal_bsp.a(alt_irq_entry.o)
 *(.exceptions.irqhandler.user)
 *(.exceptions.irqhandler)
 .exceptions.irqhandler
                0x0000000000008084        0x4 ../CountBinary3_bsp/\libhal_bsp.a(alt_irq_entry.o)
 *(.exceptions.irqreturn.user)
 *(.exceptions.irqreturn)
 .exceptions.irqreturn
                0x0000000000008088        0x4 ../CountBinary3_bsp/\libhal_bsp.a(alt_irq_entry.o)
 *(.exceptions.notirq.label)
 .exceptions.notirq.label
                0x000000000000808c        0x0 ../CountBinary3_bsp/\libhal_bsp.a(alt_irq_entry.o)
 *(.exceptions.notirq.user)
 *(.exceptions.notirq)
 .exceptions.notirq
                0x000000000000808c        0x8 ../CountBinary3_bsp/\libhal_bsp.a(alt_exception_entry.o)
 *(.exceptions.soft.user)
 *(.exceptions.soft)
 *(.exceptions.unknown.user)
 *(.exceptions.unknown)
 .exceptions.unknown
                0x0000000000008094       0x14 ../CountBinary3_bsp/\libhal_bsp.a(alt_exception_entry.o)
 *(.exceptions.exit.label)
 .exceptions.exit.label
                0x00000000000080a8        0x0 ../CountBinary3_bsp/\libhal_bsp.a(alt_irq_entry.o)
 .exceptions.exit.label
                0x00000000000080a8        0x0 ../CountBinary3_bsp/\libhal_bsp.a(alt_exception_entry.o)
 *(.exceptions.exit.user)
 *(.exceptions.exit)
 .exceptions.exit
                0x00000000000080a8       0x54 ../CountBinary3_bsp/\libhal_bsp.a(alt_exception_entry.o)
 *(.exceptions)
 .exceptions    0x00000000000080fc       0xd0 ../CountBinary3_bsp/\libhal_bsp.a(alt_irq_handler.o)
                0x00000000000080fc                alt_irq_handler
 .exceptions    0x00000000000081cc       0x74 ../CountBinary3_bsp/\libhal_bsp.a(alt_instruction_exception_entry.o)
                0x00000000000081cc                alt_instruction_exception_entry
                0x0000000000008240                PROVIDE (__ram_exceptions_end, ABSOLUTE (.))
                0x0000000000008020                PROVIDE (__flash_exceptions_start, LOADADDR (.exceptions))

.text           0x0000000000008240     0x2734
                0x0000000000008240                PROVIDE (stext, ABSOLUTE (.))
 *(.interp)
 *(.hash)
 *(.dynsym)
 *(.dynstr)
 *(.gnu.version)
 *(.gnu.version_d)
 *(.gnu.version_r)
 *(.rel.init)
 *(.rela.init)
 *(.rel.text .rel.text.* .rel.gnu.linkonce.t.*)
 *(.rela.text .rela.text.* .rela.gnu.linkonce.t.*)
 *(.rel.fini)
 *(.rela.fini)
 *(.rel.rodata .rel.rodata.* .rel.gnu.linkonce.r.*)
 *(.rela.rodata .rela.rodata.* .rela.gnu.linkonce.r.*)
 *(.rel.data .rel.data.* .rel.gnu.linkonce.d.*)
 *(.rela.data .rela.data.* .rela.gnu.linkonce.d.*)
 *(.rel.tdata .rel.tdata.* .rel.gnu.linkonce.td.*)
 *(.rela.tdata .rela.tdata.* .rela.gnu.linkonce.td.*)
 *(.rel.tbss .rel.tbss.* .rel.gnu.linkonce.tb.*)
 *(.rela.tbss .rela.tbss.* .rela.gnu.linkonce.tb.*)
 *(.rel.ctors)
 *(.rela.ctors)
 *(.rel.dtors)
 *(.rela.dtors)
 *(.rel.got)
 *(.rela.got)
 *(.rel.sdata .rel.sdata.* .rel.gnu.linkonce.s.*)
 *(.rela.sdata .rela.sdata.* .rela.gnu.linkonce.s.*)
 *(.rel.sbss .rel.sbss.* .rel.gnu.linkonce.sb.*)
 *(.rela.sbss .rela.sbss.* .rela.gnu.linkonce.sb.*)
 *(.rel.sdata2 .rel.sdata2.* .rel.gnu.linkonce.s2.*)
 *(.rela.sdata2 .rela.sdata2.* .rela.gnu.linkonce.s2.*)
 *(.rel.sbss2 .rel.sbss2.* .rel.gnu.linkonce.sb2.*)
 *(.rela.sbss2 .rela.sbss2.* .rela.gnu.linkonce.sb2.*)
 *(.rel.bss .rel.bss.* .rel.gnu.linkonce.b.*)
 *(.rela.bss .rela.bss.* .rela.gnu.linkonce.b.*)
 *(.rel.plt)
 *(.rela.plt)
 *(.rel.dyn)
 *(.init)
 *(.plt)
 *(.text .stub .text.* .gnu.linkonce.t.*)
 .text          0x0000000000008240       0x3c ../CountBinary3_bsp//obj/HAL/src/crt0.o
                0x0000000000008240                _start
 .text          0x000000000000827c      0x370 obj/default/count_binary.o
                0x00000000000084ec                main
 .text          0x00000000000085ec      0x114 c:/altera/14.1/nios2eds/bin/gnu/h-x86_64-mingw32/bin/../lib/gcc/nios2-elf/4.8.3/mno-hw-mul\libgcc.a(lib2-divmod.o)
                0x000000000000865c                __divsi3
                0x00000000000086a4                __modsi3
                0x00000000000086f0                __udivsi3
                0x00000000000086f8                __umodsi3
 .text          0x0000000000008700       0x88 c:/altera/14.1/nios2eds/bin/gnu/h-x86_64-mingw32/bin/../lib/gcc/nios2-elf/4.8.3/../../../../../H-x86_64-mingw32/nios2-elf/lib/mno-hw-mul\libsmallc.a(lib_a-printf.o)
                0x0000000000008700                _printf_r
                0x000000000000873c                printf
 .text          0x0000000000008788       0x20 c:/altera/14.1/nios2eds/bin/gnu/h-x86_64-mingw32/bin/../lib/gcc/nios2-elf/4.8.3/../../../../../H-x86_64-mingw32/nios2-elf/lib/mno-hw-mul\libsmallc.a(lib_a-putchar.o)
                0x0000000000008788                _putchar_r
                0x0000000000008790                putchar
 .text          0x00000000000087a8       0x94 c:/altera/14.1/nios2eds/bin/gnu/h-x86_64-mingw32/bin/../lib/gcc/nios2-elf/4.8.3/../../../../../H-x86_64-mingw32/nios2-elf/lib/mno-hw-mul\libsmallc.a(lib_a-puts.o)
                0x00000000000087a8                _puts_r
                0x0000000000008828                puts
 .text          0x000000000000883c       0x1c c:/altera/14.1/nios2eds/bin/gnu/h-x86_64-mingw32/bin/../lib/gcc/nios2-elf/4.8.3/../../../../../H-x86_64-mingw32/nios2-elf/lib/mno-hw-mul\libsmallc.a(lib_a-strlen.o)
                0x000000000000883c                strlen
 .text          0x0000000000008858      0x600 c:/altera/14.1/nios2eds/bin/gnu/h-x86_64-mingw32/bin/../lib/gcc/nios2-elf/4.8.3/../../../../../H-x86_64-mingw32/nios2-elf/lib/mno-hw-mul\libsmallc.a(lib_a-vfprintf.o)
                0x00000000000088c4                ___vfprintf_internal_r
                0x0000000000008e34                __vfprintf_internal
 .text          0x0000000000008e58       0xac c:/altera/14.1/nios2eds/bin/gnu/h-x86_64-mingw32/bin/../lib/gcc/nios2-elf/4.8.3/../../../../../H-x86_64-mingw32/nios2-elf/lib/mno-hw-mul\libsmallc.a(lib_a-fvwrite_small_dev.o)
                0x0000000000008e58                __sfvwrite_small_dev
 .text          0x0000000000008f04        0x0 c:/altera/14.1/nios2eds/bin/gnu/h-x86_64-mingw32/bin/../lib/gcc/nios2-elf/4.8.3/../../../../../H-x86_64-mingw32/nios2-elf/lib/mno-hw-mul\libsmallc.a(lib_a-impure.o)
 .text          0x0000000000008f04       0xac c:/altera/14.1/nios2eds/bin/gnu/h-x86_64-mingw32/bin/../lib/gcc/nios2-elf/4.8.3/../../../../../H-x86_64-mingw32/nios2-elf/lib/mno-hw-mul\libsmallc.a(lib_a-putc.o)
                0x0000000000008f04                putc
                0x0000000000008f58                _putc_r
 .text          0x0000000000008fb0       0x58 c:/altera/14.1/nios2eds/bin/gnu/h-x86_64-mingw32/bin/../lib/gcc/nios2-elf/4.8.3/../../../../../H-x86_64-mingw32/nios2-elf/lib/mno-hw-mul\libsmallc.a(lib_a-writer.o)
                0x0000000000008fb0                _write_r
 .text          0x0000000000009008        0x0 c:/altera/14.1/nios2eds/bin/gnu/h-x86_64-mingw32/bin/../lib/gcc/nios2-elf/4.8.3/../../../../../H-x86_64-mingw32/nios2-elf/lib/mno-hw-mul\libsmallc.a(lib_a-int_errno.o)
 .text          0x0000000000009008       0x28 c:/altera/14.1/nios2eds/bin/gnu/h-x86_64-mingw32/bin/../lib/gcc/nios2-elf/4.8.3/mno-hw-mul\libgcc.a(lib2-mul.o)
                0x0000000000009008                __mulsi3
 .text          0x0000000000009030       0xe4 ../CountBinary3_bsp/\libhal_bsp.a(alt_load.o)
                0x0000000000009094                alt_load
 .text          0x0000000000009114       0x68 ../CountBinary3_bsp/\libhal_bsp.a(alt_main.o)
                0x0000000000009114                alt_main
 .text          0x000000000000917c       0x30 ../CountBinary3_bsp/\libhal_bsp.a(alt_usleep.o)
                0x000000000000917c                usleep
 .text          0x00000000000091ac      0x144 ../CountBinary3_bsp/\libhal_bsp.a(alt_write.o)
                0x00000000000091fc                write
 .text          0x00000000000092f0       0xb8 ../CountBinary3_bsp/\libhal_bsp.a(alt_sys_init.o)
                0x0000000000009328                alt_irq_init
                0x000000000000935c                alt_sys_init
 .text          0x00000000000093a8       0xc0 ../CountBinary3_bsp/\libhal_bsp.a(altera_avalon_jtag_uart_fd.o)
                0x00000000000093a8                altera_avalon_jtag_uart_read_fd
                0x0000000000009408                altera_avalon_jtag_uart_write_fd
 .text          0x0000000000009468       0xe4 ../CountBinary3_bsp/\libhal_bsp.a(altera_avalon_jtag_uart_read.o)
                0x0000000000009468                altera_avalon_jtag_uart_read
 .text          0x000000000000954c       0x94 ../CountBinary3_bsp/\libhal_bsp.a(altera_avalon_jtag_uart_write.o)
                0x000000000000954c                altera_avalon_jtag_uart_write
 .text          0x00000000000095e0       0xfc ../CountBinary3_bsp/\libhal_bsp.a(altera_avalon_timer_sc.o)
                0x0000000000009654                alt_avalon_timer_sc_init
 .text          0x00000000000096dc      0x154 ../CountBinary3_bsp/\libhal_bsp.a(alt_busy_sleep.o)
                0x00000000000096dc                alt_busy_sleep
 .text          0x0000000000009830      0x120 ../CountBinary3_bsp/\libhal_bsp.a(alt_close.o)
                0x0000000000009880                close
 .text          0x0000000000009950       0x1c ../CountBinary3_bsp/\libhal_bsp.a(alt_dcache_flush_all.o)
                0x0000000000009950                alt_dcache_flush_all
 .text          0x000000000000996c       0x2c ../CountBinary3_bsp/\libhal_bsp.a(alt_dev.o)
 .text          0x0000000000009998       0xf0 ../CountBinary3_bsp/\libhal_bsp.a(alt_dev_llist_insert.o)
                0x00000000000099e8                alt_dev_llist_insert
 .text          0x0000000000009a88        0x0 ../CountBinary3_bsp/\libhal_bsp.a(alt_errno.o)
 .text          0x0000000000009a88       0x30 ../CountBinary3_bsp/\libhal_bsp.a(alt_icache_flush_all.o)
                0x0000000000009a88                alt_icache_flush_all
 .text          0x0000000000009ab8      0x1d8 ../CountBinary3_bsp/\libhal_bsp.a(alt_iic.o)
                0x0000000000009ab8                alt_ic_isr_register
                0x0000000000009b08                alt_ic_irq_enable
                0x0000000000009ba4                alt_ic_irq_disable
                0x0000000000009c44                alt_ic_irq_enabled
 .text          0x0000000000009c90       0xf0 ../CountBinary3_bsp/\libhal_bsp.a(alt_iic_isr_register.o)
                0x0000000000009c90                alt_iic_isr_register
 .text          0x0000000000009d80      0x158 ../CountBinary3_bsp/\libhal_bsp.a(alt_io_redirect.o)
                0x0000000000009e60                alt_io_redirect
 .text          0x0000000000009ed8        0x0 ../CountBinary3_bsp/\libhal_bsp.a(alt_irq_entry.o)
 .text          0x0000000000009ed8        0x0 ../CountBinary3_bsp/\libhal_bsp.a(alt_irq_handler.o)
 .text          0x0000000000009ed8        0x0 ../CountBinary3_bsp/\libhal_bsp.a(alt_irq_vars.o)
 .text          0x0000000000009ed8      0x2a0 ../CountBinary3_bsp/\libhal_bsp.a(alt_open.o)
                0x000000000000a01c                open
 .text          0x000000000000a178       0x80 ../CountBinary3_bsp/\libhal_bsp.a(alt_release_fd.o)
                0x000000000000a178                alt_release_fd
 .text          0x000000000000a1f8      0x19c ../CountBinary3_bsp/\libhal_bsp.a(alt_tick.o)
                0x000000000000a1f8                alt_alarm_stop
                0x000000000000a290                alt_tick
 .text          0x000000000000a394       0x20 ../CountBinary3_bsp/\libhal_bsp.a(altera_nios2_gen2_irq.o)
                0x000000000000a394                altera_nios2_gen2_irq_init
 .text          0x000000000000a3b4        0x0 ../CountBinary3_bsp/\libhal_bsp.a(alt_exception_entry.o)
 .text          0x000000000000a3b4       0x90 ../CountBinary3_bsp/\libhal_bsp.a(alt_find_dev.o)
                0x000000000000a3b4                alt_find_dev
 .text          0x000000000000a444      0x114 ../CountBinary3_bsp/\libhal_bsp.a(alt_find_file.o)
                0x000000000000a444                alt_find_file
 .text          0x000000000000a558       0xd4 ../CountBinary3_bsp/\libhal_bsp.a(alt_get_fd.o)
                0x000000000000a558                alt_get_fd
 .text          0x000000000000a62c       0x8c ../CountBinary3_bsp/\libhal_bsp.a(alt_icache_flush.o)
                0x000000000000a62c                alt_icache_flush
 .text          0x000000000000a6b8       0xa0 ../CountBinary3_bsp/\libhal_bsp.a(alt_instruction_exception_entry.o)
                0x000000000000a6b8                alt_exception_cause_generated_bad_addr
 .text          0x000000000000a758       0x20 c:/altera/14.1/nios2eds/bin/gnu/h-x86_64-mingw32/bin/../lib/gcc/nios2-elf/4.8.3/../../../../../H-x86_64-mingw32/nios2-elf/lib/mno-hw-mul\libsmallc.a(lib_a-exit.o)
                0x000000000000a758                exit
 .text          0x000000000000a778       0x30 c:/altera/14.1/nios2eds/bin/gnu/h-x86_64-mingw32/bin/../lib/gcc/nios2-elf/4.8.3/../../../../../H-x86_64-mingw32/nios2-elf/lib/mno-hw-mul\libsmallc.a(lib_a-memcmp.o)
                0x000000000000a778                memcmp
 .text          0x000000000000a7a8      0x198 c:/altera/14.1/nios2eds/bin/gnu/h-x86_64-mingw32/bin/../lib/gcc/nios2-elf/4.8.3/../../../../../H-x86_64-mingw32/nios2-elf/lib/mno-hw-mul\libsmallc.a(lib_a-__call_atexit.o)
                0x000000000000a7a8                __call_exitprocs
 .text          0x000000000000a940       0x34 ../CountBinary3_bsp/\libhal_bsp.a(alt_exit.o)
                0x000000000000a940                _exit
 *(.gnu.warning.*)
 *(.fini)
                0x000000000000a974                PROVIDE (__etext, ABSOLUTE (.))
                0x000000000000a974                PROVIDE (_etext, ABSOLUTE (.))
                0x000000000000a974                PROVIDE (etext, ABSOLUTE (.))
 *(.eh_frame_hdr)
                0x000000000000a974                . = ALIGN (0x4)
                0x000000000000a974                PROVIDE (__preinit_array_start, ABSOLUTE (.))
 *(.preinit_array)
                0x000000000000a974                PROVIDE (__preinit_array_end, ABSOLUTE (.))
                0x000000000000a974                PROVIDE (__init_array_start, ABSOLUTE (.))
 *(.init_array)
                0x000000000000a974                PROVIDE (__init_array_end, ABSOLUTE (.))
                0x000000000000a974                PROVIDE (__fini_array_start, ABSOLUTE (.))
 *(.fini_array)
                0x000000000000a974                PROVIDE (__fini_array_end, ABSOLUTE (.))
 *(.eh_frame)
 *(.gcc_except_table .gcc_except_table.*)
 *(.dynamic)
                0x000000000000a974                PROVIDE (__CTOR_LIST__, ABSOLUTE (.))
 *(.ctors)
 *(SORT(.ctors.*))
                0x000000000000a974                PROVIDE (__CTOR_END__, ABSOLUTE (.))
                0x000000000000a974                PROVIDE (__DTOR_LIST__, ABSOLUTE (.))
 *(.dtors)
 *(SORT(.dtors.*))
                0x000000000000a974                PROVIDE (__DTOR_END__, ABSOLUTE (.))
 *(.jcr)
                0x000000000000a974                . = ALIGN (0x4)

.rodata         0x000000000000a974      0x110
                0x000000000000a974                PROVIDE (__ram_rodata_start, ABSOLUTE (.))
                0x000000000000a974                . = ALIGN (0x4)
 *(.rodata .rodata.* .gnu.linkonce.r.*)
 .rodata        0x000000000000a974       0xe0 obj/default/count_binary.o
 .rodata.str1.4
                0x000000000000aa54        0x4 c:/altera/14.1/nios2eds/bin/gnu/h-x86_64-mingw32/bin/../lib/gcc/nios2-elf/4.8.3/../../../../../H-x86_64-mingw32/nios2-elf/lib/mno-hw-mul\libsmallc.a(lib_a-puts.o)
 .rodata        0x000000000000aa58       0x10 ../CountBinary3_bsp/\libhal_bsp.a(alt_main.o)
 .rodata        0x000000000000aa68       0x10 ../CountBinary3_bsp/\libhal_bsp.a(alt_sys_init.o)
 .rodata        0x000000000000aa78        0xc ../CountBinary3_bsp/\libhal_bsp.a(alt_dev.o)
 *(.rodata1)
                0x000000000000aa84                . = ALIGN (0x4)
                0x000000000000aa84                PROVIDE (__ram_rodata_end, ABSOLUTE (.))
                0x000000000000a974                PROVIDE (__flash_rodata_start, LOADADDR (.rodata))

.rwdata         0x000000000000aa84      0x2e0 load address 0x000000000000ad64
                0x000000000000aa84                PROVIDE (__ram_rwdata_start, ABSOLUTE (.))
                0x000000000000aa84                . = ALIGN (0x4)
 *(.got.plt)
 *(.got)
 *(.data1)
 *(.data .data.* .gnu.linkonce.d.*)
 .data          0x000000000000aa84        0x0 ../CountBinary3_bsp//obj/HAL/src/crt0.o
 .data          0x000000000000aa84        0x0 obj/default/count_binary.o
 .data          0x000000000000aa84        0x0 c:/altera/14.1/nios2eds/bin/gnu/h-x86_64-mingw32/bin/../lib/gcc/nios2-elf/4.8.3/mno-hw-mul\libgcc.a(lib2-divmod.o)
 .data          0x000000000000aa84        0x0 c:/altera/14.1/nios2eds/bin/gnu/h-x86_64-mingw32/bin/../lib/gcc/nios2-elf/4.8.3/../../../../../H-x86_64-mingw32/nios2-elf/lib/mno-hw-mul\libsmallc.a(lib_a-printf.o)
 .data          0x000000000000aa84        0x0 c:/altera/14.1/nios2eds/bin/gnu/h-x86_64-mingw32/bin/../lib/gcc/nios2-elf/4.8.3/../../../../../H-x86_64-mingw32/nios2-elf/lib/mno-hw-mul\libsmallc.a(lib_a-putchar.o)
 .data          0x000000000000aa84        0x0 c:/altera/14.1/nios2eds/bin/gnu/h-x86_64-mingw32/bin/../lib/gcc/nios2-elf/4.8.3/../../../../../H-x86_64-mingw32/nios2-elf/lib/mno-hw-mul\libsmallc.a(lib_a-puts.o)
 .data          0x000000000000aa84        0x0 c:/altera/14.1/nios2eds/bin/gnu/h-x86_64-mingw32/bin/../lib/gcc/nios2-elf/4.8.3/../../../../../H-x86_64-mingw32/nios2-elf/lib/mno-hw-mul\libsmallc.a(lib_a-strlen.o)
 .data          0x000000000000aa84        0x0 c:/altera/14.1/nios2eds/bin/gnu/h-x86_64-mingw32/bin/../lib/gcc/nios2-elf/4.8.3/../../../../../H-x86_64-mingw32/nios2-elf/lib/mno-hw-mul\libsmallc.a(lib_a-vfprintf.o)
 .data          0x000000000000aa84        0x0 c:/altera/14.1/nios2eds/bin/gnu/h-x86_64-mingw32/bin/../lib/gcc/nios2-elf/4.8.3/../../../../../H-x86_64-mingw32/nios2-elf/lib/mno-hw-mul\libsmallc.a(lib_a-fvwrite_small_dev.o)
 .data          0x000000000000aa84       0xe0 c:/altera/14.1/nios2eds/bin/gnu/h-x86_64-mingw32/bin/../lib/gcc/nios2-elf/4.8.3/../../../../../H-x86_64-mingw32/nios2-elf/lib/mno-hw-mul\libsmallc.a(lib_a-impure.o)
 .data          0x000000000000ab64        0x0 c:/altera/14.1/nios2eds/bin/gnu/h-x86_64-mingw32/bin/../lib/gcc/nios2-elf/4.8.3/../../../../../H-x86_64-mingw32/nios2-elf/lib/mno-hw-mul\libsmallc.a(lib_a-putc.o)
 .data          0x000000000000ab64        0x0 c:/altera/14.1/nios2eds/bin/gnu/h-x86_64-mingw32/bin/../lib/gcc/nios2-elf/4.8.3/../../../../../H-x86_64-mingw32/nios2-elf/lib/mno-hw-mul\libsmallc.a(lib_a-writer.o)
 .data          0x000000000000ab64        0x0 c:/altera/14.1/nios2eds/bin/gnu/h-x86_64-mingw32/bin/../lib/gcc/nios2-elf/4.8.3/../../../../../H-x86_64-mingw32/nios2-elf/lib/mno-hw-mul\libsmallc.a(lib_a-int_errno.o)
 .data          0x000000000000ab64        0x0 c:/altera/14.1/nios2eds/bin/gnu/h-x86_64-mingw32/bin/../lib/gcc/nios2-elf/4.8.3/mno-hw-mul\libgcc.a(lib2-mul.o)
 .data          0x000000000000ab64        0x0 ../CountBinary3_bsp/\libhal_bsp.a(alt_load.o)
 .data          0x000000000000ab64        0x0 ../CountBinary3_bsp/\libhal_bsp.a(alt_main.o)
 .data          0x000000000000ab64        0x0 ../CountBinary3_bsp/\libhal_bsp.a(alt_usleep.o)
 .data          0x000000000000ab64        0x0 ../CountBinary3_bsp/\libhal_bsp.a(alt_write.o)
 .data          0x000000000000ab64       0x2c ../CountBinary3_bsp/\libhal_bsp.a(alt_sys_init.o)
 .data          0x000000000000ab90        0x0 ../CountBinary3_bsp/\libhal_bsp.a(altera_avalon_jtag_uart_fd.o)
 .data          0x000000000000ab90        0x0 ../CountBinary3_bsp/\libhal_bsp.a(altera_avalon_jtag_uart_read.o)
 .data          0x000000000000ab90        0x0 ../CountBinary3_bsp/\libhal_bsp.a(altera_avalon_jtag_uart_write.o)
 .data          0x000000000000ab90        0x0 ../CountBinary3_bsp/\libhal_bsp.a(altera_avalon_timer_sc.o)
 .data          0x000000000000ab90        0x0 ../CountBinary3_bsp/\libhal_bsp.a(alt_busy_sleep.o)
 .data          0x000000000000ab90        0x0 ../CountBinary3_bsp/\libhal_bsp.a(alt_close.o)
 .data          0x000000000000ab90        0x0 ../CountBinary3_bsp/\libhal_bsp.a(alt_dcache_flush_all.o)
 .data          0x000000000000ab90      0x1a8 ../CountBinary3_bsp/\libhal_bsp.a(alt_dev.o)
                0x000000000000ab90                alt_dev_null
                0x000000000000abb8                alt_fd_list
 .data          0x000000000000ad38        0x0 ../CountBinary3_bsp/\libhal_bsp.a(alt_dev_llist_insert.o)
 .data          0x000000000000ad38        0x0 ../CountBinary3_bsp/\libhal_bsp.a(alt_errno.o)
 .data          0x000000000000ad38        0x0 ../CountBinary3_bsp/\libhal_bsp.a(alt_icache_flush_all.o)
 .data          0x000000000000ad38        0x0 ../CountBinary3_bsp/\libhal_bsp.a(alt_iic.o)
 .data          0x000000000000ad38        0x0 ../CountBinary3_bsp/\libhal_bsp.a(alt_iic_isr_register.o)
 .data          0x000000000000ad38        0x0 ../CountBinary3_bsp/\libhal_bsp.a(alt_io_redirect.o)
 .data          0x000000000000ad38        0x0 ../CountBinary3_bsp/\libhal_bsp.a(alt_irq_entry.o)
 .data          0x000000000000ad38        0x0 ../CountBinary3_bsp/\libhal_bsp.a(alt_irq_handler.o)
 .data          0x000000000000ad38        0x0 ../CountBinary3_bsp/\libhal_bsp.a(alt_irq_vars.o)
 .data          0x000000000000ad38        0x0 ../CountBinary3_bsp/\libhal_bsp.a(alt_open.o)
 .data          0x000000000000ad38        0x0 ../CountBinary3_bsp/\libhal_bsp.a(alt_release_fd.o)
 .data          0x000000000000ad38        0x0 ../CountBinary3_bsp/\libhal_bsp.a(alt_tick.o)
 .data          0x000000000000ad38        0x0 ../CountBinary3_bsp/\libhal_bsp.a(altera_nios2_gen2_irq.o)
 .data          0x000000000000ad38        0x0 ../CountBinary3_bsp/\libhal_bsp.a(alt_exception_entry.o)
 .data          0x000000000000ad38        0x0 ../CountBinary3_bsp/\libhal_bsp.a(alt_find_dev.o)
 .data          0x000000000000ad38        0x0 ../CountBinary3_bsp/\libhal_bsp.a(alt_find_file.o)
 .data          0x000000000000ad38        0x0 ../CountBinary3_bsp/\libhal_bsp.a(alt_get_fd.o)
 .data          0x000000000000ad38        0x0 ../CountBinary3_bsp/\libhal_bsp.a(alt_icache_flush.o)
 .data          0x000000000000ad38        0x0 ../CountBinary3_bsp/\libhal_bsp.a(alt_instruction_exception_entry.o)
 .data          0x000000000000ad38        0x0 c:/altera/14.1/nios2eds/bin/gnu/h-x86_64-mingw32/bin/../lib/gcc/nios2-elf/4.8.3/../../../../../H-x86_64-mingw32/nios2-elf/lib/mno-hw-mul\libsmallc.a(lib_a-exit.o)
 .data          0x000000000000ad38        0x0 c:/altera/14.1/nios2eds/bin/gnu/h-x86_64-mingw32/bin/../lib/gcc/nios2-elf/4.8.3/../../../../../H-x86_64-mingw32/nios2-elf/lib/mno-hw-mul\libsmallc.a(lib_a-memcmp.o)
 .data          0x000000000000ad38        0x0 c:/altera/14.1/nios2eds/bin/gnu/h-x86_64-mingw32/bin/../lib/gcc/nios2-elf/4.8.3/../../../../../H-x86_64-mingw32/nios2-elf/lib/mno-hw-mul\libsmallc.a(lib_a-__call_atexit.o)
 .data          0x000000000000ad38        0x0 ../CountBinary3_bsp/\libhal_bsp.a(alt_exit.o)
                0x0000000000012d38                _gp = ABSOLUTE ((. + 0x8000))
                0x0000000000012d38                PROVIDE (gp, _gp)
 *(.rwdata .rwdata.*)
 *(.sdata .sdata.* .gnu.linkonce.s.*)
 .sdata         0x000000000000ad38        0x8 c:/altera/14.1/nios2eds/bin/gnu/h-x86_64-mingw32/bin/../lib/gcc/nios2-elf/4.8.3/../../../../../H-x86_64-mingw32/nios2-elf/lib/mno-hw-mul\libsmallc.a(lib_a-impure.o)
                0x000000000000ad38                _global_impure_ptr
                0x000000000000ad3c                _impure_ptr
 .sdata         0x000000000000ad40       0x14 ../CountBinary3_bsp/\libhal_bsp.a(alt_dev.o)
                0x000000000000ad40                alt_fs_list
                0x000000000000ad48                alt_dev_list
                0x000000000000ad50                alt_max_fd
 .sdata         0x000000000000ad54        0x4 ../CountBinary3_bsp/\libhal_bsp.a(alt_errno.o)
                0x000000000000ad54                alt_errno
 .sdata         0x000000000000ad58        0x4 ../CountBinary3_bsp/\libhal_bsp.a(alt_irq_vars.o)
                0x000000000000ad58                alt_priority_mask
 .sdata         0x000000000000ad5c        0x8 ../CountBinary3_bsp/\libhal_bsp.a(alt_tick.o)
                0x000000000000ad5c                alt_alarm_list
 *(.sdata2 .sdata2.* .gnu.linkonce.s2.*)
                0x000000000000ad64                . = ALIGN (0x4)
                0x000000000000ad64                _edata = ABSOLUTE (.)
                0x000000000000ad64                PROVIDE (edata, ABSOLUTE (.))
                0x000000000000ad64                PROVIDE (__ram_rwdata_end, ABSOLUTE (.))
                0x000000000000ad64                PROVIDE (__flash_rwdata_start, LOADADDR (.rwdata))

.bss            0x000000000000b044      0x128
                0x000000000000b044                __bss_start = ABSOLUTE (.)
                0x000000000000b044                PROVIDE (__sbss_start, ABSOLUTE (.))
                0x000000000000b044                PROVIDE (___sbss_start, ABSOLUTE (.))
 *(.dynsbss)
 *(.sbss .sbss.* .gnu.linkonce.sb.*)
 .sbss          0x000000000000b044        0x1 obj/default/count_binary.o
 *fill*         0x000000000000b045        0x3 
 .sbss          0x000000000000b048        0x4 obj/default/count_binary.o
                0x000000000000b048                edge_capture
 .sbss          0x000000000000b04c        0x4 c:/altera/14.1/nios2eds/bin/gnu/h-x86_64-mingw32/bin/../lib/gcc/nios2-elf/4.8.3/../../../../../H-x86_64-mingw32/nios2-elf/lib/mno-hw-mul\libsmallc.a(lib_a-int_errno.o)
                0x000000000000b04c                errno
 .sbss          0x000000000000b050        0xc ../CountBinary3_bsp/\libhal_bsp.a(alt_main.o)
                0x000000000000b050                alt_argc
                0x000000000000b054                alt_argv
                0x000000000000b058                alt_envp
 .sbss          0x000000000000b05c        0x4 ../CountBinary3_bsp/\libhal_bsp.a(alt_irq_vars.o)
                0x000000000000b05c                alt_irq_active
 .sbss          0x000000000000b060        0x8 ../CountBinary3_bsp/\libhal_bsp.a(alt_tick.o)
                0x000000000000b060                _alt_tick_rate
                0x000000000000b064                _alt_nticks
 .sbss          0x000000000000b068        0x4 ../CountBinary3_bsp/\libhal_bsp.a(alt_instruction_exception_entry.o)
                0x000000000000b068                alt_instruction_exception_handler
 *(.sbss2 .sbss2.* .gnu.linkonce.sb2.*)
 *(.scommon)
                0x000000000000b06c                PROVIDE (__sbss_end, ABSOLUTE (.))
                0x000000000000b06c                PROVIDE (___sbss_end, ABSOLUTE (.))
 *(.dynbss)
 *(.bss .bss.* .gnu.linkonce.b.*)
 .bss           0x000000000000b06c        0x0 ../CountBinary3_bsp//obj/HAL/src/crt0.o
 .bss           0x000000000000b06c        0x0 obj/default/count_binary.o
 .bss           0x000000000000b06c        0x0 c:/altera/14.1/nios2eds/bin/gnu/h-x86_64-mingw32/bin/../lib/gcc/nios2-elf/4.8.3/mno-hw-mul\libgcc.a(lib2-divmod.o)
 .bss           0x000000000000b06c        0x0 c:/altera/14.1/nios2eds/bin/gnu/h-x86_64-mingw32/bin/../lib/gcc/nios2-elf/4.8.3/../../../../../H-x86_64-mingw32/nios2-elf/lib/mno-hw-mul\libsmallc.a(lib_a-printf.o)
 .bss           0x000000000000b06c        0x0 c:/altera/14.1/nios2eds/bin/gnu/h-x86_64-mingw32/bin/../lib/gcc/nios2-elf/4.8.3/../../../../../H-x86_64-mingw32/nios2-elf/lib/mno-hw-mul\libsmallc.a(lib_a-putchar.o)
 .bss           0x000000000000b06c        0x0 c:/altera/14.1/nios2eds/bin/gnu/h-x86_64-mingw32/bin/../lib/gcc/nios2-elf/4.8.3/../../../../../H-x86_64-mingw32/nios2-elf/lib/mno-hw-mul\libsmallc.a(lib_a-puts.o)
 .bss           0x000000000000b06c        0x0 c:/altera/14.1/nios2eds/bin/gnu/h-x86_64-mingw32/bin/../lib/gcc/nios2-elf/4.8.3/../../../../../H-x86_64-mingw32/nios2-elf/lib/mno-hw-mul\libsmallc.a(lib_a-strlen.o)
 .bss           0x000000000000b06c        0x0 c:/altera/14.1/nios2eds/bin/gnu/h-x86_64-mingw32/bin/../lib/gcc/nios2-elf/4.8.3/../../../../../H-x86_64-mingw32/nios2-elf/lib/mno-hw-mul\libsmallc.a(lib_a-vfprintf.o)
 .bss           0x000000000000b06c        0x0 c:/altera/14.1/nios2eds/bin/gnu/h-x86_64-mingw32/bin/../lib/gcc/nios2-elf/4.8.3/../../../../../H-x86_64-mingw32/nios2-elf/lib/mno-hw-mul\libsmallc.a(lib_a-fvwrite_small_dev.o)
 .bss           0x000000000000b06c        0x0 c:/altera/14.1/nios2eds/bin/gnu/h-x86_64-mingw32/bin/../lib/gcc/nios2-elf/4.8.3/../../../../../H-x86_64-mingw32/nios2-elf/lib/mno-hw-mul\libsmallc.a(lib_a-impure.o)
 .bss           0x000000000000b06c        0x0 c:/altera/14.1/nios2eds/bin/gnu/h-x86_64-mingw32/bin/../lib/gcc/nios2-elf/4.8.3/../../../../../H-x86_64-mingw32/nios2-elf/lib/mno-hw-mul\libsmallc.a(lib_a-putc.o)
 .bss           0x000000000000b06c        0x0 c:/altera/14.1/nios2eds/bin/gnu/h-x86_64-mingw32/bin/../lib/gcc/nios2-elf/4.8.3/../../../../../H-x86_64-mingw32/nios2-elf/lib/mno-hw-mul\libsmallc.a(lib_a-writer.o)
 .bss           0x000000000000b06c        0x0 c:/altera/14.1/nios2eds/bin/gnu/h-x86_64-mingw32/bin/../lib/gcc/nios2-elf/4.8.3/../../../../../H-x86_64-mingw32/nios2-elf/lib/mno-hw-mul\libsmallc.a(lib_a-int_errno.o)
 .bss           0x000000000000b06c        0x0 c:/altera/14.1/nios2eds/bin/gnu/h-x86_64-mingw32/bin/../lib/gcc/nios2-elf/4.8.3/mno-hw-mul\libgcc.a(lib2-mul.o)
 .bss           0x000000000000b06c        0x0 ../CountBinary3_bsp/\libhal_bsp.a(alt_load.o)
 .bss           0x000000000000b06c        0x0 ../CountBinary3_bsp/\libhal_bsp.a(alt_main.o)
 .bss           0x000000000000b06c        0x0 ../CountBinary3_bsp/\libhal_bsp.a(alt_usleep.o)
 .bss           0x000000000000b06c        0x0 ../CountBinary3_bsp/\libhal_bsp.a(alt_write.o)
 .bss           0x000000000000b06c        0x0 ../CountBinary3_bsp/\libhal_bsp.a(alt_sys_init.o)
 .bss           0x000000000000b06c        0x0 ../CountBinary3_bsp/\libhal_bsp.a(altera_avalon_jtag_uart_fd.o)
 .bss           0x000000000000b06c        0x0 ../CountBinary3_bsp/\libhal_bsp.a(altera_avalon_jtag_uart_read.o)
 .bss           0x000000000000b06c        0x0 ../CountBinary3_bsp/\libhal_bsp.a(altera_avalon_jtag_uart_write.o)
 .bss           0x000000000000b06c        0x0 ../CountBinary3_bsp/\libhal_bsp.a(altera_avalon_timer_sc.o)
 .bss           0x000000000000b06c        0x0 ../CountBinary3_bsp/\libhal_bsp.a(alt_busy_sleep.o)
 .bss           0x000000000000b06c        0x0 ../CountBinary3_bsp/\libhal_bsp.a(alt_close.o)
 .bss           0x000000000000b06c        0x0 ../CountBinary3_bsp/\libhal_bsp.a(alt_dcache_flush_all.o)
 .bss           0x000000000000b06c        0x0 ../CountBinary3_bsp/\libhal_bsp.a(alt_dev.o)
 .bss           0x000000000000b06c        0x0 ../CountBinary3_bsp/\libhal_bsp.a(alt_dev_llist_insert.o)
 .bss           0x000000000000b06c        0x0 ../CountBinary3_bsp/\libhal_bsp.a(alt_errno.o)
 .bss           0x000000000000b06c        0x0 ../CountBinary3_bsp/\libhal_bsp.a(alt_icache_flush_all.o)
 .bss           0x000000000000b06c        0x0 ../CountBinary3_bsp/\libhal_bsp.a(alt_iic.o)
 .bss           0x000000000000b06c        0x0 ../CountBinary3_bsp/\libhal_bsp.a(alt_iic_isr_register.o)
 .bss           0x000000000000b06c        0x0 ../CountBinary3_bsp/\libhal_bsp.a(alt_io_redirect.o)
 .bss           0x000000000000b06c        0x0 ../CountBinary3_bsp/\libhal_bsp.a(alt_irq_entry.o)
 .bss           0x000000000000b06c        0x0 ../CountBinary3_bsp/\libhal_bsp.a(alt_irq_handler.o)
 .bss           0x000000000000b06c        0x0 ../CountBinary3_bsp/\libhal_bsp.a(alt_irq_vars.o)
 .bss           0x000000000000b06c        0x0 ../CountBinary3_bsp/\libhal_bsp.a(alt_open.o)
 .bss           0x000000000000b06c        0x0 ../CountBinary3_bsp/\libhal_bsp.a(alt_release_fd.o)
 .bss           0x000000000000b06c        0x0 ../CountBinary3_bsp/\libhal_bsp.a(alt_tick.o)
 .bss           0x000000000000b06c        0x0 ../CountBinary3_bsp/\libhal_bsp.a(altera_nios2_gen2_irq.o)
 .bss           0x000000000000b06c        0x0 ../CountBinary3_bsp/\libhal_bsp.a(alt_exception_entry.o)
 .bss           0x000000000000b06c        0x0 ../CountBinary3_bsp/\libhal_bsp.a(alt_find_dev.o)
 .bss           0x000000000000b06c        0x0 ../CountBinary3_bsp/\libhal_bsp.a(alt_find_file.o)
 .bss           0x000000000000b06c        0x0 ../CountBinary3_bsp/\libhal_bsp.a(alt_get_fd.o)
 .bss           0x000000000000b06c        0x0 ../CountBinary3_bsp/\libhal_bsp.a(alt_icache_flush.o)
 .bss           0x000000000000b06c        0x0 ../CountBinary3_bsp/\libhal_bsp.a(alt_instruction_exception_entry.o)
 .bss           0x000000000000b06c        0x0 c:/altera/14.1/nios2eds/bin/gnu/h-x86_64-mingw32/bin/../lib/gcc/nios2-elf/4.8.3/../../../../../H-x86_64-mingw32/nios2-elf/lib/mno-hw-mul\libsmallc.a(lib_a-exit.o)
 .bss           0x000000000000b06c        0x0 c:/altera/14.1/nios2eds/bin/gnu/h-x86_64-mingw32/bin/../lib/gcc/nios2-elf/4.8.3/../../../../../H-x86_64-mingw32/nios2-elf/lib/mno-hw-mul\libsmallc.a(lib_a-memcmp.o)
 .bss           0x000000000000b06c        0x0 c:/altera/14.1/nios2eds/bin/gnu/h-x86_64-mingw32/bin/../lib/gcc/nios2-elf/4.8.3/../../../../../H-x86_64-mingw32/nios2-elf/lib/mno-hw-mul\libsmallc.a(lib_a-__call_atexit.o)
 .bss           0x000000000000b06c        0x0 ../CountBinary3_bsp/\libhal_bsp.a(alt_exit.o)
 *(COMMON)
 COMMON         0x000000000000b06c      0x100 ../CountBinary3_bsp/\libhal_bsp.a(alt_irq_handler.o)
                0x000000000000b06c                alt_irq
                0x000000000000b16c                . = ALIGN (0x4)
                0x000000000000b16c                __bss_end = ABSOLUTE (.)

.onchip_mem     0x000000000000b16c        0x0
                0x000000000000b16c                PROVIDE (_alt_partition_onchip_mem_start, ABSOLUTE (.))
 *(.onchip_mem .onchip_mem. onchip_mem.*)
                0x000000000000b16c                . = ALIGN (0x4)
                0x000000000000b16c                PROVIDE (_alt_partition_onchip_mem_end, ABSOLUTE (.))
                0x000000000000b16c                _end = ABSOLUTE (.)
                0x000000000000b16c                end = ABSOLUTE (.)
                0x000000000000b16c                __alt_stack_base = ABSOLUTE (.)
                0x000000000000b16c                PROVIDE (_alt_partition_onchip_mem_load_addr, LOADADDR (.onchip_mem))

.stab
 *(.stab)

.stabstr
 *(.stabstr)

.stab.excl
 *(.stab.excl)

.stab.exclstr
 *(.stab.exclstr)

.stab.index
 *(.stab.index)

.stab.indexstr
 *(.stab.indexstr)

.comment        0x0000000000000000       0x39
 *(.comment)
 .comment       0x0000000000000000       0x39 obj/default/count_binary.o
                                         0x3a (size before relaxing)
 .comment       0x0000000000000000       0x3a c:/altera/14.1/nios2eds/bin/gnu/h-x86_64-mingw32/bin/../lib/gcc/nios2-elf/4.8.3/mno-hw-mul\libgcc.a(lib2-divmod.o)
 .comment       0x0000000000000000       0x3a c:/altera/14.1/nios2eds/bin/gnu/h-x86_64-mingw32/bin/../lib/gcc/nios2-elf/4.8.3/../../../../../H-x86_64-mingw32/nios2-elf/lib/mno-hw-mul\libsmallc.a(lib_a-printf.o)
 .comment       0x0000000000000000       0x3a c:/altera/14.1/nios2eds/bin/gnu/h-x86_64-mingw32/bin/../lib/gcc/nios2-elf/4.8.3/../../../../../H-x86_64-mingw32/nios2-elf/lib/mno-hw-mul\libsmallc.a(lib_a-putchar.o)
 .comment       0x0000000000000000       0x3a c:/altera/14.1/nios2eds/bin/gnu/h-x86_64-mingw32/bin/../lib/gcc/nios2-elf/4.8.3/../../../../../H-x86_64-mingw32/nios2-elf/lib/mno-hw-mul\libsmallc.a(lib_a-puts.o)
 .comment       0x0000000000000000       0x3a c:/altera/14.1/nios2eds/bin/gnu/h-x86_64-mingw32/bin/../lib/gcc/nios2-elf/4.8.3/../../../../../H-x86_64-mingw32/nios2-elf/lib/mno-hw-mul\libsmallc.a(lib_a-strlen.o)
 .comment       0x0000000000000000       0x3a c:/altera/14.1/nios2eds/bin/gnu/h-x86_64-mingw32/bin/../lib/gcc/nios2-elf/4.8.3/../../../../../H-x86_64-mingw32/nios2-elf/lib/mno-hw-mul\libsmallc.a(lib_a-vfprintf.o)
 .comment       0x0000000000000000       0x3a c:/altera/14.1/nios2eds/bin/gnu/h-x86_64-mingw32/bin/../lib/gcc/nios2-elf/4.8.3/../../../../../H-x86_64-mingw32/nios2-elf/lib/mno-hw-mul\libsmallc.a(lib_a-fvwrite_small_dev.o)
 .comment       0x0000000000000000       0x3a c:/altera/14.1/nios2eds/bin/gnu/h-x86_64-mingw32/bin/../lib/gcc/nios2-elf/4.8.3/../../../../../H-x86_64-mingw32/nios2-elf/lib/mno-hw-mul\libsmallc.a(lib_a-impure.o)
 .comment       0x0000000000000000       0x3a c:/altera/14.1/nios2eds/bin/gnu/h-x86_64-mingw32/bin/../lib/gcc/nios2-elf/4.8.3/../../../../../H-x86_64-mingw32/nios2-elf/lib/mno-hw-mul\libsmallc.a(lib_a-putc.o)
 .comment       0x0000000000000000       0x3a c:/altera/14.1/nios2eds/bin/gnu/h-x86_64-mingw32/bin/../lib/gcc/nios2-elf/4.8.3/../../../../../H-x86_64-mingw32/nios2-elf/lib/mno-hw-mul\libsmallc.a(lib_a-writer.o)
 .comment       0x0000000000000000       0x3a c:/altera/14.1/nios2eds/bin/gnu/h-x86_64-mingw32/bin/../lib/gcc/nios2-elf/4.8.3/../../../../../H-x86_64-mingw32/nios2-elf/lib/mno-hw-mul\libsmallc.a(lib_a-int_errno.o)
 .comment       0x0000000000000000       0x3a c:/altera/14.1/nios2eds/bin/gnu/h-x86_64-mingw32/bin/../lib/gcc/nios2-elf/4.8.3/mno-hw-mul\libgcc.a(lib2-mul.o)
 .comment       0x0000000000000000       0x3a ../CountBinary3_bsp/\libhal_bsp.a(alt_load.o)
 .comment       0x0000000000000000       0x3a ../CountBinary3_bsp/\libhal_bsp.a(alt_main.o)
 .comment       0x0000000000000000       0x3a ../CountBinary3_bsp/\libhal_bsp.a(alt_usleep.o)
 .comment       0x0000000000000000       0x3a ../CountBinary3_bsp/\libhal_bsp.a(alt_write.o)
 .comment       0x0000000000000000       0x3a ../CountBinary3_bsp/\libhal_bsp.a(alt_sys_init.o)
 .comment       0x0000000000000000       0x3a ../CountBinary3_bsp/\libhal_bsp.a(altera_avalon_jtag_uart_fd.o)
 .comment       0x0000000000000000       0x3a ../CountBinary3_bsp/\libhal_bsp.a(altera_avalon_jtag_uart_read.o)
 .comment       0x0000000000000000       0x3a ../CountBinary3_bsp/\libhal_bsp.a(altera_avalon_jtag_uart_write.o)
 .comment       0x0000000000000000       0x3a ../CountBinary3_bsp/\libhal_bsp.a(altera_avalon_timer_sc.o)
 .comment       0x0000000000000000       0x3a ../CountBinary3_bsp/\libhal_bsp.a(alt_busy_sleep.o)
 .comment       0x0000000000000000       0x3a ../CountBinary3_bsp/\libhal_bsp.a(alt_close.o)
 .comment       0x0000000000000000       0x3a ../CountBinary3_bsp/\libhal_bsp.a(alt_dcache_flush_all.o)
 .comment       0x0000000000000000       0x3a ../CountBinary3_bsp/\libhal_bsp.a(alt_dev.o)
 .comment       0x0000000000000000       0x3a ../CountBinary3_bsp/\libhal_bsp.a(alt_dev_llist_insert.o)
 .comment       0x0000000000000000       0x3a ../CountBinary3_bsp/\libhal_bsp.a(alt_errno.o)
 .comment       0x0000000000000000       0x3a ../CountBinary3_bsp/\libhal_bsp.a(alt_icache_flush_all.o)
 .comment       0x0000000000000000       0x3a ../CountBinary3_bsp/\libhal_bsp.a(alt_iic.o)
 .comment       0x0000000000000000       0x3a ../CountBinary3_bsp/\libhal_bsp.a(alt_iic_isr_register.o)
 .comment       0x0000000000000000       0x3a ../CountBinary3_bsp/\libhal_bsp.a(alt_io_redirect.o)
 .comment       0x0000000000000000       0x3a ../CountBinary3_bsp/\libhal_bsp.a(alt_irq_handler.o)
 .comment       0x0000000000000000       0x3a ../CountBinary3_bsp/\libhal_bsp.a(alt_irq_vars.o)
 .comment       0x0000000000000000       0x3a ../CountBinary3_bsp/\libhal_bsp.a(alt_open.o)
 .comment       0x0000000000000000       0x3a ../CountBinary3_bsp/\libhal_bsp.a(alt_release_fd.o)
 .comment       0x0000000000000000       0x3a ../CountBinary3_bsp/\libhal_bsp.a(alt_tick.o)
 .comment       0x0000000000000000       0x3a ../CountBinary3_bsp/\libhal_bsp.a(altera_nios2_gen2_irq.o)
 .comment       0x0000000000000000       0x3a ../CountBinary3_bsp/\libhal_bsp.a(alt_find_dev.o)
 .comment       0x0000000000000000       0x3a ../CountBinary3_bsp/\libhal_bsp.a(alt_find_file.o)
 .comment       0x0000000000000000       0x3a ../CountBinary3_bsp/\libhal_bsp.a(alt_get_fd.o)
 .comment       0x0000000000000000       0x3a ../CountBinary3_bsp/\libhal_bsp.a(alt_icache_flush.o)
 .comment       0x0000000000000000       0x3a ../CountBinary3_bsp/\libhal_bsp.a(alt_instruction_exception_entry.o)
 .comment       0x0000000000000000       0x3a c:/altera/14.1/nios2eds/bin/gnu/h-x86_64-mingw32/bin/../lib/gcc/nios2-elf/4.8.3/../../../../../H-x86_64-mingw32/nios2-elf/lib/mno-hw-mul\libsmallc.a(lib_a-exit.o)
 .comment       0x0000000000000000       0x3a c:/altera/14.1/nios2eds/bin/gnu/h-x86_64-mingw32/bin/../lib/gcc/nios2-elf/4.8.3/../../../../../H-x86_64-mingw32/nios2-elf/lib/mno-hw-mul\libsmallc.a(lib_a-memcmp.o)
 .comment       0x0000000000000000       0x3a c:/altera/14.1/nios2eds/bin/gnu/h-x86_64-mingw32/bin/../lib/gcc/nios2-elf/4.8.3/../../../../../H-x86_64-mingw32/nios2-elf/lib/mno-hw-mul\libsmallc.a(lib_a-__call_atexit.o)
 .comment       0x0000000000000000       0x3a ../CountBinary3_bsp/\libhal_bsp.a(alt_exit.o)

.debug
 *(.debug)

.line
 *(.line)

.debug_srcinfo
 *(.debug_srcinfo)

.debug_sfnames
 *(.debug_sfnames)

.debug_aranges  0x0000000000000000      0x658
 *(.debug_aranges)
 .debug_aranges
                0x0000000000000000       0x28 ../CountBinary3_bsp//obj/HAL/src/crt0.o
 .debug_aranges
                0x0000000000000028       0x20 obj/default/count_binary.o
 .debug_aranges
                0x0000000000000048       0x20 c:/altera/14.1/nios2eds/bin/gnu/h-x86_64-mingw32/bin/../lib/gcc/nios2-elf/4.8.3/mno-hw-mul\libgcc.a(lib2-divmod.o)
 .debug_aranges
                0x0000000000000068       0x20 c:/altera/14.1/nios2eds/bin/gnu/h-x86_64-mingw32/bin/../lib/gcc/nios2-elf/4.8.3/../../../../../H-x86_64-mingw32/nios2-elf/lib/mno-hw-mul\libsmallc.a(lib_a-printf.o)
 .debug_aranges
                0x0000000000000088       0x20 c:/altera/14.1/nios2eds/bin/gnu/h-x86_64-mingw32/bin/../lib/gcc/nios2-elf/4.8.3/../../../../../H-x86_64-mingw32/nios2-elf/lib/mno-hw-mul\libsmallc.a(lib_a-putchar.o)
 .debug_aranges
                0x00000000000000a8       0x20 c:/altera/14.1/nios2eds/bin/gnu/h-x86_64-mingw32/bin/../lib/gcc/nios2-elf/4.8.3/../../../../../H-x86_64-mingw32/nios2-elf/lib/mno-hw-mul\libsmallc.a(lib_a-puts.o)
 .debug_aranges
                0x00000000000000c8       0x20 c:/altera/14.1/nios2eds/bin/gnu/h-x86_64-mingw32/bin/../lib/gcc/nios2-elf/4.8.3/../../../../../H-x86_64-mingw32/nios2-elf/lib/mno-hw-mul\libsmallc.a(lib_a-strlen.o)
 .debug_aranges
                0x00000000000000e8       0x20 c:/altera/14.1/nios2eds/bin/gnu/h-x86_64-mingw32/bin/../lib/gcc/nios2-elf/4.8.3/../../../../../H-x86_64-mingw32/nios2-elf/lib/mno-hw-mul\libsmallc.a(lib_a-vfprintf.o)
 .debug_aranges
                0x0000000000000108       0x20 c:/altera/14.1/nios2eds/bin/gnu/h-x86_64-mingw32/bin/../lib/gcc/nios2-elf/4.8.3/../../../../../H-x86_64-mingw32/nios2-elf/lib/mno-hw-mul\libsmallc.a(lib_a-fvwrite_small_dev.o)
 .debug_aranges
                0x0000000000000128       0x18 c:/altera/14.1/nios2eds/bin/gnu/h-x86_64-mingw32/bin/../lib/gcc/nios2-elf/4.8.3/../../../../../H-x86_64-mingw32/nios2-elf/lib/mno-hw-mul\libsmallc.a(lib_a-impure.o)
 .debug_aranges
                0x0000000000000140       0x20 c:/altera/14.1/nios2eds/bin/gnu/h-x86_64-mingw32/bin/../lib/gcc/nios2-elf/4.8.3/../../../../../H-x86_64-mingw32/nios2-elf/lib/mno-hw-mul\libsmallc.a(lib_a-putc.o)
 .debug_aranges
                0x0000000000000160       0x20 c:/altera/14.1/nios2eds/bin/gnu/h-x86_64-mingw32/bin/../lib/gcc/nios2-elf/4.8.3/../../../../../H-x86_64-mingw32/nios2-elf/lib/mno-hw-mul\libsmallc.a(lib_a-writer.o)
 .debug_aranges
                0x0000000000000180       0x18 c:/altera/14.1/nios2eds/bin/gnu/h-x86_64-mingw32/bin/../lib/gcc/nios2-elf/4.8.3/../../../../../H-x86_64-mingw32/nios2-elf/lib/mno-hw-mul\libsmallc.a(lib_a-int_errno.o)
 .debug_aranges
                0x0000000000000198       0x20 c:/altera/14.1/nios2eds/bin/gnu/h-x86_64-mingw32/bin/../lib/gcc/nios2-elf/4.8.3/mno-hw-mul\libgcc.a(lib2-mul.o)
 .debug_aranges
                0x00000000000001b8       0x20 ../CountBinary3_bsp/\libhal_bsp.a(alt_load.o)
 .debug_aranges
                0x00000000000001d8       0x20 ../CountBinary3_bsp/\libhal_bsp.a(alt_main.o)
 .debug_aranges
                0x00000000000001f8       0x20 ../CountBinary3_bsp/\libhal_bsp.a(alt_usleep.o)
 .debug_aranges
                0x0000000000000218       0x20 ../CountBinary3_bsp/\libhal_bsp.a(alt_write.o)
 .debug_aranges
                0x0000000000000238       0x20 ../CountBinary3_bsp/\libhal_bsp.a(alt_sys_init.o)
 .debug_aranges
                0x0000000000000258       0x20 ../CountBinary3_bsp/\libhal_bsp.a(altera_avalon_jtag_uart_fd.o)
 .debug_aranges
                0x0000000000000278       0x20 ../CountBinary3_bsp/\libhal_bsp.a(altera_avalon_jtag_uart_read.o)
 .debug_aranges
                0x0000000000000298       0x20 ../CountBinary3_bsp/\libhal_bsp.a(altera_avalon_jtag_uart_write.o)
 .debug_aranges
                0x00000000000002b8       0x20 ../CountBinary3_bsp/\libhal_bsp.a(altera_avalon_timer_sc.o)
 .debug_aranges
                0x00000000000002d8       0x20 ../CountBinary3_bsp/\libhal_bsp.a(alt_busy_sleep.o)
 .debug_aranges
                0x00000000000002f8       0x20 ../CountBinary3_bsp/\libhal_bsp.a(alt_close.o)
 .debug_aranges
                0x0000000000000318       0x20 ../CountBinary3_bsp/\libhal_bsp.a(alt_dcache_flush_all.o)
 .debug_aranges
                0x0000000000000338       0x20 ../CountBinary3_bsp/\libhal_bsp.a(alt_dev.o)
 .debug_aranges
                0x0000000000000358       0x20 ../CountBinary3_bsp/\libhal_bsp.a(alt_dev_llist_insert.o)
 .debug_aranges
                0x0000000000000378       0x18 ../CountBinary3_bsp/\libhal_bsp.a(alt_errno.o)
 .debug_aranges
                0x0000000000000390       0x20 ../CountBinary3_bsp/\libhal_bsp.a(alt_icache_flush_all.o)
 .debug_aranges
                0x00000000000003b0       0x20 ../CountBinary3_bsp/\libhal_bsp.a(alt_iic.o)
 .debug_aranges
                0x00000000000003d0       0x20 ../CountBinary3_bsp/\libhal_bsp.a(alt_iic_isr_register.o)
 .debug_aranges
                0x00000000000003f0       0x20 ../CountBinary3_bsp/\libhal_bsp.a(alt_io_redirect.o)
 .debug_aranges
                0x0000000000000410       0x30 ../CountBinary3_bsp/\libhal_bsp.a(alt_irq_entry.o)
 .debug_aranges
                0x0000000000000440       0x20 ../CountBinary3_bsp/\libhal_bsp.a(alt_irq_handler.o)
 .debug_aranges
                0x0000000000000460       0x18 ../CountBinary3_bsp/\libhal_bsp.a(alt_irq_vars.o)
 .debug_aranges
                0x0000000000000478       0x20 ../CountBinary3_bsp/\libhal_bsp.a(alt_open.o)
 .debug_aranges
                0x0000000000000498       0x20 ../CountBinary3_bsp/\libhal_bsp.a(alt_release_fd.o)
 .debug_aranges
                0x00000000000004b8       0x20 ../CountBinary3_bsp/\libhal_bsp.a(alt_tick.o)
 .debug_aranges
                0x00000000000004d8       0x20 ../CountBinary3_bsp/\libhal_bsp.a(altera_nios2_gen2_irq.o)
 .debug_aranges
                0x00000000000004f8       0x38 ../CountBinary3_bsp/\libhal_bsp.a(alt_exception_entry.o)
 .debug_aranges
                0x0000000000000530       0x20 ../CountBinary3_bsp/\libhal_bsp.a(alt_find_dev.o)
 .debug_aranges
                0x0000000000000550       0x20 ../CountBinary3_bsp/\libhal_bsp.a(alt_find_file.o)
 .debug_aranges
                0x0000000000000570       0x20 ../CountBinary3_bsp/\libhal_bsp.a(alt_get_fd.o)
 .debug_aranges
                0x0000000000000590       0x20 ../CountBinary3_bsp/\libhal_bsp.a(alt_icache_flush.o)
 .debug_aranges
                0x00000000000005b0       0x28 ../CountBinary3_bsp/\libhal_bsp.a(alt_instruction_exception_entry.o)
 .debug_aranges
                0x00000000000005d8       0x20 c:/altera/14.1/nios2eds/bin/gnu/h-x86_64-mingw32/bin/../lib/gcc/nios2-elf/4.8.3/../../../../../H-x86_64-mingw32/nios2-elf/lib/mno-hw-mul\libsmallc.a(lib_a-exit.o)
 .debug_aranges
                0x00000000000005f8       0x20 c:/altera/14.1/nios2eds/bin/gnu/h-x86_64-mingw32/bin/../lib/gcc/nios2-elf/4.8.3/../../../../../H-x86_64-mingw32/nios2-elf/lib/mno-hw-mul\libsmallc.a(lib_a-memcmp.o)
 .debug_aranges
                0x0000000000000618       0x20 c:/altera/14.1/nios2eds/bin/gnu/h-x86_64-mingw32/bin/../lib/gcc/nios2-elf/4.8.3/../../../../../H-x86_64-mingw32/nios2-elf/lib/mno-hw-mul\libsmallc.a(lib_a-__call_atexit.o)
 .debug_aranges
                0x0000000000000638       0x20 ../CountBinary3_bsp/\libhal_bsp.a(alt_exit.o)

.debug_pubnames
 *(.debug_pubnames)

.debug_info     0x0000000000000000     0x9207
 *(.debug_info .gnu.linkonce.wi.*)
 .debug_info    0x0000000000000000       0xa5 ../CountBinary3_bsp//obj/HAL/src/crt0.o
 .debug_info    0x00000000000000a5      0x9cb obj/default/count_binary.o
 .debug_info    0x0000000000000a70      0x270 c:/altera/14.1/nios2eds/bin/gnu/h-x86_64-mingw32/bin/../lib/gcc/nios2-elf/4.8.3/mno-hw-mul\libgcc.a(lib2-divmod.o)
 .debug_info    0x0000000000000ce0      0x6cb c:/altera/14.1/nios2eds/bin/gnu/h-x86_64-mingw32/bin/../lib/gcc/nios2-elf/4.8.3/../../../../../H-x86_64-mingw32/nios2-elf/lib/mno-hw-mul\libsmallc.a(lib_a-printf.o)
 .debug_info    0x00000000000013ab      0x639 c:/altera/14.1/nios2eds/bin/gnu/h-x86_64-mingw32/bin/../lib/gcc/nios2-elf/4.8.3/../../../../../H-x86_64-mingw32/nios2-elf/lib/mno-hw-mul\libsmallc.a(lib_a-putchar.o)
 .debug_info    0x00000000000019e4      0x65d c:/altera/14.1/nios2eds/bin/gnu/h-x86_64-mingw32/bin/../lib/gcc/nios2-elf/4.8.3/../../../../../H-x86_64-mingw32/nios2-elf/lib/mno-hw-mul\libsmallc.a(lib_a-puts.o)
 .debug_info    0x0000000000002041       0xc2 c:/altera/14.1/nios2eds/bin/gnu/h-x86_64-mingw32/bin/../lib/gcc/nios2-elf/4.8.3/../../../../../H-x86_64-mingw32/nios2-elf/lib/mno-hw-mul\libsmallc.a(lib_a-strlen.o)
 .debug_info    0x0000000000002103      0xb49 c:/altera/14.1/nios2eds/bin/gnu/h-x86_64-mingw32/bin/../lib/gcc/nios2-elf/4.8.3/../../../../../H-x86_64-mingw32/nios2-elf/lib/mno-hw-mul\libsmallc.a(lib_a-vfprintf.o)
 .debug_info    0x0000000000002c4c      0x656 c:/altera/14.1/nios2eds/bin/gnu/h-x86_64-mingw32/bin/../lib/gcc/nios2-elf/4.8.3/../../../../../H-x86_64-mingw32/nios2-elf/lib/mno-hw-mul\libsmallc.a(lib_a-fvwrite_small_dev.o)
 .debug_info    0x00000000000032a2      0x5a7 c:/altera/14.1/nios2eds/bin/gnu/h-x86_64-mingw32/bin/../lib/gcc/nios2-elf/4.8.3/../../../../../H-x86_64-mingw32/nios2-elf/lib/mno-hw-mul\libsmallc.a(lib_a-impure.o)
 .debug_info    0x0000000000003849      0x680 c:/altera/14.1/nios2eds/bin/gnu/h-x86_64-mingw32/bin/../lib/gcc/nios2-elf/4.8.3/../../../../../H-x86_64-mingw32/nios2-elf/lib/mno-hw-mul\libsmallc.a(lib_a-putc.o)
 .debug_info    0x0000000000003ec9      0x639 c:/altera/14.1/nios2eds/bin/gnu/h-x86_64-mingw32/bin/../lib/gcc/nios2-elf/4.8.3/../../../../../H-x86_64-mingw32/nios2-elf/lib/mno-hw-mul\libsmallc.a(lib_a-writer.o)
 .debug_info    0x0000000000004502       0x83 c:/altera/14.1/nios2eds/bin/gnu/h-x86_64-mingw32/bin/../lib/gcc/nios2-elf/4.8.3/../../../../../H-x86_64-mingw32/nios2-elf/lib/mno-hw-mul\libsmallc.a(lib_a-int_errno.o)
 .debug_info    0x0000000000004585       0xb4 c:/altera/14.1/nios2eds/bin/gnu/h-x86_64-mingw32/bin/../lib/gcc/nios2-elf/4.8.3/mno-hw-mul\libgcc.a(lib2-mul.o)
 .debug_info    0x0000000000004639      0x13e ../CountBinary3_bsp/\libhal_bsp.a(alt_load.o)
 .debug_info    0x0000000000004777      0x12a ../CountBinary3_bsp/\libhal_bsp.a(alt_main.o)
 .debug_info    0x00000000000048a1       0xa9 ../CountBinary3_bsp/\libhal_bsp.a(alt_usleep.o)
 .debug_info    0x000000000000494a      0x4b0 ../CountBinary3_bsp/\libhal_bsp.a(alt_write.o)
 .debug_info    0x0000000000004dfa      0x3d8 ../CountBinary3_bsp/\libhal_bsp.a(alt_sys_init.o)
 .debug_info    0x00000000000051d2      0x3a0 ../CountBinary3_bsp/\libhal_bsp.a(altera_avalon_jtag_uart_fd.o)
 .debug_info    0x0000000000005572      0x1af ../CountBinary3_bsp/\libhal_bsp.a(altera_avalon_jtag_uart_read.o)
 .debug_info    0x0000000000005721      0x18e ../CountBinary3_bsp/\libhal_bsp.a(altera_avalon_jtag_uart_write.o)
 .debug_info    0x00000000000058af      0x21f ../CountBinary3_bsp/\libhal_bsp.a(altera_avalon_timer_sc.o)
 .debug_info    0x0000000000005ace       0xd0 ../CountBinary3_bsp/\libhal_bsp.a(alt_busy_sleep.o)
 .debug_info    0x0000000000005b9e      0x31a ../CountBinary3_bsp/\libhal_bsp.a(alt_close.o)
 .debug_info    0x0000000000005eb8       0x8b ../CountBinary3_bsp/\libhal_bsp.a(alt_dcache_flush_all.o)
 .debug_info    0x0000000000005f43      0x495 ../CountBinary3_bsp/\libhal_bsp.a(alt_dev.o)
 .debug_info    0x00000000000063d8      0x1a2 ../CountBinary3_bsp/\libhal_bsp.a(alt_dev_llist_insert.o)
 .debug_info    0x000000000000657a       0x9f ../CountBinary3_bsp/\libhal_bsp.a(alt_errno.o)
 .debug_info    0x0000000000006619       0x8b ../CountBinary3_bsp/\libhal_bsp.a(alt_icache_flush_all.o)
 .debug_info    0x00000000000066a4      0x349 ../CountBinary3_bsp/\libhal_bsp.a(alt_iic.o)
 .debug_info    0x00000000000069ed      0x1e8 ../CountBinary3_bsp/\libhal_bsp.a(alt_iic_isr_register.o)
 .debug_info    0x0000000000006bd5      0x49e ../CountBinary3_bsp/\libhal_bsp.a(alt_io_redirect.o)
 .debug_info    0x0000000000007073       0xae ../CountBinary3_bsp/\libhal_bsp.a(alt_irq_entry.o)
 .debug_info    0x0000000000007121      0x180 ../CountBinary3_bsp/\libhal_bsp.a(alt_irq_handler.o)
 .debug_info    0x00000000000072a1       0x88 ../CountBinary3_bsp/\libhal_bsp.a(alt_irq_vars.o)
 .debug_info    0x0000000000007329      0x3b4 ../CountBinary3_bsp/\libhal_bsp.a(alt_open.o)
 .debug_info    0x00000000000076dd      0x2b0 ../CountBinary3_bsp/\libhal_bsp.a(alt_release_fd.o)
 .debug_info    0x000000000000798d      0x292 ../CountBinary3_bsp/\libhal_bsp.a(alt_tick.o)
 .debug_info    0x0000000000007c1f       0x8b ../CountBinary3_bsp/\libhal_bsp.a(altera_nios2_gen2_irq.o)
 .debug_info    0x0000000000007caa       0xb4 ../CountBinary3_bsp/\libhal_bsp.a(alt_exception_entry.o)
 .debug_info    0x0000000000007d5e      0x2e2 ../CountBinary3_bsp/\libhal_bsp.a(alt_find_dev.o)
 .debug_info    0x0000000000008040      0x2df ../CountBinary3_bsp/\libhal_bsp.a(alt_find_file.o)
 .debug_info    0x000000000000831f      0x309 ../CountBinary3_bsp/\libhal_bsp.a(alt_get_fd.o)
 .debug_info    0x0000000000008628       0xd5 ../CountBinary3_bsp/\libhal_bsp.a(alt_icache_flush.o)
 .debug_info    0x00000000000086fd      0x1d8 ../CountBinary3_bsp/\libhal_bsp.a(alt_instruction_exception_entry.o)
 .debug_info    0x00000000000088d5       0xed c:/altera/14.1/nios2eds/bin/gnu/h-x86_64-mingw32/bin/../lib/gcc/nios2-elf/4.8.3/../../../../../H-x86_64-mingw32/nios2-elf/lib/mno-hw-mul\libsmallc.a(lib_a-exit.o)
 .debug_info    0x00000000000089c2       0xed c:/altera/14.1/nios2eds/bin/gnu/h-x86_64-mingw32/bin/../lib/gcc/nios2-elf/4.8.3/../../../../../H-x86_64-mingw32/nios2-elf/lib/mno-hw-mul\libsmallc.a(lib_a-memcmp.o)
 .debug_info    0x0000000000008aaf      0x673 c:/altera/14.1/nios2eds/bin/gnu/h-x86_64-mingw32/bin/../lib/gcc/nios2-elf/4.8.3/../../../../../H-x86_64-mingw32/nios2-elf/lib/mno-hw-mul\libsmallc.a(lib_a-__call_atexit.o)
 .debug_info    0x0000000000009122       0xe5 ../CountBinary3_bsp/\libhal_bsp.a(alt_exit.o)

.debug_abbrev   0x0000000000000000     0x30df
 *(.debug_abbrev)
 .debug_abbrev  0x0000000000000000       0x12 ../CountBinary3_bsp//obj/HAL/src/crt0.o
 .debug_abbrev  0x0000000000000012      0x24a obj/default/count_binary.o
 .debug_abbrev  0x000000000000025c       0xf6 c:/altera/14.1/nios2eds/bin/gnu/h-x86_64-mingw32/bin/../lib/gcc/nios2-elf/4.8.3/mno-hw-mul\libgcc.a(lib2-divmod.o)
 .debug_abbrev  0x0000000000000352      0x1f1 c:/altera/14.1/nios2eds/bin/gnu/h-x86_64-mingw32/bin/../lib/gcc/nios2-elf/4.8.3/../../../../../H-x86_64-mingw32/nios2-elf/lib/mno-hw-mul\libsmallc.a(lib_a-printf.o)
 .debug_abbrev  0x0000000000000543      0x1b5 c:/altera/14.1/nios2eds/bin/gnu/h-x86_64-mingw32/bin/../lib/gcc/nios2-elf/4.8.3/../../../../../H-x86_64-mingw32/nios2-elf/lib/mno-hw-mul\libsmallc.a(lib_a-putchar.o)
 .debug_abbrev  0x00000000000006f8      0x1e3 c:/altera/14.1/nios2eds/bin/gnu/h-x86_64-mingw32/bin/../lib/gcc/nios2-elf/4.8.3/../../../../../H-x86_64-mingw32/nios2-elf/lib/mno-hw-mul\libsmallc.a(lib_a-puts.o)
 .debug_abbrev  0x00000000000008db       0x7f c:/altera/14.1/nios2eds/bin/gnu/h-x86_64-mingw32/bin/../lib/gcc/nios2-elf/4.8.3/../../../../../H-x86_64-mingw32/nios2-elf/lib/mno-hw-mul\libsmallc.a(lib_a-strlen.o)
 .debug_abbrev  0x000000000000095a      0x2a1 c:/altera/14.1/nios2eds/bin/gnu/h-x86_64-mingw32/bin/../lib/gcc/nios2-elf/4.8.3/../../../../../H-x86_64-mingw32/nios2-elf/lib/mno-hw-mul\libsmallc.a(lib_a-vfprintf.o)
 .debug_abbrev  0x0000000000000bfb      0x1c3 c:/altera/14.1/nios2eds/bin/gnu/h-x86_64-mingw32/bin/../lib/gcc/nios2-elf/4.8.3/../../../../../H-x86_64-mingw32/nios2-elf/lib/mno-hw-mul\libsmallc.a(lib_a-fvwrite_small_dev.o)
 .debug_abbrev  0x0000000000000dbe      0x14a c:/altera/14.1/nios2eds/bin/gnu/h-x86_64-mingw32/bin/../lib/gcc/nios2-elf/4.8.3/../../../../../H-x86_64-mingw32/nios2-elf/lib/mno-hw-mul\libsmallc.a(lib_a-impure.o)
 .debug_abbrev  0x0000000000000f08      0x1bf c:/altera/14.1/nios2eds/bin/gnu/h-x86_64-mingw32/bin/../lib/gcc/nios2-elf/4.8.3/../../../../../H-x86_64-mingw32/nios2-elf/lib/mno-hw-mul\libsmallc.a(lib_a-putc.o)
 .debug_abbrev  0x00000000000010c7      0x1a8 c:/altera/14.1/nios2eds/bin/gnu/h-x86_64-mingw32/bin/../lib/gcc/nios2-elf/4.8.3/../../../../../H-x86_64-mingw32/nios2-elf/lib/mno-hw-mul\libsmallc.a(lib_a-writer.o)
 .debug_abbrev  0x000000000000126f       0x37 c:/altera/14.1/nios2eds/bin/gnu/h-x86_64-mingw32/bin/../lib/gcc/nios2-elf/4.8.3/../../../../../H-x86_64-mingw32/nios2-elf/lib/mno-hw-mul\libsmallc.a(lib_a-int_errno.o)
 .debug_abbrev  0x00000000000012a6       0x6f c:/altera/14.1/nios2eds/bin/gnu/h-x86_64-mingw32/bin/../lib/gcc/nios2-elf/4.8.3/mno-hw-mul\libgcc.a(lib2-mul.o)
 .debug_abbrev  0x0000000000001315       0x9f ../CountBinary3_bsp/\libhal_bsp.a(alt_load.o)
 .debug_abbrev  0x00000000000013b4       0xba ../CountBinary3_bsp/\libhal_bsp.a(alt_main.o)
 .debug_abbrev  0x000000000000146e       0x60 ../CountBinary3_bsp/\libhal_bsp.a(alt_usleep.o)
 .debug_abbrev  0x00000000000014ce      0x133 ../CountBinary3_bsp/\libhal_bsp.a(alt_write.o)
 .debug_abbrev  0x0000000000001601      0x155 ../CountBinary3_bsp/\libhal_bsp.a(alt_sys_init.o)
 .debug_abbrev  0x0000000000001756       0xf7 ../CountBinary3_bsp/\libhal_bsp.a(altera_avalon_jtag_uart_fd.o)
 .debug_abbrev  0x000000000000184d       0xd7 ../CountBinary3_bsp/\libhal_bsp.a(altera_avalon_jtag_uart_read.o)
 .debug_abbrev  0x0000000000001924       0xd5 ../CountBinary3_bsp/\libhal_bsp.a(altera_avalon_jtag_uart_write.o)
 .debug_abbrev  0x00000000000019f9      0x155 ../CountBinary3_bsp/\libhal_bsp.a(altera_avalon_timer_sc.o)
 .debug_abbrev  0x0000000000001b4e       0x7e ../CountBinary3_bsp/\libhal_bsp.a(alt_busy_sleep.o)
 .debug_abbrev  0x0000000000001bcc      0x11f ../CountBinary3_bsp/\libhal_bsp.a(alt_close.o)
 .debug_abbrev  0x0000000000001ceb       0x42 ../CountBinary3_bsp/\libhal_bsp.a(alt_dcache_flush_all.o)
 .debug_abbrev  0x0000000000001d2d       0xd9 ../CountBinary3_bsp/\libhal_bsp.a(alt_dev.o)
 .debug_abbrev  0x0000000000001e06      0x114 ../CountBinary3_bsp/\libhal_bsp.a(alt_dev_llist_insert.o)
 .debug_abbrev  0x0000000000001f1a       0x5a ../CountBinary3_bsp/\libhal_bsp.a(alt_errno.o)
 .debug_abbrev  0x0000000000001f74       0x42 ../CountBinary3_bsp/\libhal_bsp.a(alt_icache_flush_all.o)
 .debug_abbrev  0x0000000000001fb6      0x163 ../CountBinary3_bsp/\libhal_bsp.a(alt_iic.o)
 .debug_abbrev  0x0000000000002119      0x169 ../CountBinary3_bsp/\libhal_bsp.a(alt_iic_isr_register.o)
 .debug_abbrev  0x0000000000002282      0x114 ../CountBinary3_bsp/\libhal_bsp.a(alt_io_redirect.o)
 .debug_abbrev  0x0000000000002396       0x12 ../CountBinary3_bsp/\libhal_bsp.a(alt_irq_entry.o)
 .debug_abbrev  0x00000000000023a8      0x122 ../CountBinary3_bsp/\libhal_bsp.a(alt_irq_handler.o)
 .debug_abbrev  0x00000000000024ca       0x40 ../CountBinary3_bsp/\libhal_bsp.a(alt_irq_vars.o)
 .debug_abbrev  0x000000000000250a      0x148 ../CountBinary3_bsp/\libhal_bsp.a(alt_open.o)
 .debug_abbrev  0x0000000000002652       0xde ../CountBinary3_bsp/\libhal_bsp.a(alt_release_fd.o)
 .debug_abbrev  0x0000000000002730      0x15a ../CountBinary3_bsp/\libhal_bsp.a(alt_tick.o)
 .debug_abbrev  0x000000000000288a       0x42 ../CountBinary3_bsp/\libhal_bsp.a(altera_nios2_gen2_irq.o)
 .debug_abbrev  0x00000000000028cc       0x12 ../CountBinary3_bsp/\libhal_bsp.a(alt_exception_entry.o)
 .debug_abbrev  0x00000000000028de       0xf0 ../CountBinary3_bsp/\libhal_bsp.a(alt_find_dev.o)
 .debug_abbrev  0x00000000000029ce       0xf0 ../CountBinary3_bsp/\libhal_bsp.a(alt_find_file.o)
 .debug_abbrev  0x0000000000002abe      0x10d ../CountBinary3_bsp/\libhal_bsp.a(alt_get_fd.o)
 .debug_abbrev  0x0000000000002bcb       0x8c ../CountBinary3_bsp/\libhal_bsp.a(alt_icache_flush.o)
 .debug_abbrev  0x0000000000002c57       0xd1 ../CountBinary3_bsp/\libhal_bsp.a(alt_instruction_exception_entry.o)
 .debug_abbrev  0x0000000000002d28       0xa9 c:/altera/14.1/nios2eds/bin/gnu/h-x86_64-mingw32/bin/../lib/gcc/nios2-elf/4.8.3/../../../../../H-x86_64-mingw32/nios2-elf/lib/mno-hw-mul\libsmallc.a(lib_a-exit.o)
 .debug_abbrev  0x0000000000002dd1       0x7f c:/altera/14.1/nios2eds/bin/gnu/h-x86_64-mingw32/bin/../lib/gcc/nios2-elf/4.8.3/../../../../../H-x86_64-mingw32/nios2-elf/lib/mno-hw-mul\libsmallc.a(lib_a-memcmp.o)
 .debug_abbrev  0x0000000000002e50      0x1e9 c:/altera/14.1/nios2eds/bin/gnu/h-x86_64-mingw32/bin/../lib/gcc/nios2-elf/4.8.3/../../../../../H-x86_64-mingw32/nios2-elf/lib/mno-hw-mul\libsmallc.a(lib_a-__call_atexit.o)
 .debug_abbrev  0x0000000000003039       0xa6 ../CountBinary3_bsp/\libhal_bsp.a(alt_exit.o)

.debug_line     0x0000000000000000     0x35c6
 *(.debug_line)
 .debug_line    0x0000000000000000       0x6c ../CountBinary3_bsp//obj/HAL/src/crt0.o
 .debug_line    0x000000000000006c      0x1ee obj/default/count_binary.o
 .debug_line    0x000000000000025a       0xce c:/altera/14.1/nios2eds/bin/gnu/h-x86_64-mingw32/bin/../lib/gcc/nios2-elf/4.8.3/mno-hw-mul\libgcc.a(lib2-divmod.o)
 .debug_line    0x0000000000000328      0x21d c:/altera/14.1/nios2eds/bin/gnu/h-x86_64-mingw32/bin/../lib/gcc/nios2-elf/4.8.3/../../../../../H-x86_64-mingw32/nios2-elf/lib/mno-hw-mul\libsmallc.a(lib_a-printf.o)
 .debug_line    0x0000000000000545      0x1f9 c:/altera/14.1/nios2eds/bin/gnu/h-x86_64-mingw32/bin/../lib/gcc/nios2-elf/4.8.3/../../../../../H-x86_64-mingw32/nios2-elf/lib/mno-hw-mul\libsmallc.a(lib_a-putchar.o)
 .debug_line    0x000000000000073e      0x20f c:/altera/14.1/nios2eds/bin/gnu/h-x86_64-mingw32/bin/../lib/gcc/nios2-elf/4.8.3/../../../../../H-x86_64-mingw32/nios2-elf/lib/mno-hw-mul\libsmallc.a(lib_a-puts.o)
 .debug_line    0x000000000000094d      0x177 c:/altera/14.1/nios2eds/bin/gnu/h-x86_64-mingw32/bin/../lib/gcc/nios2-elf/4.8.3/../../../../../H-x86_64-mingw32/nios2-elf/lib/mno-hw-mul\libsmallc.a(lib_a-strlen.o)
 .debug_line    0x0000000000000ac4      0x362 c:/altera/14.1/nios2eds/bin/gnu/h-x86_64-mingw32/bin/../lib/gcc/nios2-elf/4.8.3/../../../../../H-x86_64-mingw32/nios2-elf/lib/mno-hw-mul\libsmallc.a(lib_a-vfprintf.o)
 .debug_line    0x0000000000000e26      0x214 c:/altera/14.1/nios2eds/bin/gnu/h-x86_64-mingw32/bin/../lib/gcc/nios2-elf/4.8.3/../../../../../H-x86_64-mingw32/nios2-elf/lib/mno-hw-mul\libsmallc.a(lib_a-fvwrite_small_dev.o)
 .debug_line    0x000000000000103a      0x16a c:/altera/14.1/nios2eds/bin/gnu/h-x86_64-mingw32/bin/../lib/gcc/nios2-elf/4.8.3/../../../../../H-x86_64-mingw32/nios2-elf/lib/mno-hw-mul\libsmallc.a(lib_a-impure.o)
 .debug_line    0x00000000000011a4      0x20f c:/altera/14.1/nios2eds/bin/gnu/h-x86_64-mingw32/bin/../lib/gcc/nios2-elf/4.8.3/../../../../../H-x86_64-mingw32/nios2-elf/lib/mno-hw-mul\libsmallc.a(lib_a-putc.o)
 .debug_line    0x00000000000013b3      0x208 c:/altera/14.1/nios2eds/bin/gnu/h-x86_64-mingw32/bin/../lib/gcc/nios2-elf/4.8.3/../../../../../H-x86_64-mingw32/nios2-elf/lib/mno-hw-mul\libsmallc.a(lib_a-writer.o)
 .debug_line    0x00000000000015bb       0x60 c:/altera/14.1/nios2eds/bin/gnu/h-x86_64-mingw32/bin/../lib/gcc/nios2-elf/4.8.3/../../../../../H-x86_64-mingw32/nios2-elf/lib/mno-hw-mul\libsmallc.a(lib_a-int_errno.o)
 .debug_line    0x000000000000161b       0x81 c:/altera/14.1/nios2eds/bin/gnu/h-x86_64-mingw32/bin/../lib/gcc/nios2-elf/4.8.3/mno-hw-mul\libgcc.a(lib2-mul.o)
 .debug_line    0x000000000000169c       0x91 ../CountBinary3_bsp/\libhal_bsp.a(alt_load.o)
 .debug_line    0x000000000000172d       0x9e ../CountBinary3_bsp/\libhal_bsp.a(alt_main.o)
 .debug_line    0x00000000000017cb       0xa5 ../CountBinary3_bsp/\libhal_bsp.a(alt_usleep.o)
 .debug_line    0x0000000000001870      0x1ca ../CountBinary3_bsp/\libhal_bsp.a(alt_write.o)
 .debug_line    0x0000000000001a3a      0x142 ../CountBinary3_bsp/\libhal_bsp.a(alt_sys_init.o)
 .debug_line    0x0000000000001b7c      0x112 ../CountBinary3_bsp/\libhal_bsp.a(altera_avalon_jtag_uart_fd.o)
 .debug_line    0x0000000000001c8e      0x103 ../CountBinary3_bsp/\libhal_bsp.a(altera_avalon_jtag_uart_read.o)
 .debug_line    0x0000000000001d91       0xf8 ../CountBinary3_bsp/\libhal_bsp.a(altera_avalon_jtag_uart_write.o)
 .debug_line    0x0000000000001e89       0xfd ../CountBinary3_bsp/\libhal_bsp.a(altera_avalon_timer_sc.o)
 .debug_line    0x0000000000001f86       0xa0 ../CountBinary3_bsp/\libhal_bsp.a(alt_busy_sleep.o)
 .debug_line    0x0000000000002026      0x15d ../CountBinary3_bsp/\libhal_bsp.a(alt_close.o)
 .debug_line    0x0000000000002183       0x51 ../CountBinary3_bsp/\libhal_bsp.a(alt_dcache_flush_all.o)
 .debug_line    0x00000000000021d4       0xf0 ../CountBinary3_bsp/\libhal_bsp.a(alt_dev.o)
 .debug_line    0x00000000000022c4       0xd0 ../CountBinary3_bsp/\libhal_bsp.a(alt_dev_llist_insert.o)
 .debug_line    0x0000000000002394       0x51 ../CountBinary3_bsp/\libhal_bsp.a(alt_errno.o)
 .debug_line    0x00000000000023e5       0x50 ../CountBinary3_bsp/\libhal_bsp.a(alt_icache_flush_all.o)
 .debug_line    0x0000000000002435       0xed ../CountBinary3_bsp/\libhal_bsp.a(alt_iic.o)
 .debug_line    0x0000000000002522       0xdb ../CountBinary3_bsp/\libhal_bsp.a(alt_iic_isr_register.o)
 .debug_line    0x00000000000025fd      0x12d ../CountBinary3_bsp/\libhal_bsp.a(alt_io_redirect.o)
 .debug_line    0x000000000000272a       0x6b ../CountBinary3_bsp/\libhal_bsp.a(alt_irq_entry.o)
 .debug_line    0x0000000000002795       0xae ../CountBinary3_bsp/\libhal_bsp.a(alt_irq_handler.o)
 .debug_line    0x0000000000002843       0x50 ../CountBinary3_bsp/\libhal_bsp.a(alt_irq_vars.o)
 .debug_line    0x0000000000002893      0x128 ../CountBinary3_bsp/\libhal_bsp.a(alt_open.o)
 .debug_line    0x00000000000029bb       0xb0 ../CountBinary3_bsp/\libhal_bsp.a(alt_release_fd.o)
 .debug_line    0x0000000000002a6b      0x102 ../CountBinary3_bsp/\libhal_bsp.a(alt_tick.o)
 .debug_line    0x0000000000002b6d       0x51 ../CountBinary3_bsp/\libhal_bsp.a(altera_nios2_gen2_irq.o)
 .debug_line    0x0000000000002bbe       0xb3 ../CountBinary3_bsp/\libhal_bsp.a(alt_exception_entry.o)
 .debug_line    0x0000000000002c71       0xb9 ../CountBinary3_bsp/\libhal_bsp.a(alt_find_dev.o)
 .debug_line    0x0000000000002d2a       0xd5 ../CountBinary3_bsp/\libhal_bsp.a(alt_find_file.o)
 .debug_line    0x0000000000002dff       0xd4 ../CountBinary3_bsp/\libhal_bsp.a(alt_get_fd.o)
 .debug_line    0x0000000000002ed3       0x81 ../CountBinary3_bsp/\libhal_bsp.a(alt_icache_flush.o)
 .debug_line    0x0000000000002f54       0xba ../CountBinary3_bsp/\libhal_bsp.a(alt_instruction_exception_entry.o)
 .debug_line    0x000000000000300e      0x16c c:/altera/14.1/nios2eds/bin/gnu/h-x86_64-mingw32/bin/../lib/gcc/nios2-elf/4.8.3/../../../../../H-x86_64-mingw32/nios2-elf/lib/mno-hw-mul\libsmallc.a(lib_a-exit.o)
 .debug_line    0x000000000000317a      0x178 c:/altera/14.1/nios2eds/bin/gnu/h-x86_64-mingw32/bin/../lib/gcc/nios2-elf/4.8.3/../../../../../H-x86_64-mingw32/nios2-elf/lib/mno-hw-mul\libsmallc.a(lib_a-memcmp.o)
 .debug_line    0x00000000000032f2      0x263 c:/altera/14.1/nios2eds/bin/gnu/h-x86_64-mingw32/bin/../lib/gcc/nios2-elf/4.8.3/../../../../../H-x86_64-mingw32/nios2-elf/lib/mno-hw-mul\libsmallc.a(lib_a-__call_atexit.o)
 .debug_line    0x0000000000003555       0x71 ../CountBinary3_bsp/\libhal_bsp.a(alt_exit.o)

.debug_frame    0x0000000000000000      0xd40
 *(.debug_frame)
 .debug_frame   0x0000000000000000      0x134 obj/default/count_binary.o
 .debug_frame   0x0000000000000134       0x80 c:/altera/14.1/nios2eds/bin/gnu/h-x86_64-mingw32/bin/../lib/gcc/nios2-elf/4.8.3/mno-hw-mul\libgcc.a(lib2-divmod.o)
 .debug_frame   0x00000000000001b4       0x48 c:/altera/14.1/nios2eds/bin/gnu/h-x86_64-mingw32/bin/../lib/gcc/nios2-elf/4.8.3/../../../../../H-x86_64-mingw32/nios2-elf/lib/mno-hw-mul\libsmallc.a(lib_a-printf.o)
 .debug_frame   0x00000000000001fc       0x30 c:/altera/14.1/nios2eds/bin/gnu/h-x86_64-mingw32/bin/../lib/gcc/nios2-elf/4.8.3/../../../../../H-x86_64-mingw32/nios2-elf/lib/mno-hw-mul\libsmallc.a(lib_a-putchar.o)
 .debug_frame   0x000000000000022c       0x48 c:/altera/14.1/nios2eds/bin/gnu/h-x86_64-mingw32/bin/../lib/gcc/nios2-elf/4.8.3/../../../../../H-x86_64-mingw32/nios2-elf/lib/mno-hw-mul\libsmallc.a(lib_a-puts.o)
 .debug_frame   0x0000000000000274       0x20 c:/altera/14.1/nios2eds/bin/gnu/h-x86_64-mingw32/bin/../lib/gcc/nios2-elf/4.8.3/../../../../../H-x86_64-mingw32/nios2-elf/lib/mno-hw-mul\libsmallc.a(lib_a-strlen.o)
 .debug_frame   0x0000000000000294       0x8c c:/altera/14.1/nios2eds/bin/gnu/h-x86_64-mingw32/bin/../lib/gcc/nios2-elf/4.8.3/../../../../../H-x86_64-mingw32/nios2-elf/lib/mno-hw-mul\libsmallc.a(lib_a-vfprintf.o)
 .debug_frame   0x0000000000000320       0x40 c:/altera/14.1/nios2eds/bin/gnu/h-x86_64-mingw32/bin/../lib/gcc/nios2-elf/4.8.3/../../../../../H-x86_64-mingw32/nios2-elf/lib/mno-hw-mul\libsmallc.a(lib_a-fvwrite_small_dev.o)
 .debug_frame   0x0000000000000360       0x50 c:/altera/14.1/nios2eds/bin/gnu/h-x86_64-mingw32/bin/../lib/gcc/nios2-elf/4.8.3/../../../../../H-x86_64-mingw32/nios2-elf/lib/mno-hw-mul\libsmallc.a(lib_a-putc.o)
 .debug_frame   0x00000000000003b0       0x34 c:/altera/14.1/nios2eds/bin/gnu/h-x86_64-mingw32/bin/../lib/gcc/nios2-elf/4.8.3/../../../../../H-x86_64-mingw32/nios2-elf/lib/mno-hw-mul\libsmallc.a(lib_a-writer.o)
 .debug_frame   0x00000000000003e4       0x20 c:/altera/14.1/nios2eds/bin/gnu/h-x86_64-mingw32/bin/../lib/gcc/nios2-elf/4.8.3/mno-hw-mul\libgcc.a(lib2-mul.o)
 .debug_frame   0x0000000000000404       0x5c ../CountBinary3_bsp/\libhal_bsp.a(alt_load.o)
 .debug_frame   0x0000000000000460       0x2c ../CountBinary3_bsp/\libhal_bsp.a(alt_main.o)
 .debug_frame   0x000000000000048c       0x38 ../CountBinary3_bsp/\libhal_bsp.a(alt_usleep.o)
 .debug_frame   0x00000000000004c4       0x60 ../CountBinary3_bsp/\libhal_bsp.a(alt_write.o)
 .debug_frame   0x0000000000000524       0x88 ../CountBinary3_bsp/\libhal_bsp.a(alt_sys_init.o)
 .debug_frame   0x00000000000005ac       0x60 ../CountBinary3_bsp/\libhal_bsp.a(altera_avalon_jtag_uart_fd.o)
 .debug_frame   0x000000000000060c       0x34 ../CountBinary3_bsp/\libhal_bsp.a(altera_avalon_jtag_uart_read.o)
 .debug_frame   0x0000000000000640       0x34 ../CountBinary3_bsp/\libhal_bsp.a(altera_avalon_jtag_uart_write.o)
 .debug_frame   0x0000000000000674       0x60 ../CountBinary3_bsp/\libhal_bsp.a(altera_avalon_timer_sc.o)
 .debug_frame   0x00000000000006d4       0x38 ../CountBinary3_bsp/\libhal_bsp.a(alt_busy_sleep.o)
 .debug_frame   0x000000000000070c       0x60 ../CountBinary3_bsp/\libhal_bsp.a(alt_close.o)
 .debug_frame   0x000000000000076c       0x34 ../CountBinary3_bsp/\libhal_bsp.a(alt_dcache_flush_all.o)
 .debug_frame   0x00000000000007a0       0x34 ../CountBinary3_bsp/\libhal_bsp.a(alt_dev.o)
 .debug_frame   0x00000000000007d4       0x60 ../CountBinary3_bsp/\libhal_bsp.a(alt_dev_llist_insert.o)
 .debug_frame   0x0000000000000834       0x38 ../CountBinary3_bsp/\libhal_bsp.a(alt_icache_flush_all.o)
 .debug_frame   0x000000000000086c       0xa4 ../CountBinary3_bsp/\libhal_bsp.a(alt_iic.o)
 .debug_frame   0x0000000000000910       0x38 ../CountBinary3_bsp/\libhal_bsp.a(alt_iic_isr_register.o)
 .debug_frame   0x0000000000000948       0x64 ../CountBinary3_bsp/\libhal_bsp.a(alt_io_redirect.o)
 .debug_frame   0x00000000000009ac       0x38 ../CountBinary3_bsp/\libhal_bsp.a(alt_irq_handler.o)
 .debug_frame   0x00000000000009e4       0x8c ../CountBinary3_bsp/\libhal_bsp.a(alt_open.o)
 .debug_frame   0x0000000000000a70       0x3c ../CountBinary3_bsp/\libhal_bsp.a(alt_release_fd.o)
 .debug_frame   0x0000000000000aac       0x5c ../CountBinary3_bsp/\libhal_bsp.a(alt_tick.o)
 .debug_frame   0x0000000000000b08       0x34 ../CountBinary3_bsp/\libhal_bsp.a(altera_nios2_gen2_irq.o)
 .debug_frame   0x0000000000000b3c       0x38 ../CountBinary3_bsp/\libhal_bsp.a(alt_find_dev.o)
 .debug_frame   0x0000000000000b74       0x38 ../CountBinary3_bsp/\libhal_bsp.a(alt_find_file.o)
 .debug_frame   0x0000000000000bac       0x3c ../CountBinary3_bsp/\libhal_bsp.a(alt_get_fd.o)
 .debug_frame   0x0000000000000be8       0x34 ../CountBinary3_bsp/\libhal_bsp.a(alt_icache_flush.o)
 .debug_frame   0x0000000000000c1c       0x5c ../CountBinary3_bsp/\libhal_bsp.a(alt_instruction_exception_entry.o)
 .debug_frame   0x0000000000000c78       0x28 c:/altera/14.1/nios2eds/bin/gnu/h-x86_64-mingw32/bin/../lib/gcc/nios2-elf/4.8.3/../../../../../H-x86_64-mingw32/nios2-elf/lib/mno-hw-mul\libsmallc.a(lib_a-exit.o)
 .debug_frame   0x0000000000000ca0       0x20 c:/altera/14.1/nios2eds/bin/gnu/h-x86_64-mingw32/bin/../lib/gcc/nios2-elf/4.8.3/../../../../../H-x86_64-mingw32/nios2-elf/lib/mno-hw-mul\libsmallc.a(lib_a-memcmp.o)
 .debug_frame   0x0000000000000cc0       0x54 c:/altera/14.1/nios2eds/bin/gnu/h-x86_64-mingw32/bin/../lib/gcc/nios2-elf/4.8.3/../../../../../H-x86_64-mingw32/nios2-elf/lib/mno-hw-mul\libsmallc.a(lib_a-__call_atexit.o)
 .debug_frame   0x0000000000000d14       0x2c ../CountBinary3_bsp/\libhal_bsp.a(alt_exit.o)

.debug_str      0x0000000000000000     0x1fa7
 *(.debug_str)
 .debug_str     0x0000000000000000      0x4f9 obj/default/count_binary.o
                                        0x598 (size before relaxing)
 .debug_str     0x00000000000004f9      0x199 c:/altera/14.1/nios2eds/bin/gnu/h-x86_64-mingw32/bin/../lib/gcc/nios2-elf/4.8.3/mno-hw-mul\libgcc.a(lib2-divmod.o)
                                        0x1e4 (size before relaxing)
 .debug_str     0x0000000000000692      0x1cf c:/altera/14.1/nios2eds/bin/gnu/h-x86_64-mingw32/bin/../lib/gcc/nios2-elf/4.8.3/../../../../../H-x86_64-mingw32/nios2-elf/lib/mno-hw-mul\libsmallc.a(lib_a-printf.o)
                                        0x4ec (size before relaxing)
 .debug_str     0x0000000000000861       0x59 c:/altera/14.1/nios2eds/bin/gnu/h-x86_64-mingw32/bin/../lib/gcc/nios2-elf/4.8.3/../../../../../H-x86_64-mingw32/nios2-elf/lib/mno-hw-mul\libsmallc.a(lib_a-putchar.o)
                                        0x4a3 (size before relaxing)
 .debug_str     0x00000000000008ba       0x4f c:/altera/14.1/nios2eds/bin/gnu/h-x86_64-mingw32/bin/../lib/gcc/nios2-elf/4.8.3/../../../../../H-x86_64-mingw32/nios2-elf/lib/mno-hw-mul\libsmallc.a(lib_a-puts.o)
                                        0x49b (size before relaxing)
 .debug_str     0x0000000000000909       0xdc c:/altera/14.1/nios2eds/bin/gnu/h-x86_64-mingw32/bin/../lib/gcc/nios2-elf/4.8.3/../../../../../H-x86_64-mingw32/nios2-elf/lib/mno-hw-mul\libsmallc.a(lib_a-strlen.o)
                                        0x1c8 (size before relaxing)
 .debug_str     0x00000000000009e5      0x1ea c:/altera/14.1/nios2eds/bin/gnu/h-x86_64-mingw32/bin/../lib/gcc/nios2-elf/4.8.3/../../../../../H-x86_64-mingw32/nios2-elf/lib/mno-hw-mul\libsmallc.a(lib_a-vfprintf.o)
                                        0x67a (size before relaxing)
 .debug_str     0x0000000000000bcf       0x82 c:/altera/14.1/nios2eds/bin/gnu/h-x86_64-mingw32/bin/../lib/gcc/nios2-elf/4.8.3/../../../../../H-x86_64-mingw32/nios2-elf/lib/mno-hw-mul\libsmallc.a(lib_a-fvwrite_small_dev.o)
                                        0x4c7 (size before relaxing)
 .debug_str     0x0000000000000c51       0xf9 c:/altera/14.1/nios2eds/bin/gnu/h-x86_64-mingw32/bin/../lib/gcc/nios2-elf/4.8.3/../../../../../H-x86_64-mingw32/nios2-elf/lib/mno-hw-mul\libsmallc.a(lib_a-impure.o)
                                        0x4a1 (size before relaxing)
 .debug_str     0x0000000000000d4a       0x47 c:/altera/14.1/nios2eds/bin/gnu/h-x86_64-mingw32/bin/../lib/gcc/nios2-elf/4.8.3/../../../../../H-x86_64-mingw32/nios2-elf/lib/mno-hw-mul\libsmallc.a(lib_a-putc.o)
                                        0x4ae (size before relaxing)
 .debug_str     0x0000000000000d91       0x3d c:/altera/14.1/nios2eds/bin/gnu/h-x86_64-mingw32/bin/../lib/gcc/nios2-elf/4.8.3/../../../../../H-x86_64-mingw32/nios2-elf/lib/mno-hw-mul\libsmallc.a(lib_a-writer.o)
                                        0x49b (size before relaxing)
 .debug_str     0x0000000000000dce       0x40 c:/altera/14.1/nios2eds/bin/gnu/h-x86_64-mingw32/bin/../lib/gcc/nios2-elf/4.8.3/../../../../../H-x86_64-mingw32/nios2-elf/lib/mno-hw-mul\libsmallc.a(lib_a-int_errno.o)
                                        0x1bb (size before relaxing)
 .debug_str     0x0000000000000e0e       0x40 c:/altera/14.1/nios2eds/bin/gnu/h-x86_64-mingw32/bin/../lib/gcc/nios2-elf/4.8.3/mno-hw-mul\libgcc.a(lib2-mul.o)
                                        0x1a5 (size before relaxing)
 .debug_str     0x0000000000000e4e      0x162 ../CountBinary3_bsp/\libhal_bsp.a(alt_load.o)
                                        0x242 (size before relaxing)
 .debug_str     0x0000000000000fb0       0x70 ../CountBinary3_bsp/\libhal_bsp.a(alt_main.o)
                                        0x1cd (size before relaxing)
 .debug_str     0x0000000000001020       0x27 ../CountBinary3_bsp/\libhal_bsp.a(alt_usleep.o)
                                        0x178 (size before relaxing)
 .debug_str     0x0000000000001047      0x159 ../CountBinary3_bsp/\libhal_bsp.a(alt_write.o)
                                        0x328 (size before relaxing)
 .debug_str     0x00000000000011a0      0x136 ../CountBinary3_bsp/\libhal_bsp.a(alt_sys_init.o)
                                        0x33a (size before relaxing)
 .debug_str     0x00000000000012d6       0x77 ../CountBinary3_bsp/\libhal_bsp.a(altera_avalon_jtag_uart_fd.o)
                                        0x305 (size before relaxing)
 .debug_str     0x000000000000134d       0x48 ../CountBinary3_bsp/\libhal_bsp.a(altera_avalon_jtag_uart_read.o)
                                        0x24f (size before relaxing)
 .debug_str     0x0000000000001395       0x4a ../CountBinary3_bsp/\libhal_bsp.a(altera_avalon_jtag_uart_write.o)
                                        0x245 (size before relaxing)
 .debug_str     0x00000000000013df       0xb6 ../CountBinary3_bsp/\libhal_bsp.a(altera_avalon_timer_sc.o)
                                        0x27b (size before relaxing)
 .debug_str     0x0000000000001495       0x42 ../CountBinary3_bsp/\libhal_bsp.a(alt_busy_sleep.o)
                                        0x19b (size before relaxing)
 .debug_str     0x00000000000014d7       0x1b ../CountBinary3_bsp/\libhal_bsp.a(alt_close.o)
                                        0x23b (size before relaxing)
 .debug_str     0x00000000000014f2       0x34 ../CountBinary3_bsp/\libhal_bsp.a(alt_dcache_flush_all.o)
                                        0x185 (size before relaxing)
 .debug_str     0x0000000000001526       0x50 ../CountBinary3_bsp/\libhal_bsp.a(alt_dev.o)
                                        0x335 (size before relaxing)
 .debug_str     0x0000000000001576       0x45 ../CountBinary3_bsp/\libhal_bsp.a(alt_dev_llist_insert.o)
                                        0x1fc (size before relaxing)
 .debug_str     0x00000000000015bb       0x14 ../CountBinary3_bsp/\libhal_bsp.a(alt_errno.o)
                                        0x175 (size before relaxing)
 .debug_str     0x00000000000015cf       0x34 ../CountBinary3_bsp/\libhal_bsp.a(alt_icache_flush_all.o)
                                        0x185 (size before relaxing)
 .debug_str     0x0000000000001603       0xc4 ../CountBinary3_bsp/\libhal_bsp.a(alt_iic.o)
                                        0x26e (size before relaxing)
 .debug_str     0x00000000000016c7       0x4c ../CountBinary3_bsp/\libhal_bsp.a(alt_iic_isr_register.o)
                                        0x218 (size before relaxing)
 .debug_str     0x0000000000001713       0x56 ../CountBinary3_bsp/\libhal_bsp.a(alt_io_redirect.o)
                                        0x346 (size before relaxing)
 .debug_str     0x0000000000001769       0x3a ../CountBinary3_bsp/\libhal_bsp.a(alt_irq_handler.o)
                                        0x1c7 (size before relaxing)
 .debug_str     0x00000000000017a3       0x17 ../CountBinary3_bsp/\libhal_bsp.a(alt_irq_vars.o)
                                        0x176 (size before relaxing)
 .debug_str     0x00000000000017ba       0x2f ../CountBinary3_bsp/\libhal_bsp.a(alt_open.o)
                                        0x27b (size before relaxing)
 .debug_str     0x00000000000017e9       0x28 ../CountBinary3_bsp/\libhal_bsp.a(alt_release_fd.o)
                                        0x20f (size before relaxing)
 .debug_str     0x0000000000001811       0x78 ../CountBinary3_bsp/\libhal_bsp.a(alt_tick.o)
                                        0x282 (size before relaxing)
 .debug_str     0x0000000000001889       0x3b ../CountBinary3_bsp/\libhal_bsp.a(altera_nios2_gen2_irq.o)
                                        0x18c (size before relaxing)
 .debug_str     0x00000000000018c4       0x24 ../CountBinary3_bsp/\libhal_bsp.a(alt_find_dev.o)
                                        0x21c (size before relaxing)
 .debug_str     0x00000000000018e8       0x26 ../CountBinary3_bsp/\libhal_bsp.a(alt_find_file.o)
                                        0x22a (size before relaxing)
 .debug_str     0x000000000000190e       0x30 ../CountBinary3_bsp/\libhal_bsp.a(alt_get_fd.o)
                                        0x24c (size before relaxing)
 .debug_str     0x000000000000193e       0x2c ../CountBinary3_bsp/\libhal_bsp.a(alt_icache_flush.o)
                                        0x18b (size before relaxing)
 .debug_str     0x000000000000196a      0x48b ../CountBinary3_bsp/\libhal_bsp.a(alt_instruction_exception_entry.o)
                                        0x5cf (size before relaxing)
 .debug_str     0x0000000000001df5       0xeb c:/altera/14.1/nios2eds/bin/gnu/h-x86_64-mingw32/bin/../lib/gcc/nios2-elf/4.8.3/../../../../../H-x86_64-mingw32/nios2-elf/lib/mno-hw-mul\libsmallc.a(lib_a-exit.o)
                                        0x1d3 (size before relaxing)
 .debug_str     0x0000000000001ee0       0x45 c:/altera/14.1/nios2eds/bin/gnu/h-x86_64-mingw32/bin/../lib/gcc/nios2-elf/4.8.3/../../../../../H-x86_64-mingw32/nios2-elf/lib/mno-hw-mul\libsmallc.a(lib_a-memcmp.o)
                                        0x1c2 (size before relaxing)
 .debug_str     0x0000000000001f25       0x58 c:/altera/14.1/nios2eds/bin/gnu/h-x86_64-mingw32/bin/../lib/gcc/nios2-elf/4.8.3/../../../../../H-x86_64-mingw32/nios2-elf/lib/mno-hw-mul\libsmallc.a(lib_a-__call_atexit.o)
                                        0x4c0 (size before relaxing)
 .debug_str     0x0000000000001f7d       0x2a ../CountBinary3_bsp/\libhal_bsp.a(alt_exit.o)
                                        0x181 (size before relaxing)

.debug_loc      0x0000000000000000     0x132b
 *(.debug_loc)
 .debug_loc     0x0000000000000000      0x2d7 c:/altera/14.1/nios2eds/bin/gnu/h-x86_64-mingw32/bin/../lib/gcc/nios2-elf/4.8.3/mno-hw-mul\libgcc.a(lib2-divmod.o)
 .debug_loc     0x00000000000002d7       0xe5 c:/altera/14.1/nios2eds/bin/gnu/h-x86_64-mingw32/bin/../lib/gcc/nios2-elf/4.8.3/../../../../../H-x86_64-mingw32/nios2-elf/lib/mno-hw-mul\libsmallc.a(lib_a-printf.o)
 .debug_loc     0x00000000000003bc       0x6e c:/altera/14.1/nios2eds/bin/gnu/h-x86_64-mingw32/bin/../lib/gcc/nios2-elf/4.8.3/../../../../../H-x86_64-mingw32/nios2-elf/lib/mno-hw-mul\libsmallc.a(lib_a-putchar.o)
 .debug_loc     0x000000000000042a       0x97 c:/altera/14.1/nios2eds/bin/gnu/h-x86_64-mingw32/bin/../lib/gcc/nios2-elf/4.8.3/../../../../../H-x86_64-mingw32/nios2-elf/lib/mno-hw-mul\libsmallc.a(lib_a-puts.o)
 .debug_loc     0x00000000000004c1       0x1e c:/altera/14.1/nios2eds/bin/gnu/h-x86_64-mingw32/bin/../lib/gcc/nios2-elf/4.8.3/../../../../../H-x86_64-mingw32/nios2-elf/lib/mno-hw-mul\libsmallc.a(lib_a-strlen.o)
 .debug_loc     0x00000000000004df      0x9e7 c:/altera/14.1/nios2eds/bin/gnu/h-x86_64-mingw32/bin/../lib/gcc/nios2-elf/4.8.3/../../../../../H-x86_64-mingw32/nios2-elf/lib/mno-hw-mul\libsmallc.a(lib_a-vfprintf.o)
 .debug_loc     0x0000000000000ec6       0xbd c:/altera/14.1/nios2eds/bin/gnu/h-x86_64-mingw32/bin/../lib/gcc/nios2-elf/4.8.3/../../../../../H-x86_64-mingw32/nios2-elf/lib/mno-hw-mul\libsmallc.a(lib_a-fvwrite_small_dev.o)
 .debug_loc     0x0000000000000f83       0xc6 c:/altera/14.1/nios2eds/bin/gnu/h-x86_64-mingw32/bin/../lib/gcc/nios2-elf/4.8.3/../../../../../H-x86_64-mingw32/nios2-elf/lib/mno-hw-mul\libsmallc.a(lib_a-putc.o)
 .debug_loc     0x0000000000001049       0xa5 c:/altera/14.1/nios2eds/bin/gnu/h-x86_64-mingw32/bin/../lib/gcc/nios2-elf/4.8.3/../../../../../H-x86_64-mingw32/nios2-elf/lib/mno-hw-mul\libsmallc.a(lib_a-writer.o)
 .debug_loc     0x00000000000010ee       0x93 c:/altera/14.1/nios2eds/bin/gnu/h-x86_64-mingw32/bin/../lib/gcc/nios2-elf/4.8.3/mno-hw-mul\libgcc.a(lib2-mul.o)
 .debug_loc     0x0000000000001181       0x1e c:/altera/14.1/nios2eds/bin/gnu/h-x86_64-mingw32/bin/../lib/gcc/nios2-elf/4.8.3/../../../../../H-x86_64-mingw32/nios2-elf/lib/mno-hw-mul\libsmallc.a(lib_a-exit.o)
 .debug_loc     0x000000000000119f       0x65 c:/altera/14.1/nios2eds/bin/gnu/h-x86_64-mingw32/bin/../lib/gcc/nios2-elf/4.8.3/../../../../../H-x86_64-mingw32/nios2-elf/lib/mno-hw-mul\libsmallc.a(lib_a-memcmp.o)
 .debug_loc     0x0000000000001204      0x127 c:/altera/14.1/nios2eds/bin/gnu/h-x86_64-mingw32/bin/../lib/gcc/nios2-elf/4.8.3/../../../../../H-x86_64-mingw32/nios2-elf/lib/mno-hw-mul\libsmallc.a(lib_a-__call_atexit.o)

.debug_macinfo
 *(.debug_macinfo)

.debug_weaknames
 *(.debug_weaknames)

.debug_funcnames
 *(.debug_funcnames)

.debug_typenames
 *(.debug_typenames)

.debug_varnames
 *(.debug_varnames)

.debug_alt_sim_info
                0x0000000000000000       0x50
 *(.debug_alt_sim_info)
 .debug_alt_sim_info
                0x0000000000000000       0x20 ../CountBinary3_bsp//obj/HAL/src/crt0.o
 .debug_alt_sim_info
                0x0000000000000020       0x30 ../CountBinary3_bsp/\libhal_bsp.a(alt_busy_sleep.o)
                0x000000000000d000                __alt_data_end = 0xd000
                0x000000000000d000                PROVIDE (__alt_stack_pointer, __alt_data_end)
                0x000000000000b16c                PROVIDE (__alt_stack_limit, __alt_stack_base)
                0x000000000000b16c                PROVIDE (__alt_heap_start, end)
                0x000000000000d000                PROVIDE (__alt_heap_limit, 0xd000)
OUTPUT(CountBinary3.elf elf32-littlenios2)

.debug_ranges   0x0000000000000000      0x168
 .debug_ranges  0x0000000000000000       0x20 ../CountBinary3_bsp//obj/HAL/src/crt0.o
 .debug_ranges  0x0000000000000020       0xb0 c:/altera/14.1/nios2eds/bin/gnu/h-x86_64-mingw32/bin/../lib/gcc/nios2-elf/4.8.3/../../../../../H-x86_64-mingw32/nios2-elf/lib/mno-hw-mul\libsmallc.a(lib_a-vfprintf.o)
 .debug_ranges  0x00000000000000d0       0x18 c:/altera/14.1/nios2eds/bin/gnu/h-x86_64-mingw32/bin/../lib/gcc/nios2-elf/4.8.3/../../../../../H-x86_64-mingw32/nios2-elf/lib/mno-hw-mul\libsmallc.a(lib_a-fvwrite_small_dev.o)
 .debug_ranges  0x00000000000000e8       0x28 ../CountBinary3_bsp/\libhal_bsp.a(alt_irq_entry.o)
 .debug_ranges  0x0000000000000110       0x10 ../CountBinary3_bsp/\libhal_bsp.a(alt_irq_handler.o)
 .debug_ranges  0x0000000000000120       0x30 ../CountBinary3_bsp/\libhal_bsp.a(alt_exception_entry.o)
 .debug_ranges  0x0000000000000150       0x18 ../CountBinary3_bsp/\libhal_bsp.a(alt_instruction_exception_entry.o)
